Archive member included to satisfy reference by file (symbol)

../../../ucdev/build/staticlib/rtt/debug/arm_m4f/librtt.a(SEGGER_RTT.c.o)
                              debug/nrf52832/build/SEGGER_RTT_Syscalls_GCC.c.o (SEGGER_RTT_Write)
../../../ucdev/build/staticlib/nrfx/debug/libnrf52832.a(nrfx_qdec.c.o)
                              debug/nrf52832/build/main.c.o (nrfx_qdec_init)
../../../ucdev/build/staticlib/nrfx/debug/libnrf52832.a(gcc_startup_nrf52.S.o)
                              (Reset_Handler)
../../../ucdev/build/staticlib/nrfx/debug/libnrf52832.a(system_nrf52.c.o)
                              ../../../ucdev/build/staticlib/nrfx/debug/libnrf52832.a(gcc_startup_nrf52.S.o) (SystemInit)
/usr/lib/gcc/arm-none-eabi/12.2.0/../../../../arm-none-eabi/lib/thumb/v7e-m+fp/hard/libc_nano.a(lib_a-assert.o)
                              debug/nrf52832/build/main.c.o (__assert_func)
/usr/lib/gcc/arm-none-eabi/12.2.0/../../../../arm-none-eabi/lib/thumb/v7e-m+fp/hard/libc_nano.a(lib_a-atexit.o)
                              /usr/lib/gcc/arm-none-eabi/12.2.0/../../../../arm-none-eabi/lib/thumb/v7e-m+fp/hard/crt0.o (atexit)
/usr/lib/gcc/arm-none-eabi/12.2.0/../../../../arm-none-eabi/lib/thumb/v7e-m+fp/hard/libc_nano.a(lib_a-exit.o)
                              /usr/lib/gcc/arm-none-eabi/12.2.0/../../../../arm-none-eabi/lib/thumb/v7e-m+fp/hard/crt0.o (exit)
/usr/lib/gcc/arm-none-eabi/12.2.0/../../../../arm-none-eabi/lib/thumb/v7e-m+fp/hard/libc_nano.a(lib_a-fini.o)
                              /usr/lib/gcc/arm-none-eabi/12.2.0/../../../../arm-none-eabi/lib/thumb/v7e-m+fp/hard/crt0.o (__libc_fini_array)
/usr/lib/gcc/arm-none-eabi/12.2.0/../../../../arm-none-eabi/lib/thumb/v7e-m+fp/hard/libc_nano.a(lib_a-fprintf.o)
                              /usr/lib/gcc/arm-none-eabi/12.2.0/../../../../arm-none-eabi/lib/thumb/v7e-m+fp/hard/libc_nano.a(lib_a-assert.o) (fiprintf)
/usr/lib/gcc/arm-none-eabi/12.2.0/../../../../arm-none-eabi/lib/thumb/v7e-m+fp/hard/libc_nano.a(lib_a-impure.o)
                              /usr/lib/gcc/arm-none-eabi/12.2.0/../../../../arm-none-eabi/lib/thumb/v7e-m+fp/hard/libc_nano.a(lib_a-exit.o) (_global_impure_ptr)
/usr/lib/gcc/arm-none-eabi/12.2.0/../../../../arm-none-eabi/lib/thumb/v7e-m+fp/hard/libc_nano.a(lib_a-init.o)
                              /usr/lib/gcc/arm-none-eabi/12.2.0/../../../../arm-none-eabi/lib/thumb/v7e-m+fp/hard/crt0.o (__libc_init_array)
/usr/lib/gcc/arm-none-eabi/12.2.0/../../../../arm-none-eabi/lib/thumb/v7e-m+fp/hard/libc_nano.a(lib_a-memcpy-stub.o)
                              ../../../ucdev/build/staticlib/rtt/debug/arm_m4f/librtt.a(SEGGER_RTT.c.o) (memcpy)
/usr/lib/gcc/arm-none-eabi/12.2.0/../../../../arm-none-eabi/lib/thumb/v7e-m+fp/hard/libc_nano.a(lib_a-memset.o)
                              /usr/lib/gcc/arm-none-eabi/12.2.0/../../../../arm-none-eabi/lib/thumb/v7e-m+fp/hard/crt0.o (memset)
/usr/lib/gcc/arm-none-eabi/12.2.0/../../../../arm-none-eabi/lib/thumb/v7e-m+fp/hard/libc_nano.a(lib_a-nano-vfprintf.o)
                              /usr/lib/gcc/arm-none-eabi/12.2.0/../../../../arm-none-eabi/lib/thumb/v7e-m+fp/hard/libc_nano.a(lib_a-fprintf.o) (_vfprintf_r)
/usr/lib/gcc/arm-none-eabi/12.2.0/../../../../arm-none-eabi/lib/thumb/v7e-m+fp/hard/libc_nano.a(lib_a-printf.o)
                              debug/nrf52832/build/main.c.o (printf)
/usr/lib/gcc/arm-none-eabi/12.2.0/../../../../arm-none-eabi/lib/thumb/v7e-m+fp/hard/libc_nano.a(lib_a-puts.o)
                              debug/nrf52832/build/main.c.o (puts)
/usr/lib/gcc/arm-none-eabi/12.2.0/../../../../arm-none-eabi/lib/thumb/v7e-m+fp/hard/libc_nano.a(lib_a-strlen.o)
                              ../../../ucdev/build/staticlib/rtt/debug/arm_m4f/librtt.a(SEGGER_RTT.c.o) (strlen)
/usr/lib/gcc/arm-none-eabi/12.2.0/../../../../arm-none-eabi/lib/thumb/v7e-m+fp/hard/libc_nano.a(lib_a-wbuf.o)
                              /usr/lib/gcc/arm-none-eabi/12.2.0/../../../../arm-none-eabi/lib/thumb/v7e-m+fp/hard/libc_nano.a(lib_a-nano-vfprintf.o) (__swbuf_r)
/usr/lib/gcc/arm-none-eabi/12.2.0/../../../../arm-none-eabi/lib/thumb/v7e-m+fp/hard/libc_nano.a(lib_a-wsetup.o)
                              /usr/lib/gcc/arm-none-eabi/12.2.0/../../../../arm-none-eabi/lib/thumb/v7e-m+fp/hard/libc_nano.a(lib_a-nano-vfprintf.o) (__swsetup_r)
/usr/lib/gcc/arm-none-eabi/12.2.0/../../../../arm-none-eabi/lib/thumb/v7e-m+fp/hard/libc_nano.a(lib_a-abort.o)
                              /usr/lib/gcc/arm-none-eabi/12.2.0/../../../../arm-none-eabi/lib/thumb/v7e-m+fp/hard/libc_nano.a(lib_a-assert.o) (abort)
/usr/lib/gcc/arm-none-eabi/12.2.0/../../../../arm-none-eabi/lib/thumb/v7e-m+fp/hard/libc_nano.a(lib_a-__atexit.o)
                              /usr/lib/gcc/arm-none-eabi/12.2.0/../../../../arm-none-eabi/lib/thumb/v7e-m+fp/hard/libc_nano.a(lib_a-atexit.o) (__register_exitproc)
/usr/lib/gcc/arm-none-eabi/12.2.0/../../../../arm-none-eabi/lib/thumb/v7e-m+fp/hard/libc_nano.a(lib_a-__call_atexit.o)
[...]
Memory Configuration

Name             Origin             Length             Attributes
FLASH            0x0000000000000000 0x0000000000080000 xr
RAM              0x0000000020000000 0x0000000000010000 xrw
CODE_RAM         0x0000000000800000 0x0000000000010000 xrw
*default*        0x0000000000000000 0xffffffffffffffff

Linker script and memory map

LOAD /usr/lib/gcc/arm-none-eabi/12.2.0/thumb/v7e-m+fp/hard/crti.o
LOAD /usr/lib/gcc/arm-none-eabi/12.2.0/thumb/v7e-m+fp/hard/crtbegin.o
LOAD /usr/lib/gcc/arm-none-eabi/12.2.0/../../../../arm-none-eabi/lib/thumb/v7e-m+fp/hard/crt0.o
LOAD debug/nrf52832/build/main.c.o
LOAD debug/nrf52832/build/SEGGER_RTT_Syscalls_GCC.c.o
LOAD ../../../ucdev/build/staticlib/rtt/debug/arm_m4f/librtt.a
LOAD ../../../ucdev/build/staticlib/nrfx/debug/libnrf52832.a
LOAD /usr/lib/gcc/arm-none-eabi/12.2.0/../../../../arm-none-eabi/lib/thumb/v7e-m+fp/hard/libc_nano.a
LOAD /usr/lib/gcc/arm-none-eabi/12.2.0/../../../../arm-none-eabi/lib/thumb/v7e-m+fp/hard/libm.a
LOAD /usr/lib/gcc/arm-none-eabi/12.2.0/../../../../arm-none-eabi/lib/thumb/v7e-m+fp/hard/libnosys.a
START GROUP
LOAD /usr/lib/gcc/arm-none-eabi/12.2.0/thumb/v7e-m+fp/hard/libgcc.a
LOAD /usr/lib/gcc/arm-none-eabi/12.2.0/../../../../arm-none-eabi/lib/thumb/v7e-m+fp/hard/libc_nano.a
END GROUP
START GROUP
LOAD /usr/lib/gcc/arm-none-eabi/12.2.0/thumb/v7e-m+fp/hard/libgcc.a
LOAD /usr/lib/gcc/arm-none-eabi/12.2.0/../../../../arm-none-eabi/lib/thumb/v7e-m+fp/hard/libc_nano.a
LOAD /usr/lib/gcc/arm-none-eabi/12.2.0/../../../../arm-none-eabi/lib/thumb/v7e-m+fp/hard/libnosys.a
END GROUP
START GROUP
LOAD /usr/lib/gcc/arm-none-eabi/12.2.0/thumb/v7e-m+fp/hard/libgcc.a
LOAD /usr/lib/gcc/arm-none-eabi/12.2.0/../../../../arm-none-eabi/lib/thumb/v7e-m+fp/hard/libc_nano.a
LOAD /usr/lib/gcc/arm-none-eabi/12.2.0/../../../../arm-none-eabi/lib/thumb/v7e-m+fp/hard/libnosys.a
END GROUP
LOAD /usr/lib/gcc/arm-none-eabi/12.2.0/thumb/v7e-m+fp/hard/crtend.o
LOAD /usr/lib/gcc/arm-none-eabi/12.2.0/thumb/v7e-m+fp/hard/crtn.o
START GROUP
LOAD /usr/lib/gcc/arm-none-eabi/12.2.0/thumb/v7e-m+fp/hard/libgcc.a
LOAD /usr/lib/gcc/arm-none-eabi/12.2.0/../../../../arm-none-eabi/lib/thumb/v7e-m+fp/hard/libc.a
LOAD /usr/lib/gcc/arm-none-eabi/12.2.0/../../../../arm-none-eabi/lib/thumb/v7e-m+fp/hard/libnosys.a
END GROUP
                0x0000000000000000                . = ALIGN (ORIGIN (FLASH), 0x4)
                0x0000000000000000                __vectors_start = .

.vectors        0x0000000000000000      0x200
 *(.isr_vector)
 .isr_vector    0x0000000000000000      0x200 ../../../ucdev/build/staticlib/nrfx/debug/libnrf52832.a(gcc_startup_nrf52.S.o)
                0x0000000000000000                __isr_vector
 *(.vectors)
                0x0000000000000200                __vectors_size = SIZEOF (.vectors)
                0x0000000000000200                __vectors_end = (__vectors_start + __vectors_size)
                0x0000000000000001                ASSERT (((__vectors_start == __vectors_end) || ((__vectors_end - ORIGIN (FLASH)) <= LENGTH (FLASH))), error: .vectors is too large to fit in FLASH memory segment)
                0x0000000000000200                . = ALIGN (0x4)

.ctors          0x0000000000000200        0x0
                0x0000000000000200                __ctors_start = .
                0x0000000000000200                __CTOR_LIST__ = .
 *crtbegin*.o(.ctors)
 *(EXCLUDE_FILE(*crtend*.o) .ctors)
 *(SORT_BY_NAME(.ctors.*))
 *(.ctors)
                0x0000000000000200                __CTOR_END__ = .
                0x0000000000000000                __ctors_size = SIZEOF (.ctors)
                0x0000000000000200                __ctors_end = (__ctors_start + __ctors_size)
                0x0000000000000001                ASSERT (((__ctors_start == __ctors_end) || ((__ctors_end - ORIGIN (FLASH)) <= LENGTH (FLASH))), error: .ctors is too large to fit in FLASH memory segment)
                0x0000000000000200                . = ALIGN (0x4)

.dtors          0x0000000000000200        0x0
                0x0000000000000200                __dtors_start = .
                0x0000000000000200                __DTOR_LIST__ = .
 *crtbegin*.o(.dtors)
 *(EXCLUDE_FILE(*crtend*.o) .dtors)
 *(SORT_BY_NAME(.dtors.*))
 *(.dtors)
                0x0000000000000200                __DTOR_END__ = .
                0x0000000000000000                __dtors_size = SIZEOF (.dtors)
                0x0000000000000200                __dtors_end = (__dtors_start + __dtors_size)
                0x0000000000000001                ASSERT (((__dtors_start == __dtors_end) || ((__dtors_end - ORIGIN (FLASH)) <= LENGTH (FLASH))), error: .dtors is too large to fit in FLASH memory segment)
                0x0000000000000200                . = ALIGN (0x4)

.rodata         0x0000000000000200      0x2da
                0x0000000000000200                . = ALIGN (0x4)
                0x0000000000000200                __rodata_start = .
 *(.rodata*)
 .rodata        0x0000000000000200       0x79 debug/nrf52832/build/main.c.o
 *fill*         0x0000000000000279        0x3 
 .rodata.__func__.0
                0x000000000000027c       0x19 debug/nrf52832/build/main.c.o
 *fill*         0x0000000000000295        0x3 
 .rodata        0x0000000000000298        0x9 ../../../ucdev/build/staticlib/rtt/debug/arm_m4f/librtt.a(SEGGER_RTT.c.o)
 *fill*         0x00000000000002a1        0x3 
 .rodata._aInitStr.0
                0x00000000000002a4       0x11 ../../../ucdev/build/staticlib/rtt/debug/arm_m4f/librtt.a(SEGGER_RTT.c.o)
 *fill*         0x00000000000002b5        0x3 
 .rodata        0x00000000000002b8      0x109 ../../../ucdev/build/staticlib/nrfx/debug/libnrf52832.a(nrfx_qdec.c.o)
 *fill*         0x00000000000003c1        0x3 
 .rodata.__func__.5
                0x00000000000003c4        0xf ../../../ucdev/build/staticlib/nrfx/debug/libnrf52832.a(nrfx_qdec.c.o)
 *fill*         0x00000000000003d3        0x1 
 .rodata.__func__.4
                0x00000000000003d4       0x19 ../../../ucdev/build/staticlib/nrfx/debug/libnrf52832.a(nrfx_qdec.c.o)
 *fill*         0x00000000000003ed        0x3 
 .rodata.__func__.2
                0x00000000000003f0       0x11 ../../../ucdev/build/staticlib/nrfx/debug/libnrf52832.a(nrfx_qdec.c.o)
 .rodata.__assert_func.str1.1
                0x0000000000000401       0x3c /usr/lib/gcc/arm-none-eabi/12.2.0/../../../../arm-none-eabi/lib/thumb/v7e-m+fp/hard/libc_nano.a(lib_a-assert.o)
                                         0x3d (size before relaxing)
 *fill*         0x000000000000043d        0x3 
 .rodata._global_impure_ptr
                0x0000000000000440        0x4 /usr/lib/gcc/arm-none-eabi/12.2.0/../../../../arm-none-eabi/lib/thumb/v7e-m+fp/hard/libc_nano.a(lib_a-impure.o)
                0x0000000000000440                _global_impure_ptr
 .rodata._vfprintf_r.str1.1
                0x0000000000000444       0x11 /usr/lib/gcc/arm-none-eabi/12.2.0/../../../../arm-none-eabi/lib/thumb/v7e-m+fp/hard/libc_nano.a(lib_a-nano-vfprintf.o)
 *fill*         0x0000000000000455        0x3 
 .rodata.__sf_fake_stderr
                0x0000000000000458       0x20 /usr/lib/gcc/arm-none-eabi/12.2.0/../../../../arm-none-eabi/lib/thumb/v7e-m+fp/hard/libc_nano.a(lib_a-findfp.o)
                0x0000000000000458                __sf_fake_stderr
 .rodata.__sf_fake_stdin
                0x0000000000000478       0x20 /usr/lib/gcc/arm-none-eabi/12.2.0/../../../../arm-none-eabi/lib/thumb/v7e-m+fp/hard/libc_nano.a(lib_a-findfp.o)
                0x0000000000000478                __sf_fake_stdin
 .rodata.__sf_fake_stdout
                0x0000000000000498       0x20 /usr/lib/gcc/arm-none-eabi/12.2.0/../../../../arm-none-eabi/lib/thumb/v7e-m+fp/hard/libc_nano.a(lib_a-findfp.o)
                0x0000000000000498                __sf_fake_stdout
 .rodata._printf_i.str1.1
                0x00000000000004b8       0x22 /usr/lib/gcc/arm-none-eabi/12.2.0/../../../../arm-none-eabi/lib/thumb/v7e-m+fp/hard/libc_nano.a(lib_a-nano-vfprintf_i.o)
 *(.srodata .srodata.*)
                0x00000000000002da                __rodata_size = SIZEOF (.rodata)
                0x00000000000004da                __rodata_end = (__rodata_start + __rodata_size)
                0x0000000000000001                ASSERT (((__rodata_start == __rodata_end) || ((__rodata_end - ORIGIN (FLASH)) <= LENGTH (FLASH))), error: .rodata is too large to fit in FLASH memory segment)

.ARM.exidx      0x00000000000004dc        0x8
 .ARM.exidx     0x00000000000004dc        0x8 /usr/lib/gcc/arm-none-eabi/12.2.0/../../../../arm-none-eabi/lib/thumb/v7e-m+fp/hard/crt0.o
                                         0x10 (size before relaxing)
                0x00000000000004e4                . = ALIGN (0x4)
                0x00000000000004e4                __text_start = .

.text           0x00000000000004f0     0x2ad8
 *(.startup)
 *(.startup*)
 *(.text*)
 .text.__do_global_dtors_aux
                0x00000000000004f0       0x24 /usr/lib/gcc/arm-none-eabi/12.2.0/thumb/v7e-m+fp/hard/crtbegin.o
 .text.frame_dummy
                0x0000000000000514       0x1c /usr/lib/gcc/arm-none-eabi/12.2.0/thumb/v7e-m+fp/hard/crtbegin.o
 .text          0x0000000000000530       0x70 /usr/lib/gcc/arm-none-eabi/12.2.0/../../../../arm-none-eabi/lib/thumb/v7e-m+fp/hard/crt0.o
                0x0000000000000530                _stack_init
                0x0000000000000538                _mainCRTStartup
                0x0000000000000538                _start
 .text.nrf_gpio_pin_port_decode
                0x00000000000005a0       0x5c debug/nrf52832/build/main.c.o
 .text.nrf_gpio_cfg
                0x00000000000005fc       0x5e debug/nrf52832/build/main.c.o
 .text.nrf_gpio_cfg_input
                0x000000000000065a       0x28 debug/nrf52832/build/main.c.o
 .text.nrf_gpio_pin_present_check
                0x0000000000000682       0x4a debug/nrf52832/build/main.c.o
 .text.nrf_gpio_pin_port_number_extract
                0x00000000000006cc       0x28 debug/nrf52832/build/main.c.o
 .text.qdec_event_handler
                0x00000000000006f4       0x64 debug/nrf52832/build/main.c.o
                0x00000000000006f4                qdec_event_handler
 .text.qdec_init
                0x0000000000000758       0x5c debug/nrf52832/build/main.c.o
 .text.main     0x00000000000007b4       0x24 debug/nrf52832/build/main.c.o
                0x00000000000007b4                main
 .text._write_r
                0x00000000000007d8       0x22 debug/nrf52832/build/SEGGER_RTT_Syscalls_GCC.c.o
                0x00000000000007d8                _write_r
 *fill*         0x00000000000007fa        0x2 
 .text._DoInit  0x00000000000007fc       0xb0 ../../../ucdev/build/staticlib/rtt/debug/arm_m4f/librtt.a(SEGGER_RTT.c.o)
 .text._WriteBlocking
                0x00000000000008ac       0xba ../../../ucdev/build/staticlib/rtt/debug/arm_m4f/librtt.a(SEGGER_RTT.c.o)
 .text._WriteNoCheck
                0x0000000000000966       0x90 ../../../ucdev/build/staticlib/rtt/debug/arm_m4f/librtt.a(SEGGER_RTT.c.o)
 .text._GetAvailWriteSpace
                0x00000000000009f6       0x46 ../../../ucdev/build/staticlib/rtt/debug/arm_m4f/librtt.a(SEGGER_RTT.c.o)
 .text.SEGGER_RTT_WriteNoLock
                0x0000000000000a3c       0xa0 ../../../ucdev/build/staticlib/rtt/debug/arm_m4f/librtt.a(SEGGER_RTT.c.o)
                0x0000000000000a3c                SEGGER_RTT_WriteNoLock
 .text.SEGGER_RTT_Write
                0x0000000000000adc       0x4c ../../../ucdev/build/staticlib/rtt/debug/arm_m4f/librtt.a(SEGGER_RTT.c.o)
                0x0000000000000adc                SEGGER_RTT_Write
 .text.SEGGER_RTT_Init
                0x0000000000000b28        0xc ../../../ucdev/build/staticlib/rtt/debug/arm_m4f/librtt.a(SEGGER_RTT.c.o)
                0x0000000000000b28                SEGGER_RTT_Init
 .text.__NVIC_EnableIRQ
                0x0000000000000b34       0x3c ../../../ucdev/build/staticlib/nrfx/debug/libnrf52832.a(nrfx_qdec.c.o)
 .text.__NVIC_SetPriority
                0x0000000000000b70       0x54 ../../../ucdev/build/staticlib/nrfx/debug/libnrf52832.a(nrfx_qdec.c.o)
 .text.nrfx_get_irq_number
                0x0000000000000bc4       0x1a ../../../ucdev/build/staticlib/nrfx/debug/libnrf52832.a(nrfx_qdec.c.o)
 .text.nrf_event_readback
                0x0000000000000bde       0x18 ../../../ucdev/build/staticlib/nrfx/debug/libnrf52832.a(nrfx_qdec.c.o)
 .text.nrf_qdec_enable
                0x0000000000000bf6       0x1c ../../../ucdev/build/staticlib/nrfx/debug/libnrf52832.a(nrfx_qdec.c.o)
 .text.nrf_qdec_int_enable
                0x0000000000000c12       0x1e ../../../ucdev/build/staticlib/nrfx/debug/libnrf52832.a(nrfx_qdec.c.o)
 .text.nrf_qdec_int_enable_check
                0x0000000000000c30       0x20 ../../../ucdev/build/staticlib/nrfx/debug/libnrf52832.a(nrfx_qdec.c.o)
 .text.nrf_qdec_dbfen_enable
                0x0000000000000c50       0x1c ../../../ucdev/build/staticlib/nrfx/debug/libnrf52832.a(nrfx_qdec.c.o)
 .text.nrf_qdec_dbfen_disable
                0x0000000000000c6c       0x1c ../../../ucdev/build/staticlib/nrfx/debug/libnrf52832.a(nrfx_qdec.c.o)
 .text.nrf_qdec_pins_set
                0x0000000000000c88       0x32 ../../../ucdev/build/staticlib/nrfx/debug/libnrf52832.a(nrfx_qdec.c.o)
 .text.nrf_qdec_led_pin_get
                0x0000000000000cba       0x1a ../../../ucdev/build/staticlib/nrfx/debug/libnrf52832.a(nrfx_qdec.c.o)
 .text.nrf_qdec_task_trigger
                0x0000000000000cd4       0x22 ../../../ucdev/build/staticlib/nrfx/debug/libnrf52832.a(nrfx_qdec.c.o)
 .text.nrf_qdec_event_clear
                0x0000000000000cf6       0x2a ../../../ucdev/build/staticlib/nrfx/debug/libnrf52832.a(nrfx_qdec.c.o)
 .text.nrf_qdec_event_check
                0x0000000000000d20       0x2a ../../../ucdev/build/staticlib/nrfx/debug/libnrf52832.a(nrfx_qdec.c.o)
 .text.nrf_qdec_shorts_enable
                0x0000000000000d4a       0x26 ../../../ucdev/build/staticlib/nrfx/debug/libnrf52832.a(nrfx_qdec.c.o)
 .text.nrf_qdec_sampleper_set
                0x0000000000000d70       0x20 ../../../ucdev/build/staticlib/nrfx/debug/libnrf52832.a(nrfx_qdec.c.o)
 .text.nrf_qdec_sample_get
                0x0000000000000d90       0x1a ../../../ucdev/build/staticlib/nrfx/debug/libnrf52832.a(nrfx_qdec.c.o)
 .text.nrf_qdec_accread_get
                0x0000000000000daa       0x1a ../../../ucdev/build/staticlib/nrfx/debug/libnrf52832.a(nrfx_qdec.c.o)
 .text.nrf_qdec_accdblread_get
                0x0000000000000dc4       0x1a ../../../ucdev/build/staticlib/nrfx/debug/libnrf52832.a(nrfx_qdec.c.o)
 .text.nrf_qdec_ledpre_set
                0x0000000000000dde       0x1e ../../../ucdev/build/staticlib/nrfx/debug/libnrf52832.a(nrfx_qdec.c.o)
 .text.nrf_qdec_reportper_set
                0x0000000000000dfc       0x20 ../../../ucdev/build/staticlib/nrfx/debug/libnrf52832.a(nrfx_qdec.c.o)
 .text.nrf_qdec_ledpol_set
                0x0000000000000e1c       0x20 ../../../ucdev/build/staticlib/nrfx/debug/libnrf52832.a(nrfx_qdec.c.o)
 .text.nrf_gpio_pin_port_decode
                0x0000000000000e3c       0x5c ../../../ucdev/build/staticlib/nrfx/debug/libnrf52832.a(nrfx_qdec.c.o)
 .text.nrf_gpio_cfg
                0x0000000000000e98       0x5e ../../../ucdev/build/staticlib/nrfx/debug/libnrf52832.a(nrfx_qdec.c.o)
 .text.nrf_gpio_cfg_input
                0x0000000000000ef6       0x28 ../../../ucdev/build/staticlib/nrfx/debug/libnrf52832.a(nrfx_qdec.c.o)
 .text.nrf_gpio_pin_present_check
                0x0000000000000f1e       0x4a ../../../ucdev/build/staticlib/nrfx/debug/libnrf52832.a(nrfx_qdec.c.o)
 .text.nrf_gpio_pin_port_number_extract
                0x0000000000000f68       0x28 ../../../ucdev/build/staticlib/nrfx/debug/libnrf52832.a(nrfx_qdec.c.o)
 .text.QDEC_IRQHandler
                0x0000000000000f90       0xe8 ../../../ucdev/build/staticlib/nrfx/debug/libnrf52832.a(nrfx_qdec.c.o)
                0x0000000000000f90                QDEC_IRQHandler
 .text.nrfx_qdec_init
                0x0000000000001078      0x190 ../../../ucdev/build/staticlib/nrfx/debug/libnrf52832.a(nrfx_qdec.c.o)
                0x0000000000001078                nrfx_qdec_init
 .text.nrfx_qdec_enable
                0x0000000000001208       0x44 ../../../ucdev/build/staticlib/nrfx/debug/libnrf52832.a(nrfx_qdec.c.o)
                0x0000000000001208                nrfx_qdec_enable
 .text          0x000000000000124c       0x3c ../../../ucdev/build/staticlib/nrfx/debug/libnrf52832.a(gcc_startup_nrf52.S.o)
                0x000000000000124c                Reset_Handler
                0x0000000000001274                NMI_Handler
                0x0000000000001276                HardFault_Handler
                0x0000000000001278                MemoryManagement_Handler
                0x000000000000127a                BusFault_Handler
                0x000000000000127c                UsageFault_Handler
                0x000000000000127e                SVC_Handler
                0x0000000000001280                DebugMon_Handler
                0x0000000000001282                PendSV_Handler
                0x0000000000001284                SysTick_Handler
                0x0000000000001286                TIMER2_IRQHandler
                0x0000000000001286                RTC0_IRQHandler
                0x0000000000001286                SWI0_EGU0_IRQHandler
                0x0000000000001286                SWI2_EGU2_IRQHandler
                0x0000000000001286                GPIOTE_IRQHandler
                0x0000000000001286                PWM1_IRQHandler
                0x0000000000001286                POWER_CLOCK_IRQHandler
                0x0000000000001286                RADIO_IRQHandler
                0x0000000000001286                PDM_IRQHandler
                0x0000000000001286                TEMP_IRQHandler
                0x0000000000001286                TIMER3_IRQHandler
                0x0000000000001286                FPU_IRQHandler
                0x0000000000001286                SPIM0_SPIS0_TWIM0_TWIS0_SPI0_TWI0_IRQHandler
                0x0000000000001286                UARTE0_UART0_IRQHandler
                0x0000000000001286                TIMER4_IRQHandler
                0x0000000000001286                I2S_IRQHandler
                0x0000000000001286                SWI4_EGU4_IRQHandler
                0x0000000000001286                TIMER0_IRQHandler
                0x0000000000001286                TIMER1_IRQHandler
                0x0000000000001286                PWM2_IRQHandler
                0x0000000000001286                ECB_IRQHandler
                0x0000000000001286                SPIM1_SPIS1_TWIM1_TWIS1_SPI1_TWI1_IRQHandler
                0x0000000000001286                Default_Handler
                0x0000000000001286                SAADC_IRQHandler
                0x0000000000001286                CCM_AAR_IRQHandler
                0x0000000000001286                WDT_IRQHandler
                0x0000000000001286                SWI5_EGU5_IRQHandler
                0x0000000000001286                RNG_IRQHandler
                0x0000000000001286                RTC2_IRQHandler
                0x0000000000001286                PWM0_IRQHandler
                0x0000000000001286                SWI3_EGU3_IRQHandler
                0x0000000000001286                RTC1_IRQHandler
                0x0000000000001286                SWI1_EGU1_IRQHandler
                0x0000000000001286                SPIM2_SPIS2_SPI2_IRQHandler
                0x0000000000001286                NFCT_IRQHandler
                0x0000000000001286                MWU_IRQHandler
                0x0000000000001286                COMP_LPCOMP_IRQHandler
 .text.nrf52_errata_12
                0x0000000000001288       0x94 ../../../ucdev/build/staticlib/nrfx/debug/libnrf52832.a(system_nrf52.c.o)
 .text.nrf52_errata_16
                0x000000000000131c       0x74 ../../../ucdev/build/staticlib/nrfx/debug/libnrf52832.a(system_nrf52.c.o)
 .text.nrf52_errata_31
                0x0000000000001390       0x94 ../../../ucdev/build/staticlib/nrfx/debug/libnrf52832.a(system_nrf52.c.o)
 .text.nrf52_errata_32
                0x0000000000001424       0x74 ../../../ucdev/build/staticlib/nrfx/debug/libnrf52832.a(system_nrf52.c.o)
 .text.nrf52_errata_36
                0x0000000000001498       0x94 ../../../ucdev/build/staticlib/nrfx/debug/libnrf52832.a(system_nrf52.c.o)
 .text.nrf52_errata_37
                0x000000000000152c       0x74 ../../../ucdev/build/staticlib/nrfx/debug/libnrf52832.a(system_nrf52.c.o)
 .text.nrf52_errata_57
                0x00000000000015a0       0x74 ../../../ucdev/build/staticlib/nrfx/debug/libnrf52832.a(system_nrf52.c.o)
 .text.nrf52_errata_66
                0x0000000000001614       0x94 ../../../ucdev/build/staticlib/nrfx/debug/libnrf52832.a(system_nrf52.c.o)
 .text.nrf52_errata_108
                0x00000000000016a8       0x94 ../../../ucdev/build/staticlib/nrfx/debug/libnrf52832.a(system_nrf52.c.o)
 .text.nrf52_errata_136
                0x000000000000173c       0x94 ../../../ucdev/build/staticlib/nrfx/debug/libnrf52832.a(system_nrf52.c.o)
 .text.nrf52_errata_182
                0x00000000000017d0       0x6c ../../../ucdev/build/staticlib/nrfx/debug/libnrf52832.a(system_nrf52.c.o)
 .text.nrf52_configuration_249
                0x000000000000183c       0x6c ../../../ucdev/build/staticlib/nrfx/debug/libnrf52832.a(system_nrf52.c.o)
 .text.nrf52_handle_approtect
                0x00000000000018a8       0x22 ../../../ucdev/build/staticlib/nrfx/debug/libnrf52832.a(system_nrf52.c.o)
 *fill*         0x00000000000018ca        0x2 
 .text.SystemCoreClockUpdate
                0x00000000000018cc       0x1c ../../../ucdev/build/staticlib/nrfx/debug/libnrf52832.a(system_nrf52.c.o)
                0x00000000000018cc                SystemCoreClockUpdate
 .text.SystemInit
                0x00000000000018e8      0x26c ../../../ucdev/build/staticlib/nrfx/debug/libnrf52832.a(system_nrf52.c.o)
                0x00000000000018e8                SystemInit
 .text.__assert_func
                0x0000000000001b54       0x3c /usr/lib/gcc/arm-none-eabi/12.2.0/../../../../arm-none-eabi/lib/thumb/v7e-m+fp/hard/libc_nano.a(lib_a-assert.o)
                0x0000000000001b54                __assert_func
 .text.atexit   0x0000000000001b90        0xc /usr/lib/gcc/arm-none-eabi/12.2.0/../../../../arm-none-eabi/lib/thumb/v7e-m+fp/hard/libc_nano.a(lib_a-atexit.o)
                0x0000000000001b90                atexit
 .text.exit     0x0000000000001b9c       0x28 /usr/lib/gcc/arm-none-eabi/12.2.0/../../../../arm-none-eabi/lib/thumb/v7e-m+fp/hard/libc_nano.a(lib_a-exit.o)
                0x0000000000001b9c                exit
 .text.__libc_fini_array
                0x0000000000001bc4       0x28 /usr/lib/gcc/arm-none-eabi/12.2.0/../../../../arm-none-eabi/lib/thumb/v7e-m+fp/hard/libc_nano.a(lib_a-fini.o)
                0x0000000000001bc4                __libc_fini_array
 .text.fprintf  0x0000000000001bec       0x24 /usr/lib/gcc/arm-none-eabi/12.2.0/../../../../arm-none-eabi/lib/thumb/v7e-m+fp/hard/libc_nano.a(lib_a-fprintf.o)
                0x0000000000001bec                fprintf
                0x0000000000001bec                fiprintf
 .text.__libc_init_array
                0x0000000000001c10       0x48 /usr/lib/gcc/arm-none-eabi/12.2.0/../../../../arm-none-eabi/lib/thumb/v7e-m+fp/hard/libc_nano.a(lib_a-init.o)
                0x0000000000001c10                __libc_init_array
 .text.memcpy   0x0000000000001c58       0x1c /usr/lib/gcc/arm-none-eabi/12.2.0/../../../../arm-none-eabi/lib/thumb/v7e-m+fp/hard/libc_nano.a(lib_a-memcpy-stub.o)
                0x0000000000001c58                memcpy
 .text.memset   0x0000000000001c74       0x10 /usr/lib/gcc/arm-none-eabi/12.2.0/../../../../arm-none-eabi/lib/thumb/v7e-m+fp/hard/libc_nano.a(lib_a-memset.o)
                0x0000000000001c74                memset
 .text.__sfputc_r
                0x0000000000001c84       0x2e /usr/lib/gcc/arm-none-eabi/12.2.0/../../../../arm-none-eabi/lib/thumb/v7e-m+fp/hard/libc_nano.a(lib_a-nano-vfprintf.o)
 .text.__sfputs_r
                0x0000000000001cb2       0x24 /usr/lib/gcc/arm-none-eabi/12.2.0/../../../../arm-none-eabi/lib/thumb/v7e-m+fp/hard/libc_nano.a(lib_a-nano-vfprintf.o)
                0x0000000000001cb2                __sfputs_r
 *fill*         0x0000000000001cd6        0x2 
 .text._vfprintf_r
                0x0000000000001cd8      0x25c /usr/lib/gcc/arm-none-eabi/12.2.0/../../../../arm-none-eabi/lib/thumb/v7e-m+fp/hard/libc_nano.a(lib_a-nano-vfprintf.o)
                0x0000000000001cd8                _vfiprintf_r
                0x0000000000001cd8                _vfprintf_r
 .text.printf   0x0000000000001f34       0x30 /usr/lib/gcc/arm-none-eabi/12.2.0/../../../../arm-none-eabi/lib/thumb/v7e-m+fp/hard/libc_nano.a(lib_a-printf.o)
                0x0000000000001f34                printf
                0x0000000000001f34                iprintf
 .text._puts_r  0x0000000000001f64       0xdc /usr/lib/gcc/arm-none-eabi/12.2.0/../../../../arm-none-eabi/lib/thumb/v7e-m+fp/hard/libc_nano.a(lib_a-puts.o)
                0x0000000000001f64                _puts_r
 .text.puts     0x0000000000002040       0x10 /usr/lib/gcc/arm-none-eabi/12.2.0/../../../../arm-none-eabi/lib/thumb/v7e-m+fp/hard/libc_nano.a(lib_a-puts.o)
                0x0000000000002040                puts
 .text.__swbuf_r
                0x0000000000002050       0xa4 /usr/lib/gcc/arm-none-eabi/12.2.0/../../../../arm-none-eabi/lib/thumb/v7e-m+fp/hard/libc_nano.a(lib_a-wbuf.o)
                0x0000000000002050                __swbuf_r
 .text.__swsetup_r
                0x00000000000020f4       0xdc /usr/lib/gcc/arm-none-eabi/12.2.0/../../../../arm-none-eabi/lib/thumb/v7e-m+fp/hard/libc_nano.a(lib_a-wsetup.o)
                0x00000000000020f4                __swsetup_r
 .text.abort    0x00000000000021d0        0xe /usr/lib/gcc/arm-none-eabi/12.2.0/../../../../arm-none-eabi/lib/thumb/v7e-m+fp/hard/libc_nano.a(lib_a-abort.o)
                0x00000000000021d0                abort
 *fill*         0x00000000000021de        0x2 
 .text.__register_exitproc
                0x00000000000021e0       0xc4 /usr/lib/gcc/arm-none-eabi/12.2.0/../../../../arm-none-eabi/lib/thumb/v7e-m+fp/hard/libc_nano.a(lib_a-__atexit.o)
                0x00000000000021e0                __register_exitproc
 .text.__call_exitprocs
                0x00000000000022a4       0xb8 /usr/lib/gcc/arm-none-eabi/12.2.0/../../../../arm-none-eabi/lib/thumb/v7e-m+fp/hard/libc_nano.a(lib_a-__call_atexit.o)
                0x00000000000022a4                __call_exitprocs
 .text.__sflush_r
                0x000000000000235c      0x10c /usr/lib/gcc/arm-none-eabi/12.2.0/../../../../arm-none-eabi/lib/thumb/v7e-m+fp/hard/libc_nano.a(lib_a-fflush.o)
                0x000000000000235c                __sflush_r
 .text._fflush_r
                0x0000000000002468       0x78 /usr/lib/gcc/arm-none-eabi/12.2.0/../../../../arm-none-eabi/lib/thumb/v7e-m+fp/hard/libc_nano.a(lib_a-fflush.o)
                0x0000000000002468                _fflush_r
 .text.std      0x00000000000024e0       0x48 /usr/lib/gcc/arm-none-eabi/12.2.0/../../../../arm-none-eabi/lib/thumb/v7e-m+fp/hard/libc_nano.a(lib_a-findfp.o)
 .text._cleanup_r
                0x0000000000002528        0xc /usr/lib/gcc/arm-none-eabi/12.2.0/../../../../arm-none-eabi/lib/thumb/v7e-m+fp/hard/libc_nano.a(lib_a-findfp.o)
                0x0000000000002528                _cleanup_r
 .text.__sfmoreglue
                0x0000000000002534       0x2c /usr/lib/gcc/arm-none-eabi/12.2.0/../../../../arm-none-eabi/lib/thumb/v7e-m+fp/hard/libc_nano.a(lib_a-findfp.o)
                0x0000000000002534                __sfmoreglue
 .text.__sfp_lock_acquire
                0x0000000000002560        0xc /usr/lib/gcc/arm-none-eabi/12.2.0/../../../../arm-none-eabi/lib/thumb/v7e-m+fp/hard/libc_nano.a(lib_a-findfp.o)
                0x0000000000002560                __sfp_lock_acquire
 .text.__sfp_lock_release
                0x000000000000256c        0xc /usr/lib/gcc/arm-none-eabi/12.2.0/../../../../arm-none-eabi/lib/thumb/v7e-m+fp/hard/libc_nano.a(lib_a-findfp.o)
                0x000000000000256c                __sfp_lock_release
 .text.__sinit_lock_acquire
                0x0000000000002578        0xc /usr/lib/gcc/arm-none-eabi/12.2.0/../../../../arm-none-eabi/lib/thumb/v7e-m+fp/hard/libc_nano.a(lib_a-findfp.o)
                0x0000000000002578                __sinit_lock_acquire
 .text.__sinit_lock_release
                0x0000000000002584        0xc /usr/lib/gcc/arm-none-eabi/12.2.0/../../../../arm-none-eabi/lib/thumb/v7e-m+fp/hard/libc_nano.a(lib_a-findfp.o)
                0x0000000000002584                __sinit_lock_release
 .text.__sinit  0x0000000000002590       0x70 /usr/lib/gcc/arm-none-eabi/12.2.0/../../../../arm-none-eabi/lib/thumb/v7e-m+fp/hard/libc_nano.a(lib_a-findfp.o)
                0x0000000000002590                __sinit
 .text.__sfp    0x0000000000002600       0x8c /usr/lib/gcc/arm-none-eabi/12.2.0/../../../../arm-none-eabi/lib/thumb/v7e-m+fp/hard/libc_nano.a(lib_a-findfp.o)
                0x0000000000002600                __sfp
 .text._fwalk_reent
                0x000000000000268c       0x3e /usr/lib/gcc/arm-none-eabi/12.2.0/../../../../arm-none-eabi/lib/thumb/v7e-m+fp/hard/libc_nano.a(lib_a-fwalk.o)
                0x000000000000268c                _fwalk_reent
 .text.__retarget_lock_init_recursive
                0x00000000000026ca        0x2 /usr/lib/gcc/arm-none-eabi/12.2.0/../../../../arm-none-eabi/lib/thumb/v7e-m+fp/hard/libc_nano.a(lib_a-lock.o)
                0x00000000000026ca                __retarget_lock_init_recursive
 .text.__retarget_lock_acquire_recursive
                0x00000000000026cc        0x2 /usr/lib/gcc/arm-none-eabi/12.2.0/../../../../arm-none-eabi/lib/thumb/v7e-m+fp/hard/libc_nano.a(lib_a-lock.o)
                0x00000000000026cc                __retarget_lock_acquire_recursive
 .text.__retarget_lock_release
                0x00000000000026ce        0x2 /usr/lib/gcc/arm-none-eabi/12.2.0/../../../../arm-none-eabi/lib/thumb/v7e-m+fp/hard/libc_nano.a(lib_a-lock.o)
                0x00000000000026ce                __retarget_lock_release
 .text.__retarget_lock_release_recursive
                0x00000000000026d0        0x2 /usr/lib/gcc/arm-none-eabi/12.2.0/../../../../arm-none-eabi/lib/thumb/v7e-m+fp/hard/libc_nano.a(lib_a-lock.o)
                0x00000000000026d0                __retarget_lock_release_recursive
 .text.__swhatbuf_r
                0x00000000000026d2       0x4c /usr/lib/gcc/arm-none-eabi/12.2.0/../../../../arm-none-eabi/lib/thumb/v7e-m+fp/hard/libc_nano.a(lib_a-makebuf.o)
                0x00000000000026d2                __swhatbuf_r
 *fill*         0x000000000000271e        0x2 
 .text.__smakebuf_r
                0x0000000000002720       0x80 /usr/lib/gcc/arm-none-eabi/12.2.0/../../../../arm-none-eabi/lib/thumb/v7e-m+fp/hard/libc_nano.a(lib_a-makebuf.o)
                0x0000000000002720                __smakebuf_r
 .text          0x00000000000027a0       0xa0 /usr/lib/gcc/arm-none-eabi/12.2.0/../../../../arm-none-eabi/lib/thumb/v7e-m+fp/hard/libc_nano.a(lib_a-memchr.o)
                0x00000000000027a0                memchr
 .text._free_r  0x0000000000002840       0x98 /usr/lib/gcc/arm-none-eabi/12.2.0/../../../../arm-none-eabi/lib/thumb/v7e-m+fp/hard/libc_nano.a(lib_a-nano-freer.o)
                0x0000000000002840                _free_r
 .text.sbrk_aligned
                0x00000000000028d8       0x40 /usr/lib/gcc/arm-none-eabi/12.2.0/../../../../arm-none-eabi/lib/thumb/v7e-m+fp/hard/libc_nano.a(lib_a-nano-mallocr.o)
 .text._malloc_r
                0x0000000000002918       0xe8 /usr/lib/gcc/arm-none-eabi/12.2.0/../../../../arm-none-eabi/lib/thumb/v7e-m+fp/hard/libc_nano.a(lib_a-nano-mallocr.o)
                0x0000000000002918                _malloc_r
 .text._printf_common
                0x0000000000002a00       0xda /usr/lib/gcc/arm-none-eabi/12.2.0/../../../../arm-none-eabi/lib/thumb/v7e-m+fp/hard/libc_nano.a(lib_a-nano-vfprintf_i.o)
                0x0000000000002a00                _printf_common
 *fill*         0x0000000000002ada        0x2 
 .text._printf_i
                0x0000000000002adc      0x244 /usr/lib/gcc/arm-none-eabi/12.2.0/../../../../arm-none-eabi/lib/thumb/v7e-m+fp/hard/libc_nano.a(lib_a-nano-vfprintf_i.o)
                0x0000000000002adc                _printf_i
 .text._sbrk_r  0x0000000000002d20       0x20 /usr/lib/gcc/arm-none-eabi/12.2.0/../../../../arm-none-eabi/lib/thumb/v7e-m+fp/hard/libc_nano.a(lib_a-sbrkr.o)
                0x0000000000002d20                _sbrk_r
 .text._raise_r
                0x0000000000002d40       0x50 /usr/lib/gcc/arm-none-eabi/12.2.0/../../../../arm-none-eabi/lib/thumb/v7e-m+fp/hard/libc_nano.a(lib_a-signal.o)
                0x0000000000002d40                _raise_r
 .text.raise    0x0000000000002d90       0x10 /usr/lib/gcc/arm-none-eabi/12.2.0/../../../../arm-none-eabi/lib/thumb/v7e-m+fp/hard/libc_nano.a(lib_a-signal.o)
                0x0000000000002d90                raise
 .text._kill_r  0x0000000000002da0       0x24 /usr/lib/gcc/arm-none-eabi/12.2.0/../../../../arm-none-eabi/lib/thumb/v7e-m+fp/hard/libc_nano.a(lib_a-signalr.o)
                0x0000000000002da0                _kill_r
 .text._getpid_r
                0x0000000000002dc4        0x4 /usr/lib/gcc/arm-none-eabi/12.2.0/../../../../arm-none-eabi/lib/thumb/v7e-m+fp/hard/libc_nano.a(lib_a-signalr.o)
                0x0000000000002dc4                _getpid_r
 .text.__sread  0x0000000000002dc8       0x22 /usr/lib/gcc/arm-none-eabi/12.2.0/../../../../arm-none-eabi/lib/thumb/v7e-m+fp/hard/libc_nano.a(lib_a-stdio.o)
                0x0000000000002dc8                __sread
 .text.__swrite
                0x0000000000002dea       0x38 /usr/lib/gcc/arm-none-eabi/12.2.0/../../../../arm-none-eabi/lib/thumb/v7e-m+fp/hard/libc_nano.a(lib_a-stdio.o)
                0x0000000000002dea                __swrite
 .text.__sseek  0x0000000000002e22       0x24 /usr/lib/gcc/arm-none-eabi/12.2.0/../../../../arm-none-eabi/lib/thumb/v7e-m+fp/hard/libc_nano.a(lib_a-stdio.o)
                0x0000000000002e22                __sseek
 .text.__sclose
                0x0000000000002e46        0x8 /usr/lib/gcc/arm-none-eabi/12.2.0/../../../../arm-none-eabi/lib/thumb/v7e-m+fp/hard/libc_nano.a(lib_a-stdio.o)
                0x0000000000002e46                __sclose
 *fill*         0x0000000000002e4e        0x2 
 .text._close_r
                0x0000000000002e50       0x20 /usr/lib/gcc/arm-none-eabi/12.2.0/../../../../arm-none-eabi/lib/thumb/v7e-m+fp/hard/libc_nano.a(lib_a-closer.o)
                0x0000000000002e50                _close_r
 .text._fstat_r
                0x0000000000002e70       0x24 /usr/lib/gcc/arm-none-eabi/12.2.0/../../../../arm-none-eabi/lib/thumb/v7e-m+fp/hard/libc_nano.a(lib_a-fstatr.o)
                0x0000000000002e70                _fstat_r
 .text._isatty_r
                0x0000000000002e94       0x20 /usr/lib/gcc/arm-none-eabi/12.2.0/../../../../arm-none-eabi/lib/thumb/v7e-m+fp/hard/libc_nano.a(lib_a-isattyr.o)
                0x0000000000002e94                _isatty_r
 .text._lseek_r
                0x0000000000002eb4       0x24 /usr/lib/gcc/arm-none-eabi/12.2.0/../../../../arm-none-eabi/lib/thumb/v7e-m+fp/hard/libc_nano.a(lib_a-lseekr.o)
                0x0000000000002eb4                _lseek_r
 .text.__malloc_lock
                0x0000000000002ed8        0xc /usr/lib/gcc/arm-none-eabi/12.2.0/../../../../arm-none-eabi/lib/thumb/v7e-m+fp/hard/libc_nano.a(lib_a-mlock.o)
                0x0000000000002ed8                __malloc_lock
 .text.__malloc_unlock
                0x0000000000002ee4        0xc /usr/lib/gcc/arm-none-eabi/12.2.0/../../../../arm-none-eabi/lib/thumb/v7e-m+fp/hard/libc_nano.a(lib_a-mlock.o)
                0x0000000000002ee4                __malloc_unlock
 .text._read_r  0x0000000000002ef0       0x24 /usr/lib/gcc/arm-none-eabi/12.2.0/../../../../arm-none-eabi/lib/thumb/v7e-m+fp/hard/libc_nano.a(lib_a-readr.o)
                0x0000000000002ef0                _read_r
 .text._close   0x0000000000002f14       0x10 /usr/lib/gcc/arm-none-eabi/12.2.0/../../../../arm-none-eabi/lib/thumb/v7e-m+fp/hard/libnosys.a(close.o)
                0x0000000000002f14                _close
 .text._fstat   0x0000000000002f24       0x10 /usr/lib/gcc/arm-none-eabi/12.2.0/../../../../arm-none-eabi/lib/thumb/v7e-m+fp/hard/libnosys.a(fstat.o)
                0x0000000000002f24                _fstat
 .text._getpid  0x0000000000002f34       0x10 /usr/lib/gcc/arm-none-eabi/12.2.0/../../../../arm-none-eabi/lib/thumb/v7e-m+fp/hard/libnosys.a(getpid.o)
                0x0000000000002f34                _getpid
 .text._isatty  0x0000000000002f44       0x10 /usr/lib/gcc/arm-none-eabi/12.2.0/../../../../arm-none-eabi/lib/thumb/v7e-m+fp/hard/libnosys.a(isatty.o)
                0x0000000000002f44                _isatty
 .text._kill    0x0000000000002f54       0x10 /usr/lib/gcc/arm-none-eabi/12.2.0/../../../../arm-none-eabi/lib/thumb/v7e-m+fp/hard/libnosys.a(kill.o)
                0x0000000000002f54                _kill
 .text._lseek   0x0000000000002f64       0x10 /usr/lib/gcc/arm-none-eabi/12.2.0/../../../../arm-none-eabi/lib/thumb/v7e-m+fp/hard/libnosys.a(lseek.o)
                0x0000000000002f64                _lseek
 .text._read    0x0000000000002f74       0x10 /usr/lib/gcc/arm-none-eabi/12.2.0/../../../../arm-none-eabi/lib/thumb/v7e-m+fp/hard/libnosys.a(read.o)
                0x0000000000002f74                _read
 .text._sbrk    0x0000000000002f84       0x1c /usr/lib/gcc/arm-none-eabi/12.2.0/../../../../arm-none-eabi/lib/thumb/v7e-m+fp/hard/libnosys.a(sbrk.o)
                0x0000000000002f84                _sbrk
 .text._exit    0x0000000000002fa0        0x4 /usr/lib/gcc/arm-none-eabi/12.2.0/../../../../arm-none-eabi/lib/thumb/v7e-m+fp/hard/libnosys.a(_exit.o)
                0x0000000000002fa0                _exit
                0x0000000000002fa4                . = ALIGN (0x4)
 *(.init)
 .init          0x0000000000002fa4        0x4 /usr/lib/gcc/arm-none-eabi/12.2.0/thumb/v7e-m+fp/hard/crti.o
                0x0000000000002fa4                _init
 .init          0x0000000000002fa8        0x8 /usr/lib/gcc/arm-none-eabi/12.2.0/thumb/v7e-m+fp/hard/crtn.o
                0x0000000000002fb0                . = ALIGN (0x4)
                0x0000000000002fb0                __preinit_array_start = .
 *(.preinit_array)
                0x0000000000002fb0                __preinit_array_end = .
                0x0000000000002fb0                . = ALIGN (0x4)
                0x0000000000002fb0                __init_array_start = .
 *(SORT_BY_NAME(.init_array.*))
 *(.init_array)
 .init_array    0x0000000000002fb0        0x4 /usr/lib/gcc/arm-none-eabi/12.2.0/thumb/v7e-m+fp/hard/crtbegin.o
                0x0000000000002fb4                __init_array_end = .
 *(.fini)
 .fini          0x0000000000002fb4        0x4 /usr/lib/gcc/arm-none-eabi/12.2.0/thumb/v7e-m+fp/hard/crti.o
                0x0000000000002fb4                _fini
 .fini          0x0000000000002fb8        0x8 /usr/lib/gcc/arm-none-eabi/12.2.0/thumb/v7e-m+fp/hard/crtn.o
                0x0000000000002fc0                . = ALIGN (0x4)
                0x0000000000002fc0                __fini_array_start = .
 *(.fini_array)
 .fini_array    0x0000000000002fc0        0x4 /usr/lib/gcc/arm-none-eabi/12.2.0/thumb/v7e-m+fp/hard/crtbegin.o
 *(SORT_BY_NAME(.fini_array.*))
                0x0000000000002fc4                __fini_array_end = .
                0x0000000000002fc4                . = ALIGN (0x4)
 *(.eh_frame*)
 .eh_frame      0x0000000000002fc4        0x0 /usr/lib/gcc/arm-none-eabi/12.2.0/thumb/v7e-m+fp/hard/crtbegin.o
 .eh_frame      0x0000000000002fc4        0x4 /usr/lib/gcc/arm-none-eabi/12.2.0/thumb/v7e-m+fp/hard/crtend.o
                0x0000000000002fc8                . = ALIGN (0x4)
 *(.eh_frame_hdr)
                0x0000000000002fc8                . = ALIGN (0x4)
 *(.hash)
 *(.gnu.hash)
                0x0000000000002fc8                . = ALIGN (0x4)
 *(.gnu_extab* .gnu.linkonce.extab.*)
                0x0000000000002fc8                . = ALIGN (0x4)
                0x0000000000002fc8                __exidx_start = .
 *(.gnu_exidx* .gnu.linkonce.exidx.*)
                0x0000000000002fc8                . = ALIGN (0x4)
                0x0000000000002fc8                __exidx_end = .
                0x0000000000002ad8                __text_size = SIZEOF (.text)
                0x0000000000002fbc                __text_end = (__text_start + __text_size)
                0x0000000000000001                ASSERT (((__text_start == __text_end) || ((__text_end - ORIGIN (FLASH)) <= LENGTH (FLASH))), error: .text is too large to fit in FLASH memory segment)

.glue_7         0x0000000000002fc8        0x0
 .glue_7        0x0000000000002fc8        0x0 linker stubs

.glue_7t        0x0000000000002fc8        0x0
 .glue_7t       0x0000000000002fc8        0x0 linker stubs

.vfp11_veneer   0x0000000000002fc8        0x0
 .vfp11_veneer  0x0000000000002fc8        0x0 linker stubs

.v4_bx          0x0000000000002fc8        0x0
 .v4_bx         0x0000000000002fc8        0x0 linker stubs

.iplt           0x0000000000002fc8        0x0
 .iplt          0x0000000000002fc8        0x0 /usr/lib/gcc/arm-none-eabi/12.2.0/thumb/v7e-m+fp/hard/crtbegin.o

.rel.dyn        0x0000000000002fc8        0x0
 .rel.iplt      0x0000000000002fc8        0x0 /usr/lib/gcc/arm-none-eabi/12.2.0/thumb/v7e-m+fp/hard/crtbegin.o

.copy.table     0x0000000000002fc8       0x30
                0x0000000000002fc8                . = ALIGN (0x4)
                0x0000000000002fc8                __copy_table_start__ = .
                0x0000000000002fc8        0x4 LONG 0x3010 __data_load_start
                0x0000000000002fcc        0x4 LONG 0x20000000 __data_start
                0x0000000000002fd0        0x4 LONG 0x1b ((__data_end - __data_start) / 0x4)
                0x0000000000002fd4        0x4 LONG 0x307c __sdata_load_start
                0x0000000000002fd8        0x4 LONG 0x20000524 __sdata_start
                0x0000000000002fdc        0x4 LONG 0x0 ((__sdata_end - __sdata_start) / 0x4)
                0x0000000000002fe0        0x4 LONG 0x307c __tdata_load_start
                0x0000000000002fe4        0x4 LONG 0x20000524 __tdata_start
                0x0000000000002fe8        0x4 LONG 0x0 ((__tdata_end - __tdata_start) / 0x4)
                0x0000000000002fec        0x4 LONG 0x307c __fast_load_start
                0x0000000000002ff0        0x4 LONG 0x20000524 __fast_start
                0x0000000000002ff4        0x4 LONG 0x0 ((__fast_end - __fast_start) / 0x4)
                0x0000000000002ff8                __copy_table_end__ = .

.zero.table     0x0000000000002ff8       0x18
                0x0000000000002ff8                . = ALIGN (0x4)
                0x0000000000002ff8                __zero_table_start__ = .
                0x0000000000002ff8        0x4 LONG 0x20000524 __bss_start
                0x0000000000002ffc        0x4 LONG 0x33 ((__bss_end - __bss_start) / 0x4)
                0x0000000000003000        0x4 LONG 0x200005f0 __sbss_start
                0x0000000000003004        0x4 LONG 0x0 ((__sbss_end - __sbss_start) / 0x4)
                0x0000000000003008        0x4 LONG 0x200005f0 __tbss_start
                0x000000000000300c        0x4 LONG 0x0 ((__tbss_end - __tbss_start) / 0x4)
                0x0000000000003010                __zero_table_end__ = .
                0x0000000000003010                . = ALIGN (0x4)
                0x0000000000003010                __etext = .
                [!provide]                        PROVIDE (etext = .)
                0x0000000000003010                PROVIDE (_etext = .)
                0x0000000000003010                . = ALIGN (0x4)
                0x0000000000003010                __all_data_load_start = .
                0x0000000000003010                __data_load_start = .

.data           0x0000000020000000       0x6c load address 0x0000000000003010
                0x0000000020000000                . = ALIGN (0x4)
                0x0000000020000000                __data_start = .
                0x0000000020000000                __data_start__ = .
 *(vtable)
 *(.data* .gnu.linkonce.d.*)
 .data.SystemCoreClock
                0x0000000020000000        0x4 ../../../ucdev/build/staticlib/nrfx/debug/libnrf52832.a(system_nrf52.c.o)
                0x0000000020000000                SystemCoreClock
 .data._impure_ptr
                0x0000000020000004        0x4 /usr/lib/gcc/arm-none-eabi/12.2.0/../../../../arm-none-eabi/lib/thumb/v7e-m+fp/hard/libc_nano.a(lib_a-impure.o)
                0x0000000020000004                _impure_ptr
 .data.impure_data
                0x0000000020000008       0x60 /usr/lib/gcc/arm-none-eabi/12.2.0/../../../../arm-none-eabi/lib/thumb/v7e-m+fp/hard/libc_nano.a(lib_a-impure.o)
 .data.__atexit_recursive_mutex
                0x0000000020000068        0x4 /usr/lib/gcc/arm-none-eabi/12.2.0/../../../../arm-none-eabi/lib/thumb/v7e-m+fp/hard/libc_nano.a(lib_a-__call_atexit.o)
                0x0000000020000068                __atexit_recursive_mutex
                0x000000002000006c                . = ALIGN (0x4)
 *(.jcr*)
                0x000000000000006c                __data_size = SIZEOF (.data)
                0x000000002000006c                __data_end = (__data_start + __data_size)
                0x000000002000006c                __data_end__ = __data_end
                0x000000000000307c                __data_load_end = (__data_load_start + __data_size)
                0x0000000000000001                ASSERT (((__data_load_start == __data_load_end) || ((__data_load_end - ORIGIN (FLASH)) <= LENGTH (FLASH))), error: .data is too large to fit in FLASH memory segment)
                0x0000000000000001                ASSERT (((__data_start == __data_end) || ((__data_end - ORIGIN (RAM)) <= LENGTH (RAM))), error: .data is too large to fit in RAM memory segment)

.igot.plt       0x000000002000006c        0x0 load address 0x000000000000307c
 .igot.plt      0x000000002000006c        0x0 /usr/lib/gcc/arm-none-eabi/12.2.0/thumb/v7e-m+fp/hard/crtbegin.o

.SEGGER_RTT     0x000000002000006c      0x4b8 load address 0x000000000000307c
 .SEGGER_RTT    0x000000002000006c      0x4b8 ../../../ucdev/build/staticlib/rtt/debug/arm_m4f/librtt.a(SEGGER_RTT.c.o)
                0x000000002000006c                _SEGGER_RTT
                0x0000000020000524                . = ALIGN (0x4)
                0x000000000000307c                __sdata_load_start = ALIGN (__data_load_end, 0x4)

.sdata          0x0000000020000524        0x0 load address 0x000000000000307c
                0x0000000020000524                . = ALIGN (0x4)
                0x0000000020000524                __sdata_start = .
 *(.sdata .sdata.* .gnu.linkonce.s.*)
 *(.sdata2 .sdata2.* .gnu.linkonce.s2.*)
                0x0000000000000000                __sdata_size = SIZEOF (.sdata)
                0x0000000020000524                __sdata_end = (__sdata_start + __sdata_size)
                0x000000000000307c                __sdata_load_end = (__sdata_load_start + __sdata_size)
                0x0000000000000001                ASSERT (((__sdata_load_start == __sdata_load_end) || ((__sdata_load_end - ORIGIN (FLASH)) <= LENGTH (FLASH))), error: .sdata is too large to fit in FLASH memory segment)
                0x0000000000000001                ASSERT (((__sdata_start == __sdata_end) || ((__sdata_end - ORIGIN (RAM)) <= LENGTH (RAM))), error: .sdata is too large to fit in RAM memory segment)
                0x0000000020000524                . = ALIGN (0x4)
                0x000000000000307c                __tdata_load_start = ALIGN (__sdata_load_end, 0x4)

.tdata          0x0000000020000524        0x0 load address 0x000000000000307c
                0x0000000020000524                . = ALIGN (0x4)
                0x0000000020000524                __tdata_start = .
 *(.tdata .tdata.* .gnu.linkonce.td.*)
 *(.stdata .stdata.*)
                0x0000000000000000                __tdata_size = SIZEOF (.tdata)
                0x0000000020000524                __tdata_end = (__tdata_start + __tdata_size)
                0x000000000000307c                __tdata_load_end = (__tdata_load_start + __tdata_size)
                0x0000000000000001                ASSERT (((__tdata_load_start == __tdata_load_end) || ((__tdata_load_end - ORIGIN (FLASH)) <= LENGTH (FLASH))), error: .tdata is too large to fit in FLASH memory segment)
                0x0000000000000001                ASSERT (((__tdata_start == __tdata_end) || ((__tdata_end - ORIGIN (RAM)) <= LENGTH (RAM))), error: .tdata is too large to fit in RAM memory segment)
                0x0000000020000524                . = ALIGN (0x4)
                0x000000000000307c                __fast_load_start = ALIGN (__tdata_load_end, 0x4)

.fast           0x0000000020000524        0x0 load address 0x000000000000307c
                0x0000000020000524                . = ALIGN (0x4)
                0x0000000020000524                __fast_start = .
 *(.fast .fast.*)
 *(.fastcode .fastcode.*)
 *(.fastdata .fastdata.*)
 *(.ramcode*)
                0x0000000000000000                __fast_size = SIZEOF (.fast)
                0x0000000020000524                __fast_end = (__fast_start + __fast_size)
                0x000000000000307c                __fast_load_end = (__fast_load_start + __fast_size)
                0x0000000000000001                ASSERT (((__fast_load_start == __fast_load_end) || ((__fast_load_end - ORIGIN (FLASH)) <= LENGTH (FLASH))), error: .fast is too large to fit in FLASH memory segment)
                0x0000000000000001                ASSERT (((__fast_start == __fast_end) || ((__fast_end - ORIGIN (RAM)) <= LENGTH (RAM))), error: .fast is too large to fit in RAM memory segment)
                0x0000000020000524                . = ALIGN (0x4)
                0x0000000020000524                _edata = .
                [!provide]                        PROVIDE (edata = .)
                [!provide]                        PROVIDE (__edata = .)
                0x0000000020000524                . = ALIGN (0x4)
                0x0000000020000524                __noinit_start = .
                [!provide]                        PROVIDE (__noinit_start__ = .)

.noinit         0x0000000020000524        0x0
 *(.noinit .noinit.*)
 *(.no_init .no_init.*)
 *(.noninit .noninit.*)
 *(.non_init .non_init.*)
                0x0000000020000524                . = ALIGN (0x4)
                0x0000000000000000                __noinit_size = SIZEOF (.noinit)
                0x0000000020000524                __noinit_end = (__noinit_start + __noinit_size)
                0x0000000020000524                __noinit_end__ = __noinit_end
                0x0000000000000001                ASSERT (((__noinit_start == __noinit_end) || ((__noinit_end - ORIGIN (RAM)) <= LENGTH (RAM))), error: .noinit is too large to fit in RAM memory segment)
                0x0000000020000524                . = ALIGN (0x4)
                0x0000000020000524                __bss_start = .
                0x0000000020000524                PROVIDE (__bss_start__ = .)

.bss            0x0000000020000524       0xcc load address 0x0000000000003534
 *(.bss* .gnu.linkonce.b.*)
 .bss.completed.1
                0x0000000020000524        0x1 /usr/lib/gcc/arm-none-eabi/12.2.0/thumb/v7e-m+fp/hard/crtbegin.o
 *fill*         0x0000000020000525        0x3 
 .bss.object.0  0x0000000020000528       0x18 /usr/lib/gcc/arm-none-eabi/12.2.0/thumb/v7e-m+fp/hard/crtbegin.o
 .bss.pos.1     0x0000000020000540        0x4 debug/nrf52832/build/main.c.o
 .bss.m_qdec_event_handler
                0x0000000020000544        0x4 ../../../ucdev/build/staticlib/nrfx/debug/libnrf52832.a(nrfx_qdec.c.o)
 .bss.m_state   0x0000000020000548        0x1 ../../../ucdev/build/staticlib/nrfx/debug/libnrf52832.a(nrfx_qdec.c.o)
 .bss.m_skip_gpio_cfg
                0x0000000020000549        0x1 ../../../ucdev/build/staticlib/nrfx/debug/libnrf52832.a(nrfx_qdec.c.o)
 *fill*         0x000000002000054a        0x2 
 .bss._global_atexit0
                0x000000002000054c       0x8c /usr/lib/gcc/arm-none-eabi/12.2.0/../../../../arm-none-eabi/lib/thumb/v7e-m+fp/hard/libc_nano.a(lib_a-__atexit.o)
 .bss._global_atexit
                0x00000000200005d8        0x4 /usr/lib/gcc/arm-none-eabi/12.2.0/../../../../arm-none-eabi/lib/thumb/v7e-m+fp/hard/libc_nano.a(lib_a-__call_atexit.o)
                0x00000000200005d8                _global_atexit
 .bss.__lock___atexit_recursive_mutex
                0x00000000200005dc        0x1 /usr/lib/gcc/arm-none-eabi/12.2.0/../../../../arm-none-eabi/lib/thumb/v7e-m+fp/hard/libc_nano.a(lib_a-lock.o)
                0x00000000200005dc                __lock___atexit_recursive_mutex
 .bss.__lock___malloc_recursive_mutex
                0x00000000200005dd        0x1 /usr/lib/gcc/arm-none-eabi/12.2.0/../../../../arm-none-eabi/lib/thumb/v7e-m+fp/hard/libc_nano.a(lib_a-lock.o)
                0x00000000200005dd                __lock___malloc_recursive_mutex
 .bss.__lock___sfp_recursive_mutex
                0x00000000200005de        0x1 /usr/lib/gcc/arm-none-eabi/12.2.0/../../../../arm-none-eabi/lib/thumb/v7e-m+fp/hard/libc_nano.a(lib_a-lock.o)
                0x00000000200005de                __lock___sfp_recursive_mutex
 .bss.__lock___sinit_recursive_mutex
                0x00000000200005df        0x1 /usr/lib/gcc/arm-none-eabi/12.2.0/../../../../arm-none-eabi/lib/thumb/v7e-m+fp/hard/libc_nano.a(lib_a-lock.o)
                0x00000000200005df                __lock___sinit_recursive_mutex
 .bss.__malloc_free_list
                0x00000000200005e0        0x4 /usr/lib/gcc/arm-none-eabi/12.2.0/../../../../arm-none-eabi/lib/thumb/v7e-m+fp/hard/libc_nano.a(lib_a-nano-mallocr.o)
                0x00000000200005e0                __malloc_free_list
 .bss.__malloc_sbrk_start
                0x00000000200005e4        0x4 /usr/lib/gcc/arm-none-eabi/12.2.0/../../../../arm-none-eabi/lib/thumb/v7e-m+fp/hard/libc_nano.a(lib_a-nano-mallocr.o)
                0x00000000200005e4                __malloc_sbrk_start
 .bss.errno     0x00000000200005e8        0x4 /usr/lib/gcc/arm-none-eabi/12.2.0/../../../../arm-none-eabi/lib/thumb/v7e-m+fp/hard/libc_nano.a(lib_a-reent.o)
                0x00000000200005e8                errno
 .bss.heap_end.0
                0x00000000200005ec        0x4 /usr/lib/gcc/arm-none-eabi/12.2.0/../../../../arm-none-eabi/lib/thumb/v7e-m+fp/hard/libnosys.a(sbrk.o)
 *(.dynbss)
 *(COMMON)
                0x00000000200005f0                . = ALIGN (0x4)
                0x00000000000000cc                __bss_size = SIZEOF (.bss)
                0x00000000200005f0                __bss_end = (__bss_start + __bss_size)
                0x00000000200005f0                __bss_end__ = __bss_end
                0x0000000000000001                ASSERT (((__bss_start == __bss_end) || ((__bss_end - ORIGIN (RAM)) <= LENGTH (RAM))), error: .bss is too large to fit in RAM memory segment)
                0x00000000200005f0                . = ALIGN (0x4)
                0x00000000200005f0                __sbss_start = .

.sbss           0x00000000200005f0        0x0
 *(.sbss .sbss.* .gnu.linkonce.sb.*)
 *(.sbss2 .sbss2.* .gnu.linkonce.sb2.*)
 *(.dynsbss)
                0x00000000200005f0                . = ALIGN (0x4)
                0x0000000000000000                __sbss_size = SIZEOF (.sbss)
                0x00000000200005f0                __sbss_end = (__sbss_start + __sbss_size)
                0x0000000000000001                ASSERT (((__sbss_start == __sbss_end) || ((__sbss_end - ORIGIN (RAM)) <= LENGTH (RAM))), error: .sbss is too large to fit in RAM memory segment)
                0x00000000200005f0                . = ALIGN (0x4)
                0x00000000200005f0                __tbss_start = .

.tbss           0x00000000200005f0        0x0
                0x00000000200005f0                . = ALIGN (0x4)
 *(.tbss .tbss.* .gnu.linkonce.tb.*)
 *(.tcommon)
 *(.stbss .stbss.*)
                0x00000000200005f0                . = ALIGN (0x4)
                0x0000000000000000                __tbss_size = SIZEOF (.tbss)
                0x00000000200005f0                __tbss_end = (__tbss_start + __tbss_size)
                0x0000000000000001                ASSERT (((__tbss_start == __tbss_end) || ((__tbss_end - ORIGIN (RAM)) <= LENGTH (RAM))), error: .tbss is too large to fit in RAM memory segment)
                0x00000000200005f0                . = ALIGN (0x4)
                0x00000000200005f0                . = SEGMENT_START ("ldata-segment", .)
                0x00000000200005f0                . = ALIGN (0x4)
                0x00000000200005f0                __heap_start = .

.heap           0x00000000200005f0     0x1000
                0x00000000200005f0                __HeapBase = .
                0x00000000200005f0                __heap_base = .
                0x00000000200005f0                __end = .
                0x00000000200005f0                PROVIDE (end = .)
                [!provide]                        PROVIDE (_end = .)
                [!provide]                        PROVIDE (__end__ = .)
 *(.heap*)
 .heap          0x00000000200005f0     0x1000 ../../../ucdev/build/staticlib/nrfx/debug/libnrf52832.a(gcc_startup_nrf52.S.o)
                0x00000000200015f0                __HeapLimit = .
                0x00000000200015f0                __heap_limit = .
                0x00000000200015f0                __heap_end = .

.stack_dummy    0x00000000200005f0     0x1000
 *(.stack*)
 .stack         0x00000000200005f0     0x1000 ../../../ucdev/build/staticlib/nrfx/debug/libnrf52832.a(gcc_startup_nrf52.S.o)
                0x0000000020010000                __stack_end = (ORIGIN (RAM) + LENGTH (RAM))
                0x0000000020010000                __StackTop = (ORIGIN (RAM) + LENGTH (RAM))
                0x000000002000f000                __StackLimit = (__StackTop - SIZEOF (.stack_dummy))
                0x0000000020010000                PROVIDE (__stack = __StackTop)
                0x0000000000000001                ASSERT ((__StackLimit >= __HeapLimit), region RAM overflowed with stack)
                0x0000000000000524                DataInitFlashUsed = (__bss_start - __data_start)
                0x0000000000003010                CodeFlashUsed = (_etext - ORIGIN (FLASH))
                0x0000000000003534                TotalFlashUsed = (CodeFlashUsed + DataInitFlashUsed)
                0x0000000000000001                ASSERT ((TotalFlashUsed <= LENGTH (FLASH)), region FLASH overflowed with .data and user data)
OUTPUT(debug/nrf52832/qdec.elf elf32-littlearm)
LOAD linker stubs

.ARM.attributes
                0x0000000000000000       0x30
 .ARM.attributes
                0x0000000000000000       0x22 /usr/lib/gcc/arm-none-eabi/12.2.0/thumb/v7e-m+fp/hard/crti.o
 .ARM.attributes
                0x0000000000000022       0x34 /usr/lib/gcc/arm-none-eabi/12.2.0/thumb/v7e-m+fp/hard/crtbegin.o
 .ARM.attributes
                0x0000000000000056       0x1c /usr/lib/gcc/arm-none-eabi/12.2.0/../../../../arm-none-eabi/lib/thumb/v7e-m+fp/hard/crt0.o
 .ARM.attributes
                0x0000000000000072       0x34 debug/nrf52832/build/main.c.o
 .ARM.attributes
                0x00000000000000a6       0x34 debug/nrf52832/build/SEGGER_RTT_Syscalls_GCC.c.o
 .ARM.attributes
                0x00000000000000da       0x34 ../../../ucdev/build/staticlib/rtt/debug/arm_m4f/librtt.a(SEGGER_RTT.c.o)
 .ARM.attributes
                0x000000000000010e       0x34 ../../../ucdev/build/staticlib/nrfx/debug/libnrf52832.a(nrfx_qdec.c.o)
 .ARM.attributes
                0x0000000000000142       0x20 ../../../ucdev/build/staticlib/nrfx/debug/libnrf52832.a(gcc_startup_nrf52.S.o)
 .ARM.attributes
                0x0000000000000162       0x34 ../../../ucdev/build/staticlib/nrfx/debug/libnrf52832.a(system_nrf52.c.o)
 .ARM.attributes
                0x0000000000000196       0x34 /usr/lib/gcc/arm-none-eabi/12.2.0/../../../../arm-none-eabi/lib/thumb/v7e-m+fp/hard/libc_nano.a(lib_a-assert.o)
 .ARM.attributes
                0x00000000000001ca       0x34 /usr/lib/gcc/arm-none-eabi/12.2.0/../../../../arm-none-eabi/lib/thumb/v7e-m+fp/hard/libc_nano.a(lib_a-atexit.o)
 .ARM.attributes
                0x00000000000001fe       0x34 /usr/lib/gcc/arm-none-eabi/12.2.0/../../../../arm-none-eabi/lib/thumb/v7e-m+fp/hard/libc_nano.a(lib_a-exit.o)
 .ARM.attributes
                0x0000000000000232       0x34 /usr/lib/gcc/arm-none-eabi/12.2.0/../../../../arm-none-eabi/lib/thumb/v7e-m+fp/hard/libc_nano.a(lib_a-fini.o)
 .ARM.attributes
                0x0000000000000266       0x34 /usr/lib/gcc/arm-none-eabi/12.2.0/../../../../arm-none-eabi/lib/thumb/v7e-m+fp/hard/libc_nano.a(lib_a-fprintf.o)
 .ARM.attributes
                0x000000000000029a       0x32 /usr/lib/gcc/arm-none-eabi/12.2.0/../../../../arm-none-eabi/lib/thumb/v7e-m+fp/hard/libc_nano.a(lib_a-impure.o)
 .ARM.attributes
                0x00000000000002cc       0x34 /usr/lib/gcc/arm-none-eabi/12.2.0/../../../../arm-none-eabi/lib/thumb/v7e-m+fp/hard/libc_nano.a(lib_a-init.o)
 .ARM.attributes
                0x0000000000000300       0x34 /usr/lib/gcc/arm-none-eabi/12.2.0/../../../../arm-none-eabi/lib/thumb/v7e-m+fp/hard/libc_nano.a(lib_a-memcpy-stub.o)
 .ARM.attributes
                0x0000000000000334       0x34 /usr/lib/gcc/arm-none-eabi/12.2.0/../../../../arm-none-eabi/lib/thumb/v7e-m+fp/hard/libc_nano.a(lib_a-memset.o)
 .ARM.attributes
                0x0000000000000368       0x34 /usr/lib/gcc/arm-none-eabi/12.2.0/../../../../arm-none-eabi/lib/thumb/v7e-m+fp/hard/libc_nano.a(lib_a-nano-vfprintf.o)
 .ARM.attributes
                0x000000000000039c       0x34 /usr/lib/gcc/arm-none-eabi/12.2.0/../../../../arm-none-eabi/lib/thumb/v7e-m+fp/hard/libc_nano.a(lib_a-printf.o)
 .ARM.attributes
                0x00000000000003d0       0x34 /usr/lib/gcc/arm-none-eabi/12.2.0/../../../../arm-none-eabi/lib/thumb/v7e-m+fp/hard/libc_nano.a(lib_a-puts.o)
 .ARM.attributes
                0x0000000000000404       0x34 /usr/lib/gcc/arm-none-eabi/12.2.0/../../../../arm-none-eabi/lib/thumb/v7e-m+fp/hard/libc_nano.a(lib_a-wbuf.o)
 .ARM.attributes
                0x0000000000000438       0x34 /usr/lib/gcc/arm-none-eabi/12.2.0/../../../../arm-none-eabi/lib/thumb/v7e-m+fp/hard/libc_nano.a(lib_a-wsetup.o)
 .ARM.attributes
                0x000000000000046c       0x34 /usr/lib/gcc/arm-none-eabi/12.2.0/../../../../arm-none-eabi/lib/thumb/v7e-m+fp/hard/libc_nano.a(lib_a-abort.o)
 .ARM.attributes
                0x00000000000004a0       0x34 /usr/lib/gcc/arm-none-eabi/12.2.0/../../../../arm-none-eabi/lib/thumb/v7e-m+fp/hard/libc_nano.a(lib_a-__atexit.o)
 .ARM.attributes
                0x00000000000004d4       0x34 /usr/lib/gcc/arm-none-eabi/12.2.0/../../../../arm-none-eabi/lib/thumb/v7e-m+fp/hard/libc_nano.a(lib_a-__call_atexit.o)
 .ARM.attributes
                0x0000000000000508       0x34 /usr/lib/gcc/arm-none-eabi/12.2.0/../../../../arm-none-eabi/lib/thumb/v7e-m+fp/hard/libc_nano.a(lib_a-fflush.o)
 .ARM.attributes
                0x000000000000053c       0x34 /usr/lib/gcc/arm-none-eabi/12.2.0/../../../../arm-none-eabi/lib/thumb/v7e-m+fp/hard/libc_nano.a(lib_a-findfp.o)
 .ARM.attributes
                0x0000000000000570       0x34 /usr/lib/gcc/arm-none-eabi/12.2.0/../../../../arm-none-eabi/lib/thumb/v7e-m+fp/hard/libc_nano.a(lib_a-fwalk.o)
 .ARM.attributes
                0x00000000000005a4       0x34 /usr/lib/gcc/arm-none-eabi/12.2.0/../../../../arm-none-eabi/lib/thumb/v7e-m+fp/hard/libc_nano.a(lib_a-lock.o)
 .ARM.attributes
                0x00000000000005d8       0x34 /usr/lib/gcc/arm-none-eabi/12.2.0/../../../../arm-none-eabi/lib/thumb/v7e-m+fp/hard/libc_nano.a(lib_a-makebuf.o)
 .ARM.attributes
                0x000000000000060c       0x1c /usr/lib/gcc/arm-none-eabi/12.2.0/../../../../arm-none-eabi/lib/thumb/v7e-m+fp/hard/libc_nano.a(lib_a-memchr.o)
 .ARM.attributes
                0x0000000000000628       0x34 /usr/lib/gcc/arm-none-eabi/12.2.0/../../../../arm-none-eabi/lib/thumb/v7e-m+fp/hard/libc_nano.a(lib_a-nano-freer.o)
 .ARM.attributes
                0x000000000000065c       0x34 /usr/lib/gcc/arm-none-eabi/12.2.0/../../../../arm-none-eabi/lib/thumb/v7e-m+fp/hard/libc_nano.a(lib_a-nano-mallocr.o)
 .ARM.attributes
                0x0000000000000690       0x34 /usr/lib/gcc/arm-none-eabi/12.2.0/../../../../arm-none-eabi/lib/thumb/v7e-m+fp/hard/libc_nano.a(lib_a-nano-vfprintf_i.o)
 .ARM.attributes
                0x00000000000006c4       0x34 /usr/lib/gcc/arm-none-eabi/12.2.0/../../../../arm-none-eabi/lib/thumb/v7e-m+fp/hard/libc_nano.a(lib_a-sbrkr.o)
 .ARM.attributes
                0x00000000000006f8       0x34 /usr/lib/gcc/arm-none-eabi/12.2.0/../../../../arm-none-eabi/lib/thumb/v7e-m+fp/hard/libc_nano.a(lib_a-signal.o)
 .ARM.attributes
                0x000000000000072c       0x34 /usr/lib/gcc/arm-none-eabi/12.2.0/../../../../arm-none-eabi/lib/thumb/v7e-m+fp/hard/libc_nano.a(lib_a-signalr.o)
 .ARM.attributes
                0x0000000000000760       0x34 /usr/lib/gcc/arm-none-eabi/12.2.0/../../../../arm-none-eabi/lib/thumb/v7e-m+fp/hard/libc_nano.a(lib_a-stdio.o)
 .ARM.attributes
                0x0000000000000794       0x34 /usr/lib/gcc/arm-none-eabi/12.2.0/../../../../arm-none-eabi/lib/thumb/v7e-m+fp/hard/libc_nano.a(lib_a-closer.o)
 .ARM.attributes
                0x00000000000007c8       0x34 /usr/lib/gcc/arm-none-eabi/12.2.0/../../../../arm-none-eabi/lib/thumb/v7e-m+fp/hard/libc_nano.a(lib_a-fstatr.o)
 .ARM.attributes
                0x00000000000007fc       0x34 /usr/lib/gcc/arm-none-eabi/12.2.0/../../../../arm-none-eabi/lib/thumb/v7e-m+fp/hard/libc_nano.a(lib_a-isattyr.o)
 .ARM.attributes
                0x0000000000000830       0x34 /usr/lib/gcc/arm-none-eabi/12.2.0/../../../../arm-none-eabi/lib/thumb/v7e-m+fp/hard/libc_nano.a(lib_a-lseekr.o)
 .ARM.attributes
                0x0000000000000864       0x34 /usr/lib/gcc/arm-none-eabi/12.2.0/../../../../arm-none-eabi/lib/thumb/v7e-m+fp/hard/libc_nano.a(lib_a-mlock.o)
 .ARM.attributes
                0x0000000000000898       0x34 /usr/lib/gcc/arm-none-eabi/12.2.0/../../../../arm-none-eabi/lib/thumb/v7e-m+fp/hard/libc_nano.a(lib_a-readr.o)
 .ARM.attributes
                0x00000000000008cc       0x34 /usr/lib/gcc/arm-none-eabi/12.2.0/../../../../arm-none-eabi/lib/thumb/v7e-m+fp/hard/libc_nano.a(lib_a-reent.o)
 .ARM.attributes
                0x0000000000000900       0x34 /usr/lib/gcc/arm-none-eabi/12.2.0/../../../../arm-none-eabi/lib/thumb/v7e-m+fp/hard/libnosys.a(close.o)
 .ARM.attributes
                0x0000000000000934       0x34 /usr/lib/gcc/arm-none-eabi/12.2.0/../../../../arm-none-eabi/lib/thumb/v7e-m+fp/hard/libnosys.a(fstat.o)
 .ARM.attributes
                0x0000000000000968       0x34 /usr/lib/gcc/arm-none-eabi/12.2.0/../../../../arm-none-eabi/lib/thumb/v7e-m+fp/hard/libnosys.a(getpid.o)
 .ARM.attributes
                0x000000000000099c       0x34 /usr/lib/gcc/arm-none-eabi/12.2.0/../../../../arm-none-eabi/lib/thumb/v7e-m+fp/hard/libnosys.a(isatty.o)
 .ARM.attributes
                0x00000000000009d0       0x34 /usr/lib/gcc/arm-none-eabi/12.2.0/../../../../arm-none-eabi/lib/thumb/v7e-m+fp/hard/libnosys.a(kill.o)
 .ARM.attributes
                0x0000000000000a04       0x34 /usr/lib/gcc/arm-none-eabi/12.2.0/../../../../arm-none-eabi/lib/thumb/v7e-m+fp/hard/libnosys.a(lseek.o)
 .ARM.attributes
                0x0000000000000a38       0x34 /usr/lib/gcc/arm-none-eabi/12.2.0/../../../../arm-none-eabi/lib/thumb/v7e-m+fp/hard/libnosys.a(read.o)
 .ARM.attributes
                0x0000000000000a6c       0x34 /usr/lib/gcc/arm-none-eabi/12.2.0/../../../../arm-none-eabi/lib/thumb/v7e-m+fp/hard/libnosys.a(sbrk.o)
 .ARM.attributes
                0x0000000000000aa0       0x34 /usr/lib/gcc/arm-none-eabi/12.2.0/../../../../arm-none-eabi/lib/thumb/v7e-m+fp/hard/libnosys.a(_exit.o)
 .ARM.attributes
                0x0000000000000ad4       0x34 /usr/lib/gcc/arm-none-eabi/12.2.0/thumb/v7e-m+fp/hard/crtend.o
 .ARM.attributes
                0x0000000000000b08       0x22 /usr/lib/gcc/arm-none-eabi/12.2.0/thumb/v7e-m+fp/hard/crtn.o

.comment        0x0000000000000000       0x3c
 .comment       0x0000000000000000       0x1e debug/nrf52832/build/main.c.o
                                         0x1f (size before relaxing)
 .comment       0x000000000000001e       0x1f debug/nrf52832/build/SEGGER_RTT_Syscalls_GCC.c.o
 .comment       0x000000000000001e       0x1f ../../../ucdev/build/staticlib/rtt/debug/arm_m4f/librtt.a(SEGGER_RTT.c.o)
 .comment       0x000000000000001e       0x1f ../../../ucdev/build/staticlib/nrfx/debug/libnrf52832.a(nrfx_qdec.c.o)
 .comment       0x000000000000001e       0x1f ../../../ucdev/build/staticlib/nrfx/debug/libnrf52832.a(system_nrf52.c.o)
 .comment       0x000000000000001e       0x1e /usr/lib/gcc/arm-none-eabi/12.2.0/../../../../arm-none-eabi/lib/thumb/v7e-m+fp/hard/libc_nano.a(lib_a-assert.o)
                                         0x1f (size before relaxing)
 .comment       0x000000000000003c       0x1f /usr/lib/gcc/arm-none-eabi/12.2.0/../../../../arm-none-eabi/lib/thumb/v7e-m+fp/hard/libc_nano.a(lib_a-atexit.o)
 .comment       0x000000000000003c       0x1f /usr/lib/gcc/arm-none-eabi/12.2.0/../../../../arm-none-eabi/lib/thumb/v7e-m+fp/hard/libc_nano.a(lib_a-exit.o)
 .comment       0x000000000000003c       0x1f /usr/lib/gcc/arm-none-eabi/12.2.0/../../../../arm-none-eabi/lib/thumb/v7e-m+fp/hard/libc_nano.a(lib_a-fini.o)
 .comment       0x000000000000003c       0x1f /usr/lib/gcc/arm-none-eabi/12.2.0/../../../../arm-none-eabi/lib/thumb/v7e-m+fp/hard/libc_nano.a(lib_a-fprintf.o)
 .comment       0x000000000000003c       0x1f /usr/lib/gcc/arm-none-eabi/12.2.0/../../../../arm-none-eabi/lib/thumb/v7e-m+fp/hard/libc_nano.a(lib_a-impure.o)
 .comment       0x000000000000003c       0x1f /usr/lib/gcc/arm-none-eabi/12.2.0/../../../../arm-none-eabi/lib/thumb/v7e-m+fp/hard/libc_nano.a(lib_a-init.o)
 .comment       0x000000000000003c       0x1f /usr/lib/gcc/arm-none-eabi/12.2.0/../../../../arm-none-eabi/lib/thumb/v7e-m+fp/hard/libc_nano.a(lib_a-memcpy-stub.o)
 .comment       0x000000000000003c       0x1f /usr/lib/gcc/arm-none-eabi/12.2.0/../../../../arm-none-eabi/lib/thumb/v7e-m+fp/hard/libc_nano.a(lib_a-memset.o)
 .comment       0x000000000000003c       0x1f /usr/lib/gcc/arm-none-eabi/12.2.0/../../../../arm-none-eabi/lib/thumb/v7e-m+fp/hard/libc_nano.a(lib_a-nano-vfprintf.o)
 .comment       0x000000000000003c       0x1f /usr/lib/gcc/arm-none-eabi/12.2.0/../../../../arm-none-eabi/lib/thumb/v7e-m+fp/hard/libc_nano.a(lib_a-printf.o)
 .comment       0x000000000000003c       0x1f /usr/lib/gcc/arm-none-eabi/12.2.0/../../../../arm-none-eabi/lib/thumb/v7e-m+fp/hard/libc_nano.a(lib_a-puts.o)
 .comment       0x000000000000003c       0x1f /usr/lib/gcc/arm-none-eabi/12.2.0/../../../../arm-none-eabi/lib/thumb/v7e-m+fp/hard/libc_nano.a(lib_a-wbuf.o)
 .comment       0x000000000000003c       0x1f /usr/lib/gcc/arm-none-eabi/12.2.0/../../../../arm-none-eabi/lib/thumb/v7e-m+fp/hard/libc_nano.a(lib_a-wsetup.o)
 .comment       0x000000000000003c       0x1f /usr/lib/gcc/arm-none-eabi/12.2.0/../../../../arm-none-eabi/lib/thumb/v7e-m+fp/hard/libc_nano.a(lib_a-abort.o)
 .comment       0x000000000000003c       0x1f /usr/lib/gcc/arm-none-eabi/12.2.0/../../../../arm-none-eabi/lib/thumb/v7e-m+fp/hard/libc_nano.a(lib_a-__atexit.o)
 .comment       0x000000000000003c       0x1f /usr/lib/gcc/arm-none-eabi/12.2.0/../../../../arm-none-eabi/lib/thumb/v7e-m+fp/hard/libc_nano.a(lib_a-__call_atexit.o)
 .comment       0x000000000000003c       0x1f /usr/lib/gcc/arm-none-eabi/12.2.0/../../../../arm-none-eabi/lib/thumb/v7e-m+fp/hard/libc_nano.a(lib_a-fflush.o)
 .comment       0x000000000000003c       0x1f /usr/lib/gcc/arm-none-eabi/12.2.0/../../../../arm-none-eabi/lib/thumb/v7e-m+fp/hard/libc_nano.a(lib_a-findfp.o)
 .comment       0x000000000000003c       0x1f /usr/lib/gcc/arm-none-eabi/12.2.0/../../../../arm-none-eabi/lib/thumb/v7e-m+fp/hard/libc_nano.a(lib_a-fwalk.o)
 .comment       0x000000000000003c       0x1f /usr/lib/gcc/arm-none-eabi/12.2.0/../../../../arm-none-eabi/lib/thumb/v7e-m+fp/hard/libc_nano.a(lib_a-lock.o)
 .comment       0x000000000000003c       0x1f /usr/lib/gcc/arm-none-eabi/12.2.0/../../../../arm-none-eabi/lib/thumb/v7e-m+fp/hard/libc_nano.a(lib_a-makebuf.o)
 .comment       0x000000000000003c       0x1f /usr/lib/gcc/arm-none-eabi/12.2.0/../../../../arm-none-eabi/lib/thumb/v7e-m+fp/hard/libc_nano.a(lib_a-nano-freer.o)
 .comment       0x000000000000003c       0x1f /usr/lib/gcc/arm-none-eabi/12.2.0/../../../../arm-none-eabi/lib/thumb/v7e-m+fp/hard/libc_nano.a(lib_a-nano-mallocr.o)
 .comment       0x000000000000003c       0x1f /usr/lib/gcc/arm-none-eabi/12.2.0/../../../../arm-none-eabi/lib/thumb/v7e-m+fp/hard/libc_nano.a(lib_a-nano-vfprintf_i.o)
 .comment       0x000000000000003c       0x1f /usr/lib/gcc/arm-none-eabi/12.2.0/../../../../arm-none-eabi/lib/thumb/v7e-m+fp/hard/libc_nano.a(lib_a-sbrkr.o)
 .comment       0x000000000000003c       0x1f /usr/lib/gcc/arm-none-eabi/12.2.0/../../../../arm-none-eabi/lib/thumb/v7e-m+fp/hard/libc_nano.a(lib_a-signal.o)
 .comment       0x000000000000003c       0x1f /usr/lib/gcc/arm-none-eabi/12.2.0/../../../../arm-none-eabi/lib/thumb/v7e-m+fp/hard/libc_nano.a(lib_a-signalr.o)
 .comment       0x000000000000003c       0x1f /usr/lib/gcc/arm-none-eabi/12.2.0/../../../../arm-none-eabi/lib/thumb/v7e-m+fp/hard/libc_nano.a(lib_a-stdio.o)
 .comment       0x000000000000003c       0x1f /usr/lib/gcc/arm-none-eabi/12.2.0/../../../../arm-none-eabi/lib/thumb/v7e-m+fp/hard/libc_nano.a(lib_a-closer.o)
 .comment       0x000000000000003c       0x1f /usr/lib/gcc/arm-none-eabi/12.2.0/../../../../arm-none-eabi/lib/thumb/v7e-m+fp/hard/libc_nano.a(lib_a-fstatr.o)
 .comment       0x000000000000003c       0x1f /usr/lib/gcc/arm-none-eabi/12.2.0/../../../../arm-none-eabi/lib/thumb/v7e-m+fp/hard/libc_nano.a(lib_a-isattyr.o)
 .comment       0x000000000000003c       0x1f /usr/lib/gcc/arm-none-eabi/12.2.0/../../../../arm-none-eabi/lib/thumb/v7e-m+fp/hard/libc_nano.a(lib_a-lseekr.o)
 .comment       0x000000000000003c       0x1f /usr/lib/gcc/arm-none-eabi/12.2.0/../../../../arm-none-eabi/lib/thumb/v7e-m+fp/hard/libc_nano.a(lib_a-mlock.o)
 .comment       0x000000000000003c       0x1f /usr/lib/gcc/arm-none-eabi/12.2.0/../../../../arm-none-eabi/lib/thumb/v7e-m+fp/hard/libc_nano.a(lib_a-readr.o)
 .comment       0x000000000000003c       0x1f /usr/lib/gcc/arm-none-eabi/12.2.0/../../../../arm-none-eabi/lib/thumb/v7e-m+fp/hard/libc_nano.a(lib_a-reent.o)

.debug_line_str
                0x0000000000000000       0xe9
 .debug_line_str
                0x0000000000000000       0x42 /usr/lib/gcc/arm-none-eabi/12.2.0/../../../../arm-none-eabi/lib/thumb/v7e-m+fp/hard/crt0.o
                                         0x84 (size before relaxing)
 .debug_line_str
                0x0000000000000042       0x55 ../../../ucdev/build/staticlib/nrfx/debug/libnrf52832.a(gcc_startup_nrf52.S.o)
 .debug_line_str
                0x0000000000000097       0x52 /usr/lib/gcc/arm-none-eabi/12.2.0/../../../../arm-none-eabi/lib/thumb/v7e-m+fp/hard/libc_nano.a(lib_a-memchr.o)
                                         0xa4 (size before relaxing)

.debug_info     0x0000000000000000    0x182dd
 .debug_info    0x0000000000000000      0x8c7 debug/nrf52832/build/main.c.o
 .debug_info    0x00000000000008c7      0x960 debug/nrf52832/build/SEGGER_RTT_Syscalls_GCC.c.o
 .debug_info    0x0000000000001227     0x1497 ../../../ucdev/build/staticlib/rtt/debug/arm_m4f/librtt.a(SEGGER_RTT.c.o)
 .debug_info    0x00000000000026be     0x16eb ../../../ucdev/build/staticlib/nrfx/debug/libnrf52832.a(nrfx_qdec.c.o)
 .debug_info    0x0000000000003da9      0x235 ../../../ucdev/build/staticlib/nrfx/debug/libnrf52832.a(gcc_startup_nrf52.S.o)
 .debug_info    0x0000000000003fde     0x2e1e ../../../ucdev/build/staticlib/nrfx/debug/libnrf52832.a(system_nrf52.c.o)
 .debug_info    0x0000000000006dfc      0x87e /usr/lib/gcc/arm-none-eabi/12.2.0/../../../../arm-none-eabi/lib/thumb/v7e-m+fp/hard/libc_nano.a(lib_a-assert.o)
 .debug_info    0x000000000000767a      0x118 /usr/lib/gcc/arm-none-eabi/12.2.0/../../../../arm-none-eabi/lib/thumb/v7e-m+fp/hard/libc_nano.a(lib_a-atexit.o)
 .debug_info    0x0000000000007792      0x7d5 /usr/lib/gcc/arm-none-eabi/12.2.0/../../../../arm-none-eabi/lib/thumb/v7e-m+fp/hard/libc_nano.a(lib_a-exit.o)
 .debug_info    0x0000000000007f67       0xf7 /usr/lib/gcc/arm-none-eabi/12.2.0/../../../../arm-none-eabi/lib/thumb/v7e-m+fp/hard/libc_nano.a(lib_a-fini.o)
 .debug_info    0x000000000000805e      0x8b5 /usr/lib/gcc/arm-none-eabi/12.2.0/../../../../arm-none-eabi/lib/thumb/v7e-m+fp/hard/libc_nano.a(lib_a-fprintf.o)
 .debug_info    0x0000000000008913      0x806 /usr/lib/gcc/arm-none-eabi/12.2.0/../../../../arm-none-eabi/lib/thumb/v7e-m+fp/hard/libc_nano.a(lib_a-impure.o)
 .debug_info    0x0000000000009119      0x10b /usr/lib/gcc/arm-none-eabi/12.2.0/../../../../arm-none-eabi/lib/thumb/v7e-m+fp/hard/libc_nano.a(lib_a-init.o)
 .debug_info    0x0000000000009224      0x121 /usr/lib/gcc/arm-none-eabi/12.2.0/../../../../arm-none-eabi/lib/thumb/v7e-m+fp/hard/libc_nano.a(lib_a-memcpy-stub.o)
 .debug_info    0x0000000000009345       0xe0 /usr/lib/gcc/arm-none-eabi/12.2.0/../../../../arm-none-eabi/lib/thumb/v7e-m+fp/hard/libc_nano.a(lib_a-memset.o)
 .debug_info    0x0000000000009425     0x1176 /usr/lib/gcc/arm-none-eabi/12.2.0/../../../../arm-none-eabi/lib/thumb/v7e-m+fp/hard/libc_nano.a(lib_a-nano-vfprintf.o)
 .debug_info    0x000000000000a59b      0x8da /usr/lib/gcc/arm-none-eabi/12.2.0/../../../../arm-none-eabi/lib/thumb/v7e-m+fp/hard/libc_nano.a(lib_a-printf.o)
 .debug_info    0x000000000000ae75      0xa53 /usr/lib/gcc/arm-none-eabi/12.2.0/../../../../arm-none-eabi/lib/thumb/v7e-m+fp/hard/libc_nano.a(lib_a-puts.o)
 .debug_info    0x000000000000b8c8      0x95d /usr/lib/gcc/arm-none-eabi/12.2.0/../../../../arm-none-eabi/lib/thumb/v7e-m+fp/hard/libc_nano.a(lib_a-wbuf.o)
 .debug_info    0x000000000000c225      0x8b9 /usr/lib/gcc/arm-none-eabi/12.2.0/../../../../arm-none-eabi/lib/thumb/v7e-m+fp/hard/libc_nano.a(lib_a-wsetup.o)
 .debug_info    0x000000000000cade       0xd8 /usr/lib/gcc/arm-none-eabi/12.2.0/../../../../arm-none-eabi/lib/thumb/v7e-m+fp/hard/libc_nano.a(lib_a-abort.o)
 .debug_info    0x000000000000cbb6      0x2fe /usr/lib/gcc/arm-none-eabi/12.2.0/../../../../arm-none-eabi/lib/thumb/v7e-m+fp/hard/libc_nano.a(lib_a-__atexit.o)
 .debug_info    0x000000000000ceb4      0x28f /usr/lib/gcc/arm-none-eabi/12.2.0/../../../../arm-none-eabi/lib/thumb/v7e-m+fp/hard/libc_nano.a(lib_a-__call_atexit.o)
 .debug_info    0x000000000000d143      0xa9e /usr/lib/gcc/arm-none-eabi/12.2.0/../../../../arm-none-eabi/lib/thumb/v7e-m+fp/hard/libc_nano.a(lib_a-fflush.o)
 .debug_info    0x000000000000dbe1      0xff1 /usr/lib/gcc/arm-none-eabi/12.2.0/../../../../arm-none-eabi/lib/thumb/v7e-m+fp/hard/libc_nano.a(lib_a-findfp.o)
 .debug_info    0x000000000000ebd2      0x899 /usr/lib/gcc/arm-none-eabi/12.2.0/../../../../arm-none-eabi/lib/thumb/v7e-m+fp/hard/libc_nano.a(lib_a-fwalk.o)
 .debug_info    0x000000000000f46b      0x21a /usr/lib/gcc/arm-none-eabi/12.2.0/../../../../arm-none-eabi/lib/thumb/v7e-m+fp/hard/libc_nano.a(lib_a-lock.o)
 .debug_info    0x000000000000f685      0xb8b /usr/lib/gcc/arm-none-eabi/12.2.0/../../../../arm-none-eabi/lib/thumb/v7e-m+fp/hard/libc_nano.a(lib_a-makebuf.o)
 .debug_info    0x0000000000010210       0x25 /usr/lib/gcc/arm-none-eabi/12.2.0/../../../../arm-none-eabi/lib/thumb/v7e-m+fp/hard/libc_nano.a(lib_a-memchr.o)
 .debug_info    0x0000000000010235      0x8a6 /usr/lib/gcc/arm-none-eabi/12.2.0/../../../../arm-none-eabi/lib/thumb/v7e-m+fp/hard/libc_nano.a(lib_a-nano-freer.o)
 .debug_info    0x0000000000010adb      0xa1c /usr/lib/gcc/arm-none-eabi/12.2.0/../../../../arm-none-eabi/lib/thumb/v7e-m+fp/hard/libc_nano.a(lib_a-nano-mallocr.o)
 .debug_info    0x00000000000114f7      0xe42 /usr/lib/gcc/arm-none-eabi/12.2.0/../../../../arm-none-eabi/lib/thumb/v7e-m+fp/hard/libc_nano.a(lib_a-nano-vfprintf_i.o)
 .debug_info    0x0000000000012339      0x7dc /usr/lib/gcc/arm-none-eabi/12.2.0/../../../../arm-none-eabi/lib/thumb/v7e-m+fp/hard/libc_nano.a(lib_a-sbrkr.o)
 .debug_info    0x0000000000012b15      0xa8f /usr/lib/gcc/arm-none-eabi/12.2.0/../../../../arm-none-eabi/lib/thumb/v7e-m+fp/hard/libc_nano.a(lib_a-signal.o)
 .debug_info    0x00000000000135a4      0x83e /usr/lib/gcc/arm-none-eabi/12.2.0/../../../../arm-none-eabi/lib/thumb/v7e-m+fp/hard/libc_nano.a(lib_a-signalr.o)
 .debug_info    0x0000000000013de2      0xab4 /usr/lib/gcc/arm-none-eabi/12.2.0/../../../../arm-none-eabi/lib/thumb/v7e-m+fp/hard/libc_nano.a(lib_a-stdio.o)
 .debug_info    0x0000000000014896      0x7b7 /usr/lib/gcc/arm-none-eabi/12.2.0/../../../../arm-none-eabi/lib/thumb/v7e-m+fp/hard/libc_nano.a(lib_a-closer.o)
 .debug_info    0x000000000001504d      0x9d5 /usr/lib/gcc/arm-none-eabi/12.2.0/../../../../arm-none-eabi/lib/thumb/v7e-m+fp/hard/libc_nano.a(lib_a-fstatr.o)
 .debug_info    0x0000000000015a22      0x7b7 /usr/lib/gcc/arm-none-eabi/12.2.0/../../../../arm-none-eabi/lib/thumb/v7e-m+fp/hard/libc_nano.a(lib_a-isattyr.o)
 .debug_info    0x00000000000161d9      0x7f6 /usr/lib/gcc/arm-none-eabi/12.2.0/../../../../arm-none-eabi/lib/thumb/v7e-m+fp/hard/libc_nano.a(lib_a-lseekr.o)
 .debug_info    0x00000000000169cf      0x7cb /usr/lib/gcc/arm-none-eabi/12.2.0/../../../../arm-none-eabi/lib/thumb/v7e-m+fp/hard/libc_nano.a(lib_a-mlock.o)
 .debug_info    0x000000000001719a      0x80d /usr/lib/gcc/arm-none-eabi/12.2.0/../../../../arm-none-eabi/lib/thumb/v7e-m+fp/hard/libc_nano.a(lib_a-readr.o)
 .debug_info    0x00000000000179a7      0x936 /usr/lib/gcc/arm-none-eabi/12.2.0/../../../../arm-none-eabi/lib/thumb/v7e-m+fp/hard/libc_nano.a(lib_a-reent.o)

.debug_abbrev   0x0000000000000000     0x5012
 .debug_abbrev  0x0000000000000000      0x32c debug/nrf52832/build/main.c.o
 .debug_abbrev  0x000000000000032c      0x21a debug/nrf52832/build/SEGGER_RTT_Syscalls_GCC.c.o
 .debug_abbrev  0x0000000000000546      0x238 ../../../ucdev/build/staticlib/rtt/debug/arm_m4f/librtt.a(SEGGER_RTT.c.o)
 .debug_abbrev  0x000000000000077e      0x303 ../../../ucdev/build/staticlib/nrfx/debug/libnrf52832.a(nrfx_qdec.c.o)
 .debug_abbrev  0x0000000000000a81       0x21 ../../../ucdev/build/staticlib/nrfx/debug/libnrf52832.a(gcc_startup_nrf52.S.o)
 .debug_abbrev  0x0000000000000aa2      0x25e ../../../ucdev/build/staticlib/nrfx/debug/libnrf52832.a(system_nrf52.c.o)
 .debug_abbrev  0x0000000000000d00      0x1ea /usr/lib/gcc/arm-none-eabi/12.2.0/../../../../arm-none-eabi/lib/thumb/v7e-m+fp/hard/libc_nano.a(lib_a-assert.o)
 .debug_abbrev  0x0000000000000eea       0xc1 /usr/lib/gcc/arm-none-eabi/12.2.0/../../../../arm-none-eabi/lib/thumb/v7e-m+fp/hard/libc_nano.a(lib_a-atexit.o)
 .debug_abbrev  0x0000000000000fab      0x1d2 /usr/lib/gcc/arm-none-eabi/12.2.0/../../../../arm-none-eabi/lib/thumb/v7e-m+fp/hard/libc_nano.a(lib_a-exit.o)
 .debug_abbrev  0x000000000000117d       0xcc /usr/lib/gcc/arm-none-eabi/12.2.0/../../../../arm-none-eabi/lib/thumb/v7e-m+fp/hard/libc_nano.a(lib_a-fini.o)
 .debug_abbrev  0x0000000000001249      0x21d /usr/lib/gcc/arm-none-eabi/12.2.0/../../../../arm-none-eabi/lib/thumb/v7e-m+fp/hard/libc_nano.a(lib_a-fprintf.o)
 .debug_abbrev  0x0000000000001466      0x15a /usr/lib/gcc/arm-none-eabi/12.2.0/../../../../arm-none-eabi/lib/thumb/v7e-m+fp/hard/libc_nano.a(lib_a-impure.o)
 .debug_abbrev  0x00000000000015c0       0xc9 /usr/lib/gcc/arm-none-eabi/12.2.0/../../../../arm-none-eabi/lib/thumb/v7e-m+fp/hard/libc_nano.a(lib_a-init.o)
 .debug_abbrev  0x0000000000001689       0xc1 /usr/lib/gcc/arm-none-eabi/12.2.0/../../../../arm-none-eabi/lib/thumb/v7e-m+fp/hard/libc_nano.a(lib_a-memcpy-stub.o)
 .debug_abbrev  0x000000000000174a       0x9e /usr/lib/gcc/arm-none-eabi/12.2.0/../../../../arm-none-eabi/lib/thumb/v7e-m+fp/hard/libc_nano.a(lib_a-memset.o)
 .debug_abbrev  0x00000000000017e8      0x317 /usr/lib/gcc/arm-none-eabi/12.2.0/../../../../arm-none-eabi/lib/thumb/v7e-m+fp/hard/libc_nano.a(lib_a-nano-vfprintf.o)
 .debug_abbrev  0x0000000000001aff      0x23a /usr/lib/gcc/arm-none-eabi/12.2.0/../../../../arm-none-eabi/lib/thumb/v7e-m+fp/hard/libc_nano.a(lib_a-printf.o)
 .debug_abbrev  0x0000000000001d39      0x2a8 /usr/lib/gcc/arm-none-eabi/12.2.0/../../../../arm-none-eabi/lib/thumb/v7e-m+fp/hard/libc_nano.a(lib_a-puts.o)
 .debug_abbrev  0x0000000000001fe1      0x22e /usr/lib/gcc/arm-none-eabi/12.2.0/../../../../arm-none-eabi/lib/thumb/v7e-m+fp/hard/libc_nano.a(lib_a-wbuf.o)
 .debug_abbrev  0x000000000000220f      0x1d9 /usr/lib/gcc/arm-none-eabi/12.2.0/../../../../arm-none-eabi/lib/thumb/v7e-m+fp/hard/libc_nano.a(lib_a-wsetup.o)
 .debug_abbrev  0x00000000000023e8       0x99 /usr/lib/gcc/arm-none-eabi/12.2.0/../../../../arm-none-eabi/lib/thumb/v7e-m+fp/hard/libc_nano.a(lib_a-abort.o)
 .debug_abbrev  0x0000000000002481      0x1f0 /usr/lib/gcc/arm-none-eabi/12.2.0/../../../../arm-none-eabi/lib/thumb/v7e-m+fp/hard/libc_nano.a(lib_a-__atexit.o)
 .debug_abbrev  0x0000000000002671      0x1cd /usr/lib/gcc/arm-none-eabi/12.2.0/../../../../arm-none-eabi/lib/thumb/v7e-m+fp/hard/libc_nano.a(lib_a-__call_atexit.o)
 .debug_abbrev  0x000000000000283e      0x2a7 /usr/lib/gcc/arm-none-eabi/12.2.0/../../../../arm-none-eabi/lib/thumb/v7e-m+fp/hard/libc_nano.a(lib_a-fflush.o)
 .debug_abbrev  0x0000000000002ae5      0x398 /usr/lib/gcc/arm-none-eabi/12.2.0/../../../../arm-none-eabi/lib/thumb/v7e-m+fp/hard/libc_nano.a(lib_a-findfp.o)
 .debug_abbrev  0x0000000000002e7d      0x19f /usr/lib/gcc/arm-none-eabi/12.2.0/../../../../arm-none-eabi/lib/thumb/v7e-m+fp/hard/libc_nano.a(lib_a-fwalk.o)
 .debug_abbrev  0x000000000000301c      0x115 /usr/lib/gcc/arm-none-eabi/12.2.0/../../../../arm-none-eabi/lib/thumb/v7e-m+fp/hard/libc_nano.a(lib_a-lock.o)
 .debug_abbrev  0x0000000000003131      0x2a3 /usr/lib/gcc/arm-none-eabi/12.2.0/../../../../arm-none-eabi/lib/thumb/v7e-m+fp/hard/libc_nano.a(lib_a-makebuf.o)
 .debug_abbrev  0x00000000000033d4       0x14 /usr/lib/gcc/arm-none-eabi/12.2.0/../../../../arm-none-eabi/lib/thumb/v7e-m+fp/hard/libc_nano.a(lib_a-memchr.o)
 .debug_abbrev  0x00000000000033e8      0x23b /usr/lib/gcc/arm-none-eabi/12.2.0/../../../../arm-none-eabi/lib/thumb/v7e-m+fp/hard/libc_nano.a(lib_a-nano-freer.o)
 .debug_abbrev  0x0000000000003623      0x24a /usr/lib/gcc/arm-none-eabi/12.2.0/../../../../arm-none-eabi/lib/thumb/v7e-m+fp/hard/libc_nano.a(lib_a-nano-mallocr.o)
 .debug_abbrev  0x000000000000386d      0x28e /usr/lib/gcc/arm-none-eabi/12.2.0/../../../../arm-none-eabi/lib/thumb/v7e-m+fp/hard/libc_nano.a(lib_a-nano-vfprintf_i.o)
 .debug_abbrev  0x0000000000003afb      0x1da /usr/lib/gcc/arm-none-eabi/12.2.0/../../../../arm-none-eabi/lib/thumb/v7e-m+fp/hard/libc_nano.a(lib_a-sbrkr.o)
 .debug_abbrev  0x0000000000003cd5      0x296 /usr/lib/gcc/arm-none-eabi/12.2.0/../../../../arm-none-eabi/lib/thumb/v7e-m+fp/hard/libc_nano.a(lib_a-signal.o)
 .debug_abbrev  0x0000000000003f6b      0x1fd /usr/lib/gcc/arm-none-eabi/12.2.0/../../../../arm-none-eabi/lib/thumb/v7e-m+fp/hard/libc_nano.a(lib_a-signalr.o)
 .debug_abbrev  0x0000000000004168      0x221 /usr/lib/gcc/arm-none-eabi/12.2.0/../../../../arm-none-eabi/lib/thumb/v7e-m+fp/hard/libc_nano.a(lib_a-stdio.o)
 .debug_abbrev  0x0000000000004389      0x1b0 /usr/lib/gcc/arm-none-eabi/12.2.0/../../../../arm-none-eabi/lib/thumb/v7e-m+fp/hard/libc_nano.a(lib_a-closer.o)
 .debug_abbrev  0x0000000000004539      0x1c3 /usr/lib/gcc/arm-none-eabi/12.2.0/../../../../arm-none-eabi/lib/thumb/v7e-m+fp/hard/libc_nano.a(lib_a-fstatr.o)
 .debug_abbrev  0x00000000000046fc      0x1b0 /usr/lib/gcc/arm-none-eabi/12.2.0/../../../../arm-none-eabi/lib/thumb/v7e-m+fp/hard/libc_nano.a(lib_a-isattyr.o)
 .debug_abbrev  0x00000000000048ac      0x1c4 /usr/lib/gcc/arm-none-eabi/12.2.0/../../../../arm-none-eabi/lib/thumb/v7e-m+fp/hard/libc_nano.a(lib_a-lseekr.o)
 .debug_abbrev  0x0000000000004a70      0x1bf /usr/lib/gcc/arm-none-eabi/12.2.0/../../../../arm-none-eabi/lib/thumb/v7e-m+fp/hard/libc_nano.a(lib_a-mlock.o)
 .debug_abbrev  0x0000000000004c2f      0x1b0 /usr/lib/gcc/arm-none-eabi/12.2.0/../../../../arm-none-eabi/lib/thumb/v7e-m+fp/hard/libc_nano.a(lib_a-readr.o)
 .debug_abbrev  0x0000000000004ddf      0x233 /usr/lib/gcc/arm-none-eabi/12.2.0/../../../../arm-none-eabi/lib/thumb/v7e-m+fp/hard/libc_nano.a(lib_a-reent.o)

.debug_aranges  0x0000000000000000      0xf48
 .debug_aranges
                0x0000000000000000       0x58 debug/nrf52832/build/main.c.o
 .debug_aranges
                0x0000000000000058       0x28 debug/nrf52832/build/SEGGER_RTT_Syscalls_GCC.c.o
 .debug_aranges
                0x0000000000000080      0x138 ../../../ucdev/build/staticlib/rtt/debug/arm_m4f/librtt.a(SEGGER_RTT.c.o)
 .debug_aranges
                0x00000000000001b8      0x150 ../../../ucdev/build/staticlib/nrfx/debug/libnrf52832.a(nrfx_qdec.c.o)
 .debug_aranges
                0x0000000000000308       0x20 ../../../ucdev/build/staticlib/nrfx/debug/libnrf52832.a(gcc_startup_nrf52.S.o)
 .debug_aranges
                0x0000000000000328      0x630 ../../../ucdev/build/staticlib/nrfx/debug/libnrf52832.a(system_nrf52.c.o)
 .debug_aranges
                0x0000000000000958       0x28 /usr/lib/gcc/arm-none-eabi/12.2.0/../../../../arm-none-eabi/lib/thumb/v7e-m+fp/hard/libc_nano.a(lib_a-assert.o)
 .debug_aranges
                0x0000000000000980       0x20 /usr/lib/gcc/arm-none-eabi/12.2.0/../../../../arm-none-eabi/lib/thumb/v7e-m+fp/hard/libc_nano.a(lib_a-atexit.o)
 .debug_aranges
                0x00000000000009a0       0x20 /usr/lib/gcc/arm-none-eabi/12.2.0/../../../../arm-none-eabi/lib/thumb/v7e-m+fp/hard/libc_nano.a(lib_a-exit.o)
 .debug_aranges
                0x00000000000009c0       0x20 /usr/lib/gcc/arm-none-eabi/12.2.0/../../../../arm-none-eabi/lib/thumb/v7e-m+fp/hard/libc_nano.a(lib_a-fini.o)
 .debug_aranges
                0x00000000000009e0       0x28 /usr/lib/gcc/arm-none-eabi/12.2.0/../../../../arm-none-eabi/lib/thumb/v7e-m+fp/hard/libc_nano.a(lib_a-fprintf.o)
 .debug_aranges
                0x0000000000000a08       0x18 /usr/lib/gcc/arm-none-eabi/12.2.0/../../../../arm-none-eabi/lib/thumb/v7e-m+fp/hard/libc_nano.a(lib_a-impure.o)
 .debug_aranges
                0x0000000000000a20       0x20 /usr/lib/gcc/arm-none-eabi/12.2.0/../../../../arm-none-eabi/lib/thumb/v7e-m+fp/hard/libc_nano.a(lib_a-init.o)
 .debug_aranges
                0x0000000000000a40       0x20 /usr/lib/gcc/arm-none-eabi/12.2.0/../../../../arm-none-eabi/lib/thumb/v7e-m+fp/hard/libc_nano.a(lib_a-memcpy-stub.o)
 .debug_aranges
                0x0000000000000a60       0x20 /usr/lib/gcc/arm-none-eabi/12.2.0/../../../../arm-none-eabi/lib/thumb/v7e-m+fp/hard/libc_nano.a(lib_a-memset.o)
 .debug_aranges
                0x0000000000000a80       0x40 /usr/lib/gcc/arm-none-eabi/12.2.0/../../../../arm-none-eabi/lib/thumb/v7e-m+fp/hard/libc_nano.a(lib_a-nano-vfprintf.o)
 .debug_aranges
                0x0000000000000ac0       0x28 /usr/lib/gcc/arm-none-eabi/12.2.0/../../../../arm-none-eabi/lib/thumb/v7e-m+fp/hard/libc_nano.a(lib_a-printf.o)
 .debug_aranges
                0x0000000000000ae8       0x28 /usr/lib/gcc/arm-none-eabi/12.2.0/../../../../arm-none-eabi/lib/thumb/v7e-m+fp/hard/libc_nano.a(lib_a-puts.o)
 .debug_aranges
                0x0000000000000b10       0x28 /usr/lib/gcc/arm-none-eabi/12.2.0/../../../../arm-none-eabi/lib/thumb/v7e-m+fp/hard/libc_nano.a(lib_a-wbuf.o)
 .debug_aranges
                0x0000000000000b38       0x20 /usr/lib/gcc/arm-none-eabi/12.2.0/../../../../arm-none-eabi/lib/thumb/v7e-m+fp/hard/libc_nano.a(lib_a-wsetup.o)
 .debug_aranges
                0x0000000000000b58       0x20 /usr/lib/gcc/arm-none-eabi/12.2.0/../../../../arm-none-eabi/lib/thumb/v7e-m+fp/hard/libc_nano.a(lib_a-abort.o)
 .debug_aranges
                0x0000000000000b78       0x20 /usr/lib/gcc/arm-none-eabi/12.2.0/../../../../arm-none-eabi/lib/thumb/v7e-m+fp/hard/libc_nano.a(lib_a-__atexit.o)
 .debug_aranges
                0x0000000000000b98       0x20 /usr/lib/gcc/arm-none-eabi/12.2.0/../../../../arm-none-eabi/lib/thumb/v7e-m+fp/hard/libc_nano.a(lib_a-__call_atexit.o)
 .debug_aranges
                0x0000000000000bb8       0x30 /usr/lib/gcc/arm-none-eabi/12.2.0/../../../../arm-none-eabi/lib/thumb/v7e-m+fp/hard/libc_nano.a(lib_a-fflush.o)
 .debug_aranges
                0x0000000000000be8       0x88 /usr/lib/gcc/arm-none-eabi/12.2.0/../../../../arm-none-eabi/lib/thumb/v7e-m+fp/hard/libc_nano.a(lib_a-findfp.o)
 .debug_aranges
                0x0000000000000c70       0x28 /usr/lib/gcc/arm-none-eabi/12.2.0/../../../../arm-none-eabi/lib/thumb/v7e-m+fp/hard/libc_nano.a(lib_a-fwalk.o)
 .debug_aranges
                0x0000000000000c98       0x28 /usr/lib/gcc/arm-none-eabi/12.2.0/../../../../arm-none-eabi/lib/thumb/v7e-m+fp/hard/libc_nano.a(lib_a-lock.o)
 .debug_aranges
                0x0000000000000cc0       0x28 /usr/lib/gcc/arm-none-eabi/12.2.0/../../../../arm-none-eabi/lib/thumb/v7e-m+fp/hard/libc_nano.a(lib_a-makebuf.o)
 .debug_aranges
                0x0000000000000ce8       0x20 /usr/lib/gcc/arm-none-eabi/12.2.0/../../../../arm-none-eabi/lib/thumb/v7e-m+fp/hard/libc_nano.a(lib_a-memchr.o)
 .debug_aranges
                0x0000000000000d08       0x20 /usr/lib/gcc/arm-none-eabi/12.2.0/../../../../arm-none-eabi/lib/thumb/v7e-m+fp/hard/libc_nano.a(lib_a-nano-freer.o)
 .debug_aranges
                0x0000000000000d28       0x28 /usr/lib/gcc/arm-none-eabi/12.2.0/../../../../arm-none-eabi/lib/thumb/v7e-m+fp/hard/libc_nano.a(lib_a-nano-mallocr.o)
 .debug_aranges
                0x0000000000000d50       0x28 /usr/lib/gcc/arm-none-eabi/12.2.0/../../../../arm-none-eabi/lib/thumb/v7e-m+fp/hard/libc_nano.a(lib_a-nano-vfprintf_i.o)
 .debug_aranges
                0x0000000000000d78       0x20 /usr/lib/gcc/arm-none-eabi/12.2.0/../../../../arm-none-eabi/lib/thumb/v7e-m+fp/hard/libc_nano.a(lib_a-sbrkr.o)
 .debug_aranges
                0x0000000000000d98       0x58 /usr/lib/gcc/arm-none-eabi/12.2.0/../../../../arm-none-eabi/lib/thumb/v7e-m+fp/hard/libc_nano.a(lib_a-signal.o)
 .debug_aranges
                0x0000000000000df0       0x28 /usr/lib/gcc/arm-none-eabi/12.2.0/../../../../arm-none-eabi/lib/thumb/v7e-m+fp/hard/libc_nano.a(lib_a-signalr.o)
 .debug_aranges
                0x0000000000000e18       0x40 /usr/lib/gcc/arm-none-eabi/12.2.0/../../../../arm-none-eabi/lib/thumb/v7e-m+fp/hard/libc_nano.a(lib_a-stdio.o)
 .debug_aranges
                0x0000000000000e58       0x20 /usr/lib/gcc/arm-none-eabi/12.2.0/../../../../arm-none-eabi/lib/thumb/v7e-m+fp/hard/libc_nano.a(lib_a-closer.o)
 .debug_aranges