Archive member included to satisfy reference by file (symbol)

../../../build/staticlib/stm32f1/debug/libstm32f103xb.a(system_stm32f1xx.c.o)
                              debug/stm32f103xb/build/bshal_delay.c.o (SystemCoreClock)
../../../build/staticlib/stm32f1/debug/libstm32f103xb.a(stm32f1xx_hal_rcc.c.o)
                              debug/stm32f103xb/build/clocksetup.c.o (HAL_RCC_OscConfig)
../../../build/staticlib/stm32f1/debug/libstm32f103xb.a(stm32f1xx_hal_rcc_ex.c.o)
                              debug/stm32f103xb/build/clocksetup.c.o (HAL_RCCEx_PeriphCLKConfig)
../../../build/staticlib/stm32f1/debug/libstm32f103xb.a(stm32f1xx_hal_gpio.c.o)
                              debug/stm32f103xb/build/bshal_gpio_stm32.c.o (HAL_GPIO_Init)
../../../build/staticlib/stm32f1/debug/libstm32f103xb.a(stm32f1xx_hal_i2c.c.o)
                              debug/stm32f103xb/build/bshal_i2cm_stm32f1.c.o (HAL_I2C_Init)
../../../build/staticlib/stm32f1/debug/libstm32f103xb.a(stm32f1xx_hal_spi.c.o)
                              debug/stm32f103xb/build/bshal_spim_stm32f1.c.o (HAL_SPI_Init)
../../../build/staticlib/stm32f1/debug/libstm32f103xb.a(startup_stm32f103xb.s.o)
                              (Reset_Handler)
../../../build/staticlib/stm32f1/debug/libstm32f103xb.a(stm32f1xx_hal.c.o)
                              ../../../build/staticlib/stm32f1/debug/libstm32f103xb.a(stm32f1xx_hal_rcc.c.o) (uwTickPrio)
../../../build/staticlib/stm32f1/debug/libstm32f103xb.a(stm32f1xx_hal_cortex.c.o)
                              ../../../build/staticlib/stm32f1/debug/libstm32f103xb.a(stm32f1xx_hal.c.o) (HAL_NVIC_SetPriorityGrouping)
../../../build/staticlib/stm32f1/debug/libstm32f103xb.a(stm32f1xx_hal_dma.c.o)
                              ../../../build/staticlib/stm32f1/debug/libstm32f103xb.a(stm32f1xx_hal_i2c.c.o) (HAL_DMA_Start_IT)
/usr/lib/gcc/arm-none-eabi/12.2.0/thumb/v7-m/nofp/libgcc.a(_arm_addsubsf3.o)
                              debug/stm32f103xb/build/radio_test.c.o (__aeabi_ui2f)
/usr/lib/gcc/arm-none-eabi/12.2.0/thumb/v7-m/nofp/libgcc.a(_arm_muldivsf3.o)
                              debug/stm32f103xb/build/radio_test.c.o (__aeabi_fdiv)
/usr/lib/gcc/arm-none-eabi/12.2.0/thumb/v7-m/nofp/libgcc.a(_arm_fixsfsi.o)
                              debug/stm32f103xb/build/radio_test.c.o (__aeabi_f2iz)
/usr/lib/gcc/arm-none-eabi/12.2.0/../../../../arm-none-eabi/lib/thumb/v7-m/nofp/libc_nano.a(lib_a-atexit.o)
                              /usr/lib/gcc/arm-none-eabi/12.2.0/../../../../arm-none-eabi/lib/thumb/v7-m/nofp/crt0.o (atexit)
/usr/lib/gcc/arm-none-eabi/12.2.0/../../../../arm-none-eabi/lib/thumb/v7-m/nofp/libc_nano.a(lib_a-exit.o)
                              /usr/lib/gcc/arm-none-eabi/12.2.0/../../../../arm-none-eabi/lib/thumb/v7-m/nofp/crt0.o (exit)
/usr/lib/gcc/arm-none-eabi/12.2.0/../../../../arm-none-eabi/lib/thumb/v7-m/nofp/libc_nano.a(lib_a-fini.o)
                              /usr/lib/gcc/arm-none-eabi/12.2.0/../../../../arm-none-eabi/lib/thumb/v7-m/nofp/crt0.o (__libc_fini_array)
/usr/lib/gcc/arm-none-eabi/12.2.0/../../../../arm-none-eabi/lib/thumb/v7-m/nofp/libc_nano.a(lib_a-impure.o)
                              /usr/lib/gcc/arm-none-eabi/12.2.0/../../../../arm-none-eabi/lib/thumb/v7-m/nofp/libc_nano.a(lib_a-exit.o) (_global_impure_ptr)
/usr/lib/gcc/arm-none-eabi/12.2.0/../../../../arm-none-eabi/lib/thumb/v7-m/nofp/libc_nano.a(lib_a-init.o)
                              /usr/lib/gcc/arm-none-eabi/12.2.0/../../../../arm-none-eabi/lib/thumb/v7-m/nofp/crt0.o (__libc_init_array)
/usr/lib/gcc/arm-none-eabi/12.2.0/../../../../arm-none-eabi/lib/thumb/v7-m/nofp/libc_nano.a(lib_a-memcpy-stub.o)
                              debug/stm32f103xb/build/bshal_i2cm.c.o (memcpy)
/usr/lib/gcc/arm-none-eabi/12.2.0/../../../../arm-none-eabi/lib/thumb/v7-m/nofp/libc_nano.a(lib_a-memset.o)
                              /usr/lib/gcc/arm-none-eabi/12.2.0/../../../../arm-none-eabi/lib/thumb/v7-m/nofp/crt0.o (memset)
/usr/lib/gcc/arm-none-eabi/12.2.0/../../../../arm-none-eabi/lib/thumb/v7-m/nofp/libc_nano.a(lib_a-sprintf.o)
                              debug/stm32f103xb/build/radio_test.c.o (sprintf)
/usr/lib/gcc/arm-none-eabi/12.2.0/../../../../arm-none-eabi/lib/thumb/v7-m/nofp/libc_nano.a(lib_a-strlen.o)
                              debug/stm32f103xb/build/radio_test.c.o (strlen)
/usr/lib/gcc/arm-none-eabi/12.2.0/../../../../arm-none-eabi/lib/thumb/v7-m/nofp/libc_nano.a(lib_a-__atexit.o)
                              /usr/lib/gcc/arm-none-eabi/12.2.0/../../../../arm-none-eabi/lib/thumb/v7-m/nofp/libc_nano.a(lib_a-atexit.o) (__register_exitproc)
/usr/lib/gcc/arm-none-eabi/12.2.0/../../../../arm-none-eabi/lib/thumb/v7-m/nofp/libc_nano.a(lib_a-__call_atexit.o)
                              /usr/lib/gcc/arm-none-eabi/12.2.0/../../../../arm-none-eabi/lib/thumb/v7-m/nofp/libc_nano.a(lib_a-__atexit.o) (__call_exitprocs)
/usr/lib/gcc/arm-none-eabi/12.2.0/../../../../arm-none-eabi/lib/thumb/v7-m/nofp/libc_nano.a(lib_a-lock.o)
[...]
Memory Configuration

Name             Origin             Length             Attributes
FLASH            0x0000000008000000 0x0000000000020000 xr
RAM              0x0000000020000000 0x0000000000005000 xrw
*default*        0x0000000000000000 0xffffffffffffffff

Linker script and memory map

LOAD /usr/lib/gcc/arm-none-eabi/12.2.0/thumb/v7-m/nofp/crti.o
LOAD /usr/lib/gcc/arm-none-eabi/12.2.0/thumb/v7-m/nofp/crtbegin.o
LOAD /usr/lib/gcc/arm-none-eabi/12.2.0/../../../../arm-none-eabi/lib/thumb/v7-m/nofp/crt0.o
LOAD debug/stm32f103xb/build/radio_test.c.o
LOAD debug/stm32f103xb/build/clocksetup.c.o
LOAD debug/stm32f103xb/build/arm_cpuid.c.o
LOAD debug/stm32f103xb/build/bshal_gpio_stm32.c.o
LOAD debug/stm32f103xb/build/bshal_i2cm_stm32.c.o
LOAD debug/stm32f103xb/build/bshal_spim_stm32f1.c.o
LOAD debug/stm32f103xb/build/bshal_i2cm_stm32f1.c.o
LOAD debug/stm32f103xb/build/bshal_i2cm.c.o
LOAD debug/stm32f103xb/build/bshal_spim.c.o
LOAD debug/stm32f103xb/build/bshal_delay.c.o
LOAD debug/stm32f103xb/build/u8x8_i2c.c.o
LOAD debug/stm32f103xb/build/u8x8_gpio_delay.c.o
LOAD ../../../build/staticlib/u8g2/debug/arm_m3/libu8g2.a
LOAD ../../../build/staticlib/stm32f1/debug/libstm32f103xb.a
START GROUP
LOAD /usr/lib/gcc/arm-none-eabi/12.2.0/thumb/v7-m/nofp/libgcc.a
LOAD /usr/lib/gcc/arm-none-eabi/12.2.0/../../../../arm-none-eabi/lib/thumb/v7-m/nofp/libc_nano.a
END GROUP
START GROUP
LOAD /usr/lib/gcc/arm-none-eabi/12.2.0/thumb/v7-m/nofp/libgcc.a
LOAD /usr/lib/gcc/arm-none-eabi/12.2.0/../../../../arm-none-eabi/lib/thumb/v7-m/nofp/libc_nano.a
END GROUP
LOAD /usr/lib/gcc/arm-none-eabi/12.2.0/thumb/v7-m/nofp/crtend.o
LOAD /usr/lib/gcc/arm-none-eabi/12.2.0/thumb/v7-m/nofp/crtn.o
START GROUP
LOAD /usr/lib/gcc/arm-none-eabi/12.2.0/thumb/v7-m/nofp/libgcc.a
LOAD /usr/lib/gcc/arm-none-eabi/12.2.0/../../../../arm-none-eabi/lib/thumb/v7-m/nofp/libc.a
LOAD /usr/lib/gcc/arm-none-eabi/12.2.0/../../../../arm-none-eabi/lib/thumb/v7-m/nofp/libnosys.a
END GROUP
                0x0000000000000400                __STACK_SIZE = 0x400
                0x0000000000000c00                __HEAP_SIZE = 0xc00
                0x0000000000000000                __STACKSEAL_SIZE = 0x0

.vtor           0x0000000008000000      0x200
                0x0000000008000000                . = ALIGN (0x200)
 *(.gd32_vector)
                0x0000000008000000                . = ALIGN (0x4)
 *(.ch32_vector)
                0x0000000008000000                . = ALIGN (0x4)
 *(.isr_vector)
 .isr_vector    0x0000000008000000      0x10c ../../../build/staticlib/stm32f1/debug/libstm32f103xb.a(startup_stm32f103xb.s.o)
                0x0000000008000000                g_pfnVectors
                0x0000000008000200                . = ALIGN (0x200)
 *fill*         0x000000000800010c       0xf4 
 *(.firmware_info)

.text           0x0000000008000200     0x300c
 *(.text*)
 .text.__do_global_dtors_aux
                0x0000000008000200       0x24 /usr/lib/gcc/arm-none-eabi/12.2.0/thumb/v7-m/nofp/crtbegin.o
 .text.frame_dummy
                0x0000000008000224       0x1c /usr/lib/gcc/arm-none-eabi/12.2.0/thumb/v7-m/nofp/crtbegin.o
 .text.htobe16  0x0000000008000240       0x1a debug/stm32f103xb/build/radio_test.c.o
 *fill*         0x000000000800025a        0x2 
 .text.si443x_set_frequency
                0x000000000800025c      0x190 debug/stm32f103xb/build/radio_test.c.o
                0x000000000800025c                si443x_set_frequency
 .text.radio_spi_init
                0x00000000080003ec       0x90 debug/stm32f103xb/build/radio_test.c.o
                0x00000000080003ec                radio_spi_init
 .text.test_recv
                0x000000000800047c      0x1a4 debug/stm32f103xb/build/radio_test.c.o
                0x000000000800047c                test_recv
 .text.test_send
                0x0000000008000620      0x1c0 debug/stm32f103xb/build/radio_test.c.o
                0x0000000008000620                test_send
 .text.test_radio
                0x00000000080007e0      0x150 debug/stm32f103xb/build/radio_test.c.o
                0x00000000080007e0                test_radio
 .text.main     0x0000000008000930       0x2e debug/stm32f103xb/build/radio_test.c.o
                0x0000000008000930                main
 *fill*         0x000000000800095e        0x2 
 .text.bshal_gpio_encode_pin
                0x0000000008000960       0xb4 debug/stm32f103xb/build/bshal_gpio_stm32.c.o
                0x0000000008000960                bshal_gpio_encode_pin
 .text.bshal_gpio_decode_pin
                0x0000000008000a14       0x94 debug/stm32f103xb/build/bshal_gpio_stm32.c.o
                0x0000000008000a14                bshal_gpio_decode_pin
 .text.bshal_gpio_write_pin
                0x0000000008000aa8       0x44 debug/stm32f103xb/build/bshal_gpio_stm32.c.o
                0x0000000008000aa8                bshal_gpio_write_pin
 .text.bshal_gpio_port_enable_clock
                0x0000000008000aec       0xf0 debug/stm32f103xb/build/bshal_gpio_stm32.c.o
                0x0000000008000aec                bshal_gpio_port_enable_clock
 .text.bshal_spim_config
                0x0000000008000bdc      0x1f0 debug/stm32f103xb/build/bshal_spim_stm32f1.c.o
                0x0000000008000bdc                bshal_spim_config
 .text.bshal_spim_init
                0x0000000008000dcc      0x1b0 debug/stm32f103xb/build/bshal_spim_stm32f1.c.o
                0x0000000008000dcc                bshal_spim_init
 .text.bshal_spim_transmit
                0x0000000008000f7c       0x6e debug/stm32f103xb/build/bshal_spim_stm32f1.c.o
                0x0000000008000f7c                bshal_spim_transmit
 .text.bshal_spim_receive
                0x0000000008000fea       0x6e debug/stm32f103xb/build/bshal_spim_stm32f1.c.o
                0x0000000008000fea                bshal_spim_receive
 .text.delay_cycles_asm
                0x0000000008001058       0x20 debug/stm32f103xb/build/bshal_delay.c.o
                0x0000000008001058                delay_cycles_asm
 .text.delay_cycles_dwt
                0x0000000008001078       0x5c debug/stm32f103xb/build/bshal_delay.c.o
 .text.bshal_delay_us
                0x00000000080010d4       0x38 debug/stm32f103xb/build/bshal_delay.c.o
                0x00000000080010d4                bshal_delay_us
 .text.bshal_delay_ms
                0x000000000800110c       0x20 debug/stm32f103xb/build/bshal_delay.c.o
                0x000000000800110c                bshal_delay_ms
 .text.bshal_delay_init
                0x000000000800112c       0x64 debug/stm32f103xb/build/bshal_delay.c.o
                0x000000000800112c                bshal_delay_init
 .text.SystemInit
                0x0000000008001190        0xc ../../../build/staticlib/stm32f1/debug/libstm32f103xb.a(system_stm32f1xx.c.o)
                0x0000000008001190                SystemInit
 .text.HAL_RCC_GetHCLKFreq
                0x000000000800119c       0x14 ../../../build/staticlib/stm32f1/debug/libstm32f103xb.a(stm32f1xx_hal_rcc.c.o)
                0x000000000800119c                HAL_RCC_GetHCLKFreq
 .text.HAL_RCC_GetPCLK1Freq
                0x00000000080011b0       0x28 ../../../build/staticlib/stm32f1/debug/libstm32f103xb.a(stm32f1xx_hal_rcc.c.o)
                0x00000000080011b0                HAL_RCC_GetPCLK1Freq
 .text.HAL_RCC_GetPCLK2Freq
                0x00000000080011d8       0x28 ../../../build/staticlib/stm32f1/debug/libstm32f103xb.a(stm32f1xx_hal_rcc.c.o)
                0x00000000080011d8                HAL_RCC_GetPCLK2Freq
 .text.HAL_GPIO_Init
                0x0000000008001200      0x308 ../../../build/staticlib/stm32f1/debug/libstm32f103xb.a(stm32f1xx_hal_gpio.c.o)
                0x0000000008001200                HAL_GPIO_Init
 .text.HAL_GPIO_WritePin
                0x0000000008001508       0x30 ../../../build/staticlib/stm32f1/debug/libstm32f103xb.a(stm32f1xx_hal_gpio.c.o)
                0x0000000008001508                HAL_GPIO_WritePin
 .text.HAL_SPI_Init
                0x0000000008001538      0x118 ../../../build/staticlib/stm32f1/debug/libstm32f103xb.a(stm32f1xx_hal_spi.c.o)
                0x0000000008001538                HAL_SPI_Init
 .text.HAL_SPI_MspInit
                0x0000000008001650       0x12 ../../../build/staticlib/stm32f1/debug/libstm32f103xb.a(stm32f1xx_hal_spi.c.o)
                0x0000000008001650                HAL_SPI_MspInit
 .text.HAL_SPI_Transmit
                0x0000000008001662      0x2bc ../../../build/staticlib/stm32f1/debug/libstm32f103xb.a(stm32f1xx_hal_spi.c.o)
                0x0000000008001662                HAL_SPI_Transmit
 .text.HAL_SPI_Receive
                0x000000000800191e      0x362 ../../../build/staticlib/stm32f1/debug/libstm32f103xb.a(stm32f1xx_hal_spi.c.o)
                0x000000000800191e                HAL_SPI_Receive
 .text.HAL_SPI_TransmitReceive
                0x0000000008001c80      0x452 ../../../build/staticlib/stm32f1/debug/libstm32f103xb.a(stm32f1xx_hal_spi.c.o)
                0x0000000008001c80                HAL_SPI_TransmitReceive
 *fill*         0x00000000080020d2        0x2 
 .text.SPI_WaitFlagStateUntilTimeout
                0x00000000080020d4      0x110 ../../../build/staticlib/stm32f1/debug/libstm32f103xb.a(stm32f1xx_hal_spi.c.o)
 .text.SPI_EndRxTransaction
                0x00000000080021e4       0xa4 ../../../build/staticlib/stm32f1/debug/libstm32f103xb.a(stm32f1xx_hal_spi.c.o)
 .text.SPI_EndRxTxTransaction
                0x0000000008002288       0x3c ../../../build/staticlib/stm32f1/debug/libstm32f103xb.a(stm32f1xx_hal_spi.c.o)
 .text.SPI_ISCRCErrorValid
                0x00000000080022c4       0x14 ../../../build/staticlib/stm32f1/debug/libstm32f103xb.a(stm32f1xx_hal_spi.c.o)
                0x00000000080022c4                SPI_ISCRCErrorValid
 .text.Reset_Handler
                0x00000000080022d8       0x48 ../../../build/staticlib/stm32f1/debug/libstm32f103xb.a(startup_stm32f103xb.s.o)
                0x00000000080022d8                Reset_Handler
 .text.Default_Handler
                0x0000000008002320        0x2 ../../../build/staticlib/stm32f1/debug/libstm32f103xb.a(startup_stm32f103xb.s.o)
                0x0000000008002320                RTC_Alarm_IRQHandler
                0x0000000008002320                EXTI2_IRQHandler
                0x0000000008002320                DebugMon_Handler
                0x0000000008002320                TIM1_CC_IRQHandler
                0x0000000008002320                HardFault_Handler
                0x0000000008002320                SysTick_Handler
                0x0000000008002320                PVD_IRQHandler
                0x0000000008002320                PendSV_Handler
                0x0000000008002320                NMI_Handler
                0x0000000008002320                EXTI3_IRQHandler
                0x0000000008002320                EXTI0_IRQHandler
                0x0000000008002320                I2C2_EV_IRQHandler
                0x0000000008002320                UsageFault_Handler
                0x0000000008002320                ADC1_2_IRQHandler
                0x0000000008002320                SPI1_IRQHandler
                0x0000000008002320                TAMPER_IRQHandler
                0x0000000008002320                DMA1_Channel4_IRQHandler
                0x0000000008002320                USART3_IRQHandler
                0x0000000008002320                RTC_IRQHandler
                0x0000000008002320                DMA1_Channel7_IRQHandler
                0x0000000008002320                CAN1_RX1_IRQHandler
                0x0000000008002320                TIM4_IRQHandler
                0x0000000008002320                I2C1_EV_IRQHandler
                0x0000000008002320                DMA1_Channel6_IRQHandler
                0x0000000008002320                TIM3_IRQHandler
                0x0000000008002320                RCC_IRQHandler
                0x0000000008002320                TIM1_TRG_COM_IRQHandler
                0x0000000008002320                DMA1_Channel1_IRQHandler
                0x0000000008002320                Default_Handler
                0x0000000008002320                EXTI15_10_IRQHandler
                0x0000000008002320                EXTI9_5_IRQHandler
                0x0000000008002320                SPI2_IRQHandler
                0x0000000008002320                MemManage_Handler
                0x0000000008002320                SVC_Handler
                0x0000000008002320                DMA1_Channel5_IRQHandler
                0x0000000008002320                EXTI4_IRQHandler
                0x0000000008002320                USB_LP_CAN1_RX0_IRQHandler
                0x0000000008002320                USB_HP_CAN1_TX_IRQHandler
                0x0000000008002320                DMA1_Channel3_IRQHandler
                0x0000000008002320                TIM1_UP_IRQHandler
                0x0000000008002320                WWDG_IRQHandler
                0x0000000008002320                TIM2_IRQHandler
                0x0000000008002320                TIM1_BRK_IRQHandler
                0x0000000008002320                EXTI1_IRQHandler
                0x0000000008002320                USART2_IRQHandler
                0x0000000008002320                I2C2_ER_IRQHandler
                0x0000000008002320                DMA1_Channel2_IRQHandler
                0x0000000008002320                CAN1_SCE_IRQHandler
                0x0000000008002320                FLASH_IRQHandler
                0x0000000008002320                BusFault_Handler
                0x0000000008002320                USART1_IRQHandler
                0x0000000008002320                I2C1_ER_IRQHandler
                0x0000000008002320                USBWakeUp_IRQHandler
 *fill*         0x0000000008002322        0x2 
 .text.HAL_GetTick
                0x0000000008002324       0x14 ../../../build/staticlib/stm32f1/debug/libstm32f103xb.a(stm32f1xx_hal.c.o)
                0x0000000008002324                HAL_GetTick
 .text          0x0000000008002338      0x21c /usr/lib/gcc/arm-none-eabi/12.2.0/thumb/v7-m/nofp/libgcc.a(_arm_addsubsf3.o)
                0x0000000008002338                __aeabi_frsub
                0x0000000008002340                __subsf3
                0x0000000008002340                __aeabi_fsub
                0x0000000008002344                __aeabi_fadd
                0x0000000008002344                __addsf3
                0x00000000080024a4                __aeabi_ui2f
                0x00000000080024a4                __floatunsisf
                0x00000000080024ac                __aeabi_i2f
                0x00000000080024ac                __floatsisf
                0x00000000080024c8                __floatundisf
                0x00000000080024c8                __aeabi_ul2f
                0x00000000080024d8                __floatdisf
                0x00000000080024d8                __aeabi_l2f
 .text          0x0000000008002554      0x2a0 /usr/lib/gcc/arm-none-eabi/12.2.0/thumb/v7-m/nofp/libgcc.a(_arm_muldivsf3.o)
                0x0000000008002554                __mulsf3
                0x0000000008002554                __aeabi_fmul
                0x00000000080026bc                __divsf3
                0x00000000080026bc                __aeabi_fdiv
 .text          0x00000000080027f4       0x4c /usr/lib/gcc/arm-none-eabi/12.2.0/thumb/v7-m/nofp/libgcc.a(_arm_fixsfsi.o)
                0x00000000080027f4                __fixsfsi
                0x00000000080027f4                __aeabi_f2iz
 .text.__libc_init_array
                0x0000000008002840       0x48 /usr/lib/gcc/arm-none-eabi/12.2.0/../../../../arm-none-eabi/lib/thumb/v7-m/nofp/libc_nano.a(lib_a-init.o)
                0x0000000008002840                __libc_init_array
 .text.memcpy   0x0000000008002888       0x1c /usr/lib/gcc/arm-none-eabi/12.2.0/../../../../arm-none-eabi/lib/thumb/v7-m/nofp/libc_nano.a(lib_a-memcpy-stub.o)
                0x0000000008002888                memcpy
 .text.memset   0x00000000080028a4       0x10 /usr/lib/gcc/arm-none-eabi/12.2.0/../../../../arm-none-eabi/lib/thumb/v7-m/nofp/libc_nano.a(lib_a-memset.o)
                0x00000000080028a4                memset
 .text.sprintf  0x00000000080028b4       0x40 /usr/lib/gcc/arm-none-eabi/12.2.0/../../../../arm-none-eabi/lib/thumb/v7-m/nofp/libc_nano.a(lib_a-sprintf.o)
                0x00000000080028b4                sprintf
                0x00000000080028b4                siprintf
 .text          0x00000000080028f4       0x10 /usr/lib/gcc/arm-none-eabi/12.2.0/../../../../arm-none-eabi/lib/thumb/v7-m/nofp/libc_nano.a(lib_a-strlen.o)
                0x00000000080028f4                strlen
 .text.__retarget_lock_acquire_recursive
                0x0000000008002904        0x2 /usr/lib/gcc/arm-none-eabi/12.2.0/../../../../arm-none-eabi/lib/thumb/v7-m/nofp/libc_nano.a(lib_a-lock.o)
                0x0000000008002904                __retarget_lock_acquire_recursive
 .text.__retarget_lock_release_recursive
                0x0000000008002906        0x2 /usr/lib/gcc/arm-none-eabi/12.2.0/../../../../arm-none-eabi/lib/thumb/v7-m/nofp/libc_nano.a(lib_a-lock.o)
                0x0000000008002906                __retarget_lock_release_recursive
 .text.__ssputs_r
                0x0000000008002908       0xb4 /usr/lib/gcc/arm-none-eabi/12.2.0/../../../../arm-none-eabi/lib/thumb/v7-m/nofp/libc_nano.a(lib_a-nano-svfprintf.o)
                0x0000000008002908                __ssputs_r
 .text._svfprintf_r
                0x00000000080029bc      0x1fc /usr/lib/gcc/arm-none-eabi/12.2.0/../../../../arm-none-eabi/lib/thumb/v7-m/nofp/libc_nano.a(lib_a-nano-svfprintf.o)
                0x00000000080029bc                _svfprintf_r
                0x00000000080029bc                _svfiprintf_r
 .text._printf_common
                0x0000000008002bb8       0xe4 /usr/lib/gcc/arm-none-eabi/12.2.0/../../../../arm-none-eabi/lib/thumb/v7-m/nofp/libc_nano.a(lib_a-nano-vfprintf_i.o)
                0x0000000008002bb8                _printf_common
 .text._printf_i
                0x0000000008002c9c      0x244 /usr/lib/gcc/arm-none-eabi/12.2.0/../../../../arm-none-eabi/lib/thumb/v7-m/nofp/libc_nano.a(lib_a-nano-vfprintf_i.o)
                0x0000000008002c9c                _printf_i
 .text.memchr   0x0000000008002ee0       0x1c /usr/lib/gcc/arm-none-eabi/12.2.0/../../../../arm-none-eabi/lib/thumb/v7-m/nofp/libc_nano.a(lib_a-memchr-stub.o)
                0x0000000008002ee0                memchr
 .text.memmove  0x0000000008002efc       0x34 /usr/lib/gcc/arm-none-eabi/12.2.0/../../../../arm-none-eabi/lib/thumb/v7-m/nofp/libc_nano.a(lib_a-memmove.o)
                0x0000000008002efc                memmove
 .text._free_r  0x0000000008002f30       0x90 /usr/lib/gcc/arm-none-eabi/12.2.0/../../../../arm-none-eabi/lib/thumb/v7-m/nofp/libc_nano.a(lib_a-nano-freer.o)
                0x0000000008002f30                _free_r
 .text.sbrk_aligned
                0x0000000008002fc0       0x40 /usr/lib/gcc/arm-none-eabi/12.2.0/../../../../arm-none-eabi/lib/thumb/v7-m/nofp/libc_nano.a(lib_a-nano-mallocr.o)
 .text._malloc_r
                0x0000000008003000       0xe8 /usr/lib/gcc/arm-none-eabi/12.2.0/../../../../arm-none-eabi/lib/thumb/v7-m/nofp/libc_nano.a(lib_a-nano-mallocr.o)
                0x0000000008003000                _malloc_r
 .text._realloc_r
                0x00000000080030e8       0x5e /usr/lib/gcc/arm-none-eabi/12.2.0/../../../../arm-none-eabi/lib/thumb/v7-m/nofp/libc_nano.a(lib_a-nano-reallocr.o)
                0x00000000080030e8                _realloc_r
 *fill*         0x0000000008003146        0x2 
 .text._sbrk_r  0x0000000008003148       0x20 /usr/lib/gcc/arm-none-eabi/12.2.0/../../../../arm-none-eabi/lib/thumb/v7-m/nofp/libc_nano.a(lib_a-sbrkr.o)
                0x0000000008003148                _sbrk_r
 .text.__malloc_lock
                0x0000000008003168        0xc /usr/lib/gcc/arm-none-eabi/12.2.0/../../../../arm-none-eabi/lib/thumb/v7-m/nofp/libc_nano.a(lib_a-mlock.o)
                0x0000000008003168                __malloc_lock
 .text.__malloc_unlock
                0x0000000008003174        0xc /usr/lib/gcc/arm-none-eabi/12.2.0/../../../../arm-none-eabi/lib/thumb/v7-m/nofp/libc_nano.a(lib_a-mlock.o)
                0x0000000008003174                __malloc_unlock
 .text._malloc_usable_size_r
                0x0000000008003180       0x10 /usr/lib/gcc/arm-none-eabi/12.2.0/../../../../arm-none-eabi/lib/thumb/v7-m/nofp/libc_nano.a(lib_a-nano-msizer.o)
                0x0000000008003180                _malloc_usable_size_r
 .text._sbrk    0x0000000008003190       0x1c /usr/lib/gcc/arm-none-eabi/12.2.0/../../../../arm-none-eabi/lib/thumb/v7-m/nofp/libnosys.a(sbrk.o)
                0x0000000008003190                _sbrk
 *(.init)
 .init          0x00000000080031ac        0x4 /usr/lib/gcc/arm-none-eabi/12.2.0/thumb/v7-m/nofp/crti.o
                0x00000000080031ac                _init
 .init          0x00000000080031b0        0x8 /usr/lib/gcc/arm-none-eabi/12.2.0/thumb/v7-m/nofp/crtn.o
 *(.fini)
 .fini          0x00000000080031b8        0x4 /usr/lib/gcc/arm-none-eabi/12.2.0/thumb/v7-m/nofp/crti.o
                0x00000000080031b8                _fini
 .fini          0x00000000080031bc        0x8 /usr/lib/gcc/arm-none-eabi/12.2.0/thumb/v7-m/nofp/crtn.o
 *crtbegin.o(.ctors)
 *crtbegin?.o(.ctors)
 *(EXCLUDE_FILE(*crtend.o *crtend?.o) .ctors)
 *(SORT_BY_NAME(.ctors.*))
 *(.ctors)
 *crtbegin.o(.dtors)
 *crtbegin?.o(.dtors)
 *(EXCLUDE_FILE(*crtend.o *crtend?.o) .dtors)
 *(SORT_BY_NAME(.dtors.*))
 *(.dtors)
 *(.rodata*)
 .rodata        0x00000000080031c4        0x7 debug/stm32f103xb/build/radio_test.c.o
 *fill*         0x00000000080031cb        0x1 
 .rodata.APBPrescTable
                0x00000000080031cc        0x8 ../../../build/staticlib/stm32f1/debug/libstm32f103xb.a(system_stm32f1xx.c.o)
                0x00000000080031cc                APBPrescTable
 .rodata._svfprintf_r.str1.1
                0x00000000080031d4       0x11 /usr/lib/gcc/arm-none-eabi/12.2.0/../../../../arm-none-eabi/lib/thumb/v7-m/nofp/libc_nano.a(lib_a-nano-svfprintf.o)
 .rodata._printf_i.str1.1
                0x00000000080031e5       0x22 /usr/lib/gcc/arm-none-eabi/12.2.0/../../../../arm-none-eabi/lib/thumb/v7-m/nofp/libc_nano.a(lib_a-nano-vfprintf_i.o)
 *(.eh_frame*)
 *fill*         0x0000000008003207        0x1 
 .eh_frame      0x0000000008003208        0x0 /usr/lib/gcc/arm-none-eabi/12.2.0/thumb/v7-m/nofp/crtbegin.o
 .eh_frame      0x0000000008003208        0x4 /usr/lib/gcc/arm-none-eabi/12.2.0/thumb/v7-m/nofp/crtend.o

.glue_7         0x000000000800320c        0x0
 .glue_7        0x000000000800320c        0x0 linker stubs

.glue_7t        0x000000000800320c        0x0
 .glue_7t       0x000000000800320c        0x0 linker stubs

.vfp11_veneer   0x000000000800320c        0x0
 .vfp11_veneer  0x000000000800320c        0x0 linker stubs

.v4_bx          0x000000000800320c        0x0
 .v4_bx         0x000000000800320c        0x0 linker stubs

.iplt           0x000000000800320c        0x0
 .iplt          0x000000000800320c        0x0 /usr/lib/gcc/arm-none-eabi/12.2.0/thumb/v7-m/nofp/crtbegin.o

.rel.dyn        0x000000000800320c        0x0
 .rel.iplt      0x000000000800320c        0x0 /usr/lib/gcc/arm-none-eabi/12.2.0/thumb/v7-m/nofp/crtbegin.o

.bss            0x0000000020000000      0x1a8
                0x0000000020000000                PROVIDE (_sbss = .)
                0x0000000020000000                PROVIDE (__bss_start__ = .)
 *(.bss .bss.*)
 .bss.completed.1
                0x0000000020000000        0x1 /usr/lib/gcc/arm-none-eabi/12.2.0/thumb/v7-m/nofp/crtbegin.o
 *fill*         0x0000000020000001        0x3 
 .bss.object.0  0x0000000020000004       0x18 /usr/lib/gcc/arm-none-eabi/12.2.0/thumb/v7-m/nofp/crtbegin.o
 .bss.radio_spi_config
                0x000000002000001c       0x14 debug/stm32f103xb/build/radio_test.c.o
 .bss.m_spim    0x0000000020000030      0x160 debug/stm32f103xb/build/bshal_spim_stm32f1.c.o
 .bss.uwTick    0x0000000020000190        0x4 ../../../build/staticlib/stm32f1/debug/libstm32f103xb.a(stm32f1xx_hal.c.o)
                0x0000000020000190                uwTick
 .bss.__lock___malloc_recursive_mutex
                0x0000000020000194        0x1 /usr/lib/gcc/arm-none-eabi/12.2.0/../../../../arm-none-eabi/lib/thumb/v7-m/nofp/libc_nano.a(lib_a-lock.o)
                0x0000000020000194                __lock___malloc_recursive_mutex
 *fill*         0x0000000020000195        0x3 
 .bss.__malloc_free_list
                0x0000000020000198        0x4 /usr/lib/gcc/arm-none-eabi/12.2.0/../../../../arm-none-eabi/lib/thumb/v7-m/nofp/libc_nano.a(lib_a-nano-mallocr.o)
                0x0000000020000198                __malloc_free_list
 .bss.__malloc_sbrk_start
                0x000000002000019c        0x4 /usr/lib/gcc/arm-none-eabi/12.2.0/../../../../arm-none-eabi/lib/thumb/v7-m/nofp/libc_nano.a(lib_a-nano-mallocr.o)
                0x000000002000019c                __malloc_sbrk_start
 .bss.errno     0x00000000200001a0        0x4 /usr/lib/gcc/arm-none-eabi/12.2.0/../../../../arm-none-eabi/lib/thumb/v7-m/nofp/libc_nano.a(lib_a-reent.o)
                0x00000000200001a0                errno
 .bss.heap_end.0
                0x00000000200001a4        0x4 /usr/lib/gcc/arm-none-eabi/12.2.0/../../../../arm-none-eabi/lib/thumb/v7-m/nofp/libnosys.a(sbrk.o)
 *(COMMON)
                0x00000000200001a8                PROVIDE (_ebss = .)
                0x00000000200001a8                PROVIDE (__bss_end__ = .)

.lalign         0x000000000800320c        0x0
                0x000000000800320c                . = ALIGN (0x4)
                [!provide]                        PROVIDE (_data_lma = .)

.dalign         0x00000000200001a8        0x0 load address 0x000000000800320c
                0x00000000200001a8                . = ALIGN (0x4)
                [!provide]                        PROVIDE (_data_vma = .)

.data           0x00000000200001a8       0x70 load address 0x000000000800320c
                [!provide]                        PROVIDE (__global_pointer$ = (. + 0x800))
                0x00000000200001a8                PROVIDE (_sdata = .)
                0x00000000200001a8                PROVIDE (__data_start__ = .)
 *(.data*)
 .data.bshal_delay_cycles
                0x00000000200001a8        0x4 debug/stm32f103xb/build/bshal_delay.c.o
                0x00000000200001a8                bshal_delay_cycles
 .data.cycles_per_loop.0
                0x00000000200001ac        0x4 debug/stm32f103xb/build/bshal_delay.c.o
 .data.SystemCoreClock
                0x00000000200001b0        0x4 ../../../build/staticlib/stm32f1/debug/libstm32f103xb.a(system_stm32f1xx.c.o)
                0x00000000200001b0                SystemCoreClock
 .data._impure_ptr
                0x00000000200001b4        0x4 /usr/lib/gcc/arm-none-eabi/12.2.0/../../../../arm-none-eabi/lib/thumb/v7-m/nofp/libc_nano.a(lib_a-impure.o)
                0x00000000200001b4                _impure_ptr
 .data.impure_data
                0x00000000200001b8       0x60 /usr/lib/gcc/arm-none-eabi/12.2.0/../../../../arm-none-eabi/lib/thumb/v7-m/nofp/libc_nano.a(lib_a-impure.o)
                0x0000000020000218                PROVIDE (_edata = .)
                0x0000000020000218                PROVIDE (__data_end__ = .)

.igot.plt       0x0000000020000218        0x0 load address 0x000000000800327c
 .igot.plt      0x0000000020000218        0x0 /usr/lib/gcc/arm-none-eabi/12.2.0/thumb/v7-m/nofp/crtbegin.o

.heap           0x0000000020000218      0xc00 load address 0x000000000800327c
                0x0000000020000218                . = ALIGN (0x8)
                0x0000000020000218                __end__ = .
                0x0000000020000218                PROVIDE (end = .)
                [!provide]                        PROVIDE (_sheap = .)
                0x0000000020000e18                . = (. + __HEAP_SIZE)
 *fill*         0x0000000020000218      0xc00 
                0x0000000020000e18                . = ALIGN (0x8)
                0x0000000020000e18                __HeapLimit = .
                [!provide]                        PROVIDE (_eheap = .)

.stack          0x0000000020004c00      0x400
                0x0000000020004c00                . = ALIGN (0x8)
                [!provide]                        PROVIDE (_sstack = .)
                0x0000000020004c00                __StackLimit = .
                0x0000000020005000                . = (. + __STACK_SIZE)
 *fill*         0x0000000020004c00      0x400 
                0x0000000020005000                . = ALIGN (0x8)
                0x0000000020005000                __StackTop = .
                0x0000000020005000                PROVIDE (_estack = .)
                0x0000000020005000                PROVIDE (__stack = .)
                [!provide]                        PROVIDE (__StackTop = .)

.preinit_array  0x000000000800327c        0x0
                0x000000000800327c                PROVIDE (__preinit_array_start = .)
 *(.preinit_array*)
                0x000000000800327c                PROVIDE (__preinit_array_end = .)

.init_array     0x000000000800327c        0x4
                0x000000000800327c                PROVIDE (__init_array_start = .)
 *(SORT_BY_NAME(.init_array.*))
 *(.init_array*)
 .init_array    0x000000000800327c        0x4 /usr/lib/gcc/arm-none-eabi/12.2.0/thumb/v7-m/nofp/crtbegin.o
                0x0000000008003280                PROVIDE (__init_array_end = .)

.fini_array     0x0000000008003280        0x4
                0x0000000008003280                PROVIDE (__fini_array_start = .)
 *(.fini_array*)
 .fini_array    0x0000000008003280        0x4 /usr/lib/gcc/arm-none-eabi/12.2.0/thumb/v7-m/nofp/crtbegin.o
 *(SORT_BY_NAME(.fini_array.*))
                0x0000000008003284                PROVIDE (__fini_array_end = .)
                0x0000000000000070                _data_size = (_edata - _sdata)
                0x0000000020005000                _estack = __StackTop
                0x000000000800320c                _sidata = LOADADDR (.data)
                0x00000000200001a8                _sdata = __data_start__
                0x0000000020000218                _edata = __data_end__
                0x0000000020000000                _sbss = __bss_start__
                0x00000000200001a8                _ebss = __bss_end__
OUTPUT(debug/stm32f103xb/radio_demo.elf elf32-littlearm)
LOAD linker stubs

.ARM.attributes
                0x0000000000000000       0x29
 .ARM.attributes
                0x0000000000000000       0x1d /usr/lib/gcc/arm-none-eabi/12.2.0/thumb/v7-m/nofp/crti.o
 .ARM.attributes
                0x000000000000001d       0x2d /usr/lib/gcc/arm-none-eabi/12.2.0/thumb/v7-m/nofp/crtbegin.o
 .ARM.attributes
                0x000000000000004a       0x2d debug/stm32f103xb/build/radio_test.c.o
 .ARM.attributes
                0x0000000000000077       0x2d debug/stm32f103xb/build/bshal_gpio_stm32.c.o
 .ARM.attributes
                0x00000000000000a4       0x2d debug/stm32f103xb/build/bshal_spim_stm32f1.c.o
 .ARM.attributes
                0x00000000000000d1       0x2d debug/stm32f103xb/build/bshal_delay.c.o
 .ARM.attributes
                0x00000000000000fe       0x2d ../../../build/staticlib/stm32f1/debug/libstm32f103xb.a(system_stm32f1xx.c.o)
 .ARM.attributes
                0x000000000000012b       0x2d ../../../build/staticlib/stm32f1/debug/libstm32f103xb.a(stm32f1xx_hal_rcc.c.o)
 .ARM.attributes
                0x0000000000000158       0x2d ../../../build/staticlib/stm32f1/debug/libstm32f103xb.a(stm32f1xx_hal_gpio.c.o)
 .ARM.attributes
                0x0000000000000185       0x2d ../../../build/staticlib/stm32f1/debug/libstm32f103xb.a(stm32f1xx_hal_spi.c.o)
 .ARM.attributes
                0x00000000000001b2       0x21 ../../../build/staticlib/stm32f1/debug/libstm32f103xb.a(startup_stm32f103xb.s.o)
 .ARM.attributes
                0x00000000000001d3       0x2d ../../../build/staticlib/stm32f1/debug/libstm32f103xb.a(stm32f1xx_hal.c.o)
 .ARM.attributes
                0x0000000000000200       0x1d /usr/lib/gcc/arm-none-eabi/12.2.0/thumb/v7-m/nofp/libgcc.a(_arm_addsubsf3.o)
 .ARM.attributes
                0x000000000000021d       0x1d /usr/lib/gcc/arm-none-eabi/12.2.0/thumb/v7-m/nofp/libgcc.a(_arm_muldivsf3.o)
 .ARM.attributes
                0x000000000000023a       0x1d /usr/lib/gcc/arm-none-eabi/12.2.0/thumb/v7-m/nofp/libgcc.a(_arm_fixsfsi.o)
 .ARM.attributes
                0x0000000000000257       0x2d /usr/lib/gcc/arm-none-eabi/12.2.0/../../../../arm-none-eabi/lib/thumb/v7-m/nofp/libc_nano.a(lib_a-impure.o)
 .ARM.attributes
                0x0000000000000284       0x2d /usr/lib/gcc/arm-none-eabi/12.2.0/../../../../arm-none-eabi/lib/thumb/v7-m/nofp/libc_nano.a(lib_a-init.o)
 .ARM.attributes
                0x00000000000002b1       0x2d /usr/lib/gcc/arm-none-eabi/12.2.0/../../../../arm-none-eabi/lib/thumb/v7-m/nofp/libc_nano.a(lib_a-memcpy-stub.o)
 .ARM.attributes
                0x00000000000002de       0x2d /usr/lib/gcc/arm-none-eabi/12.2.0/../../../../arm-none-eabi/lib/thumb/v7-m/nofp/libc_nano.a(lib_a-memset.o)
 .ARM.attributes
                0x000000000000030b       0x2d /usr/lib/gcc/arm-none-eabi/12.2.0/../../../../arm-none-eabi/lib/thumb/v7-m/nofp/libc_nano.a(lib_a-sprintf.o)
 .ARM.attributes
                0x0000000000000338       0x17 /usr/lib/gcc/arm-none-eabi/12.2.0/../../../../arm-none-eabi/lib/thumb/v7-m/nofp/libc_nano.a(lib_a-strlen.o)
 .ARM.attributes
                0x000000000000034f       0x2d /usr/lib/gcc/arm-none-eabi/12.2.0/../../../../arm-none-eabi/lib/thumb/v7-m/nofp/libc_nano.a(lib_a-lock.o)
 .ARM.attributes
                0x000000000000037c       0x2d /usr/lib/gcc/arm-none-eabi/12.2.0/../../../../arm-none-eabi/lib/thumb/v7-m/nofp/libc_nano.a(lib_a-nano-svfprintf.o)
 .ARM.attributes
                0x00000000000003a9       0x2d /usr/lib/gcc/arm-none-eabi/12.2.0/../../../../arm-none-eabi/lib/thumb/v7-m/nofp/libc_nano.a(lib_a-nano-vfprintf_i.o)
 .ARM.attributes
                0x00000000000003d6       0x2d /usr/lib/gcc/arm-none-eabi/12.2.0/../../../../arm-none-eabi/lib/thumb/v7-m/nofp/libc_nano.a(lib_a-memchr-stub.o)
 .ARM.attributes
                0x0000000000000403       0x2d /usr/lib/gcc/arm-none-eabi/12.2.0/../../../../arm-none-eabi/lib/thumb/v7-m/nofp/libc_nano.a(lib_a-memmove.o)
 .ARM.attributes
                0x0000000000000430       0x2d /usr/lib/gcc/arm-none-eabi/12.2.0/../../../../arm-none-eabi/lib/thumb/v7-m/nofp/libc_nano.a(lib_a-nano-freer.o)
 .ARM.attributes
                0x000000000000045d       0x2d /usr/lib/gcc/arm-none-eabi/12.2.0/../../../../arm-none-eabi/lib/thumb/v7-m/nofp/libc_nano.a(lib_a-nano-mallocr.o)
 .ARM.attributes
                0x000000000000048a       0x2d /usr/lib/gcc/arm-none-eabi/12.2.0/../../../../arm-none-eabi/lib/thumb/v7-m/nofp/libc_nano.a(lib_a-nano-reallocr.o)
 .ARM.attributes
                0x00000000000004b7       0x2d /usr/lib/gcc/arm-none-eabi/12.2.0/../../../../arm-none-eabi/lib/thumb/v7-m/nofp/libc_nano.a(lib_a-sbrkr.o)
 .ARM.attributes
                0x00000000000004e4       0x2d /usr/lib/gcc/arm-none-eabi/12.2.0/../../../../arm-none-eabi/lib/thumb/v7-m/nofp/libc_nano.a(lib_a-mlock.o)
 .ARM.attributes
                0x0000000000000511       0x2d /usr/lib/gcc/arm-none-eabi/12.2.0/../../../../arm-none-eabi/lib/thumb/v7-m/nofp/libc_nano.a(lib_a-nano-msizer.o)
 .ARM.attributes
                0x000000000000053e       0x2d /usr/lib/gcc/arm-none-eabi/12.2.0/../../../../arm-none-eabi/lib/thumb/v7-m/nofp/libc_nano.a(lib_a-reent.o)
 .ARM.attributes
                0x000000000000056b       0x2d /usr/lib/gcc/arm-none-eabi/12.2.0/thumb/v7-m/nofp/crtend.o
 .ARM.attributes
                0x0000000000000598       0x1d /usr/lib/gcc/arm-none-eabi/12.2.0/thumb/v7-m/nofp/crtn.o
 .ARM.attributes
                0x00000000000005b5       0x2d /usr/lib/gcc/arm-none-eabi/12.2.0/../../../../arm-none-eabi/lib/thumb/v7-m/nofp/libnosys.a(sbrk.o)

.comment        0x0000000000000000       0x5a
 .comment       0x0000000000000000       0x1e debug/stm32f103xb/build/radio_test.c.o
                                         0x1f (size before relaxing)
 .comment       0x000000000000001e       0x1f debug/stm32f103xb/build/bshal_gpio_stm32.c.o
 .comment       0x000000000000001e       0x1f debug/stm32f103xb/build/bshal_spim_stm32f1.c.o
 .comment       0x000000000000001e       0x1f debug/stm32f103xb/build/bshal_delay.c.o
 .comment       0x000000000000001e       0x1e ../../../build/staticlib/stm32f1/debug/libstm32f103xb.a(system_stm32f1xx.c.o)
                                         0x1f (size before relaxing)
 .comment       0x000000000000003c       0x1f ../../../build/staticlib/stm32f1/debug/libstm32f103xb.a(stm32f1xx_hal_rcc.c.o)
 .comment       0x000000000000003c       0x1f ../../../build/staticlib/stm32f1/debug/libstm32f103xb.a(stm32f1xx_hal_gpio.c.o)
 .comment       0x000000000000003c       0x1f ../../../build/staticlib/stm32f1/debug/libstm32f103xb.a(stm32f1xx_hal_spi.c.o)
 .comment       0x000000000000003c       0x1f ../../../build/staticlib/stm32f1/debug/libstm32f103xb.a(stm32f1xx_hal.c.o)
 .comment       0x000000000000003c       0x1e /usr/lib/gcc/arm-none-eabi/12.2.0/../../../../arm-none-eabi/lib/thumb/v7-m/nofp/libc_nano.a(lib_a-impure.o)
                                         0x1f (size before relaxing)
 .comment       0x000000000000005a       0x1f /usr/lib/gcc/arm-none-eabi/12.2.0/../../../../arm-none-eabi/lib/thumb/v7-m/nofp/libc_nano.a(lib_a-init.o)
 .comment       0x000000000000005a       0x1f /usr/lib/gcc/arm-none-eabi/12.2.0/../../../../arm-none-eabi/lib/thumb/v7-m/nofp/libc_nano.a(lib_a-memcpy-stub.o)
 .comment       0x000000000000005a       0x1f /usr/lib/gcc/arm-none-eabi/12.2.0/../../../../arm-none-eabi/lib/thumb/v7-m/nofp/libc_nano.a(lib_a-memset.o)
 .comment       0x000000000000005a       0x1f /usr/lib/gcc/arm-none-eabi/12.2.0/../../../../arm-none-eabi/lib/thumb/v7-m/nofp/libc_nano.a(lib_a-sprintf.o)
 .comment       0x000000000000005a       0x1f /usr/lib/gcc/arm-none-eabi/12.2.0/../../../../arm-none-eabi/lib/thumb/v7-m/nofp/libc_nano.a(lib_a-lock.o)
 .comment       0x000000000000005a       0x1f /usr/lib/gcc/arm-none-eabi/12.2.0/../../../../arm-none-eabi/lib/thumb/v7-m/nofp/libc_nano.a(lib_a-nano-svfprintf.o)
 .comment       0x000000000000005a       0x1f /usr/lib/gcc/arm-none-eabi/12.2.0/../../../../arm-none-eabi/lib/thumb/v7-m/nofp/libc_nano.a(lib_a-nano-vfprintf_i.o)
 .comment       0x000000000000005a       0x1f /usr/lib/gcc/arm-none-eabi/12.2.0/../../../../arm-none-eabi/lib/thumb/v7-m/nofp/libc_nano.a(lib_a-memchr-stub.o)
 .comment       0x000000000000005a       0x1f /usr/lib/gcc/arm-none-eabi/12.2.0/../../../../arm-none-eabi/lib/thumb/v7-m/nofp/libc_nano.a(lib_a-memmove.o)
 .comment       0x000000000000005a       0x1f /usr/lib/gcc/arm-none-eabi/12.2.0/../../../../arm-none-eabi/lib/thumb/v7-m/nofp/libc_nano.a(lib_a-nano-freer.o)
 .comment       0x000000000000005a       0x1f /usr/lib/gcc/arm-none-eabi/12.2.0/../../../../arm-none-eabi/lib/thumb/v7-m/nofp/libc_nano.a(lib_a-nano-mallocr.o)
 .comment       0x000000000000005a       0x1f /usr/lib/gcc/arm-none-eabi/12.2.0/../../../../arm-none-eabi/lib/thumb/v7-m/nofp/libc_nano.a(lib_a-nano-reallocr.o)
 .comment       0x000000000000005a       0x1f /usr/lib/gcc/arm-none-eabi/12.2.0/../../../../arm-none-eabi/lib/thumb/v7-m/nofp/libc_nano.a(lib_a-sbrkr.o)
 .comment       0x000000000000005a       0x1f /usr/lib/gcc/arm-none-eabi/12.2.0/../../../../arm-none-eabi/lib/thumb/v7-m/nofp/libc_nano.a(lib_a-mlock.o)
 .comment       0x000000000000005a       0x1f /usr/lib/gcc/arm-none-eabi/12.2.0/../../../../arm-none-eabi/lib/thumb/v7-m/nofp/libc_nano.a(lib_a-nano-msizer.o)
 .comment       0x000000000000005a       0x1f /usr/lib/gcc/arm-none-eabi/12.2.0/../../../../arm-none-eabi/lib/thumb/v7-m/nofp/libc_nano.a(lib_a-reent.o)

.debug_info     0x0000000000000000     0xbc3d
 .debug_info    0x0000000000000000      0x5b4 debug/stm32f103xb/build/radio_test.c.o
 .debug_info    0x00000000000005b4      0x49e debug/stm32f103xb/build/bshal_gpio_stm32.c.o
 .debug_info    0x0000000000000a52      0xb69 debug/stm32f103xb/build/bshal_spim_stm32f1.c.o
 .debug_info    0x00000000000015bb      0x3ab debug/stm32f103xb/build/bshal_delay.c.o
 .debug_info    0x0000000000001966      0x222 ../../../build/staticlib/stm32f1/debug/libstm32f103xb.a(system_stm32f1xx.c.o)
 .debug_info    0x0000000000001b88      0x7d5 ../../../build/staticlib/stm32f1/debug/libstm32f103xb.a(stm32f1xx_hal_rcc.c.o)
 .debug_info    0x000000000000235d      0x5ab ../../../build/staticlib/stm32f1/debug/libstm32f103xb.a(stm32f1xx_hal_gpio.c.o)
 .debug_info    0x0000000000002908     0x1661 ../../../build/staticlib/stm32f1/debug/libstm32f103xb.a(stm32f1xx_hal_spi.c.o)
 .debug_info    0x0000000000003f69       0x23 ../../../build/staticlib/stm32f1/debug/libstm32f103xb.a(startup_stm32f103xb.s.o)
 .debug_info    0x0000000000003f8c      0x704 ../../../build/staticlib/stm32f1/debug/libstm32f103xb.a(stm32f1xx_hal.c.o)
 .debug_info    0x0000000000004690       0xaf /usr/lib/gcc/arm-none-eabi/12.2.0/thumb/v7-m/nofp/libgcc.a(_arm_addsubsf3.o)
 .debug_info    0x000000000000473f       0x52 /usr/lib/gcc/arm-none-eabi/12.2.0/thumb/v7-m/nofp/libgcc.a(_arm_muldivsf3.o)
 .debug_info    0x0000000000004791       0x39 /usr/lib/gcc/arm-none-eabi/12.2.0/thumb/v7-m/nofp/libgcc.a(_arm_fixsfsi.o)
 .debug_info    0x00000000000047ca      0x806 /usr/lib/gcc/arm-none-eabi/12.2.0/../../../../arm-none-eabi/lib/thumb/v7-m/nofp/libc_nano.a(lib_a-impure.o)
 .debug_info    0x0000000000004fd0      0x10b /usr/lib/gcc/arm-none-eabi/12.2.0/../../../../arm-none-eabi/lib/thumb/v7-m/nofp/libc_nano.a(lib_a-init.o)
 .debug_info    0x00000000000050db      0x121 /usr/lib/gcc/arm-none-eabi/12.2.0/../../../../arm-none-eabi/lib/thumb/v7-m/nofp/libc_nano.a(lib_a-memcpy-stub.o)
 .debug_info    0x00000000000051fc       0xe0 /usr/lib/gcc/arm-none-eabi/12.2.0/../../../../arm-none-eabi/lib/thumb/v7-m/nofp/libc_nano.a(lib_a-memset.o)
 .debug_info    0x00000000000052dc      0x8df /usr/lib/gcc/arm-none-eabi/12.2.0/../../../../arm-none-eabi/lib/thumb/v7-m/nofp/libc_nano.a(lib_a-sprintf.o)
 .debug_info    0x0000000000005bbb       0x24 /usr/lib/gcc/arm-none-eabi/12.2.0/../../../../arm-none-eabi/lib/thumb/v7-m/nofp/libc_nano.a(lib_a-strlen.o)
 .debug_info    0x0000000000005bdf      0x21a /usr/lib/gcc/arm-none-eabi/12.2.0/../../../../arm-none-eabi/lib/thumb/v7-m/nofp/libc_nano.a(lib_a-lock.o)
 .debug_info    0x0000000000005df9     0x1124 /usr/lib/gcc/arm-none-eabi/12.2.0/../../../../arm-none-eabi/lib/thumb/v7-m/nofp/libc_nano.a(lib_a-nano-svfprintf.o)
 .debug_info    0x0000000000006f1d      0xe42 /usr/lib/gcc/arm-none-eabi/12.2.0/../../../../arm-none-eabi/lib/thumb/v7-m/nofp/libc_nano.a(lib_a-nano-vfprintf_i.o)
 .debug_info    0x0000000000007d5f      0x110 /usr/lib/gcc/arm-none-eabi/12.2.0/../../../../arm-none-eabi/lib/thumb/v7-m/nofp/libc_nano.a(lib_a-memchr-stub.o)
 .debug_info    0x0000000000007e6f      0x10f /usr/lib/gcc/arm-none-eabi/12.2.0/../../../../arm-none-eabi/lib/thumb/v7-m/nofp/libc_nano.a(lib_a-memmove.o)
 .debug_info    0x0000000000007f7e      0x8ab /usr/lib/gcc/arm-none-eabi/12.2.0/../../../../arm-none-eabi/lib/thumb/v7-m/nofp/libc_nano.a(lib_a-nano-freer.o)
 .debug_info    0x0000000000008829      0xa1c /usr/lib/gcc/arm-none-eabi/12.2.0/../../../../arm-none-eabi/lib/thumb/v7-m/nofp/libc_nano.a(lib_a-nano-mallocr.o)
 .debug_info    0x0000000000009245      0x927 /usr/lib/gcc/arm-none-eabi/12.2.0/../../../../arm-none-eabi/lib/thumb/v7-m/nofp/libc_nano.a(lib_a-nano-reallocr.o)
 .debug_info    0x0000000000009b6c      0x7dc /usr/lib/gcc/arm-none-eabi/12.2.0/../../../../arm-none-eabi/lib/thumb/v7-m/nofp/libc_nano.a(lib_a-sbrkr.o)
 .debug_info    0x000000000000a348      0x7cb /usr/lib/gcc/arm-none-eabi/12.2.0/../../../../arm-none-eabi/lib/thumb/v7-m/nofp/libc_nano.a(lib_a-mlock.o)
 .debug_info    0x000000000000ab13      0x7f4 /usr/lib/gcc/arm-none-eabi/12.2.0/../../../../arm-none-eabi/lib/thumb/v7-m/nofp/libc_nano.a(lib_a-nano-msizer.o)
 .debug_info    0x000000000000b307      0x936 /usr/lib/gcc/arm-none-eabi/12.2.0/../../../../arm-none-eabi/lib/thumb/v7-m/nofp/libc_nano.a(lib_a-reent.o)

.debug_abbrev   0x0000000000000000     0x2e6d
 .debug_abbrev  0x0000000000000000      0x276 debug/stm32f103xb/build/radio_test.c.o
 .debug_abbrev  0x0000000000000276      0x1fb debug/stm32f103xb/build/bshal_gpio_stm32.c.o
 .debug_abbrev  0x0000000000000471      0x1e9 debug/stm32f103xb/build/bshal_spim_stm32f1.c.o
 .debug_abbrev  0x000000000000065a      0x194 debug/stm32f103xb/build/bshal_delay.c.o
 .debug_abbrev  0x00000000000007ee      0x13f ../../../build/staticlib/stm32f1/debug/libstm32f103xb.a(system_stm32f1xx.c.o)
 .debug_abbrev  0x000000000000092d      0x2b3 ../../../build/staticlib/stm32f1/debug/libstm32f103xb.a(stm32f1xx_hal_rcc.c.o)
 .debug_abbrev  0x0000000000000be0      0x1ca ../../../build/staticlib/stm32f1/debug/libstm32f103xb.a(stm32f1xx_hal_gpio.c.o)
 .debug_abbrev  0x0000000000000daa      0x284 ../../../build/staticlib/stm32f1/debug/libstm32f103xb.a(stm32f1xx_hal_spi.c.o)
 .debug_abbrev  0x000000000000102e       0x12 ../../../build/staticlib/stm32f1/debug/libstm32f103xb.a(startup_stm32f103xb.s.o)
 .debug_abbrev  0x0000000000001040      0x201 ../../../build/staticlib/stm32f1/debug/libstm32f103xb.a(stm32f1xx_hal.c.o)
 .debug_abbrev  0x0000000000001241       0x21 /usr/lib/gcc/arm-none-eabi/12.2.0/thumb/v7-m/nofp/libgcc.a(_arm_addsubsf3.o)
 .debug_abbrev  0x0000000000001262       0x21 /usr/lib/gcc/arm-none-eabi/12.2.0/thumb/v7-m/nofp/libgcc.a(_arm_muldivsf3.o)
 .debug_abbrev  0x0000000000001283       0x21 /usr/lib/gcc/arm-none-eabi/12.2.0/thumb/v7-m/nofp/libgcc.a(_arm_fixsfsi.o)
 .debug_abbrev  0x00000000000012a4      0x15a /usr/lib/gcc/arm-none-eabi/12.2.0/../../../../arm-none-eabi/lib/thumb/v7-m/nofp/libc_nano.a(lib_a-impure.o)
 .debug_abbrev  0x00000000000013fe       0xc9 /usr/lib/gcc/arm-none-eabi/12.2.0/../../../../arm-none-eabi/lib/thumb/v7-m/nofp/libc_nano.a(lib_a-init.o)
 .debug_abbrev  0x00000000000014c7       0xc1 /usr/lib/gcc/arm-none-eabi/12.2.0/../../../../arm-none-eabi/lib/thumb/v7-m/nofp/libc_nano.a(lib_a-memcpy-stub.o)
 .debug_abbrev  0x0000000000001588       0x9e /usr/lib/gcc/arm-none-eabi/12.2.0/../../../../arm-none-eabi/lib/thumb/v7-m/nofp/libc_nano.a(lib_a-memset.o)
 .debug_abbrev  0x0000000000001626      0x21c /usr/lib/gcc/arm-none-eabi/12.2.0/../../../../arm-none-eabi/lib/thumb/v7-m/nofp/libc_nano.a(lib_a-sprintf.o)
 .debug_abbrev  0x0000000000001842       0x14 /usr/lib/gcc/arm-none-eabi/12.2.0/../../../../arm-none-eabi/lib/thumb/v7-m/nofp/libc_nano.a(lib_a-strlen.o)
 .debug_abbrev  0x0000000000001856      0x115 /usr/lib/gcc/arm-none-eabi/12.2.0/../../../../arm-none-eabi/lib/thumb/v7-m/nofp/libc_nano.a(lib_a-lock.o)
 .debug_abbrev  0x000000000000196b      0x31e /usr/lib/gcc/arm-none-eabi/12.2.0/../../../../arm-none-eabi/lib/thumb/v7-m/nofp/libc_nano.a(lib_a-nano-svfprintf.o)
 .debug_abbrev  0x0000000000001c89      0x28e /usr/lib/gcc/arm-none-eabi/12.2.0/../../../../arm-none-eabi/lib/thumb/v7-m/nofp/libc_nano.a(lib_a-nano-vfprintf_i.o)
 .debug_abbrev  0x0000000000001f17       0xb1 /usr/lib/gcc/arm-none-eabi/12.2.0/../../../../arm-none-eabi/lib/thumb/v7-m/nofp/libc_nano.a(lib_a-memchr-stub.o)
 .debug_abbrev  0x0000000000001fc8       0xac /usr/lib/gcc/arm-none-eabi/12.2.0/../../../../arm-none-eabi/lib/thumb/v7-m/nofp/libc_nano.a(lib_a-memmove.o)
 .debug_abbrev  0x0000000000002074      0x236 /usr/lib/gcc/arm-none-eabi/12.2.0/../../../../arm-none-eabi/lib/thumb/v7-m/nofp/libc_nano.a(lib_a-nano-freer.o)
 .debug_abbrev  0x00000000000022aa      0x24a /usr/lib/gcc/arm-none-eabi/12.2.0/../../../../arm-none-eabi/lib/thumb/v7-m/nofp/libc_nano.a(lib_a-nano-mallocr.o)
 .debug_abbrev  0x00000000000024f4      0x217 /usr/lib/gcc/arm-none-eabi/12.2.0/../../../../arm-none-eabi/lib/thumb/v7-m/nofp/libc_nano.a(lib_a-nano-reallocr.o)
 .debug_abbrev  0x000000000000270b      0x1da /usr/lib/gcc/arm-none-eabi/12.2.0/../../../../arm-none-eabi/lib/thumb/v7-m/nofp/libc_nano.a(lib_a-sbrkr.o)
 .debug_abbrev  0x00000000000028e5      0x1bf /usr/lib/gcc/arm-none-eabi/12.2.0/../../../../arm-none-eabi/lib/thumb/v7-m/nofp/libc_nano.a(lib_a-mlock.o)
 .debug_abbrev  0x0000000000002aa4      0x196 /usr/lib/gcc/arm-none-eabi/12.2.0/../../../../arm-none-eabi/lib/thumb/v7-m/nofp/libc_nano.a(lib_a-nano-msizer.o)
 .debug_abbrev  0x0000000000002c3a      0x233 /usr/lib/gcc/arm-none-eabi/12.2.0/../../../../arm-none-eabi/lib/thumb/v7-m/nofp/libc_nano.a(lib_a-reent.o)

.debug_aranges  0x0000000000000000      0x808
 .debug_aranges
                0x0000000000000000       0x50 debug/stm32f103xb/build/radio_test.c.o
 .debug_aranges
                0x0000000000000050       0x48 debug/stm32f103xb/build/bshal_gpio_stm32.c.o
 .debug_aranges
                0x0000000000000098       0x48 debug/stm32f103xb/build/bshal_spim_stm32f1.c.o
 .debug_aranges
                0x00000000000000e0       0x40 debug/stm32f103xb/build/bshal_delay.c.o
 .debug_aranges
                0x0000000000000120       0x28 ../../../build/staticlib/stm32f1/debug/libstm32f103xb.a(system_stm32f1xx.c.o)
 .debug_aranges
                0x0000000000000148       0x90 ../../../build/staticlib/stm32f1/debug/libstm32f103xb.a(stm32f1xx_hal_rcc.c.o)
 .debug_aranges
                0x00000000000001d8       0x58 ../../../build/staticlib/stm32f1/debug/libstm32f103xb.a(stm32f1xx_hal_gpio.c.o)
 .debug_aranges
                0x0000000000000230      0x1f8 ../../../build/staticlib/stm32f1/debug/libstm32f103xb.a(stm32f1xx_hal_spi.c.o)
 .debug_aranges
                0x0000000000000428       0x28 ../../../build/staticlib/stm32f1/debug/libstm32f103xb.a(startup_stm32f103xb.s.o)
 .debug_aranges
                0x0000000000000450       0xe0 ../../../build/staticlib/stm32f1/debug/libstm32f103xb.a(stm32f1xx_hal.c.o)
 .debug_aranges
                0x0000000000000530       0x20 /usr/lib/gcc/arm-none-eabi/12.2.0/thumb/v7-m/nofp/libgcc.a(_arm_addsubsf3.o)
 .debug_aranges
                0x0000000000000550       0x20 /usr/lib/gcc/arm-none-eabi/12.2.0/thumb/v7-m/nofp/libgcc.a(_arm_muldivsf3.o)
 .debug_aranges
                0x0000000000000570       0x20 /usr/lib/gcc/arm-none-eabi/12.2.0/thumb/v7-m/nofp/libgcc.a(_arm_fixsfsi.o)
 .debug_aranges
                0x0000000000000590       0x18 /usr/lib/gcc/arm-none-eabi/12.2.0/../../../../arm-none-eabi/lib/thumb/v7-m/nofp/libc_nano.a(lib_a-impure.o)
 .debug_aranges
                0x00000000000005a8       0x20 /usr/lib/gcc/arm-none-eabi/12.2.0/../../../../arm-none-eabi/lib/thumb/v7-m/nofp/libc_nano.a(lib_a-init.o)
 .debug_aranges
                0x00000000000005c8       0x20 /usr/lib/gcc/arm-none-eabi/12.2.0/../../../../arm-none-eabi/lib/thumb/v7-m/nofp/libc_nano.a(lib_a-memcpy-stub.o)
 .debug_aranges
                0x00000000000005e8       0x20 /usr/lib/gcc/arm-none-eabi/12.2.0/../../../../arm-none-eabi/lib/thumb/v7-m/nofp/libc_nano.a(lib_a-memset.o)
 .debug_aranges
                0x0000000000000608       0x28 /usr/lib/gcc/arm-none-eabi/12.2.0/../../../../arm-none-eabi/lib/thumb/v7-m/nofp/libc_nano.a(lib_a-sprintf.o)
 .debug_aranges
                0x0000000000000630       0x20 /usr/lib/gcc/arm-none-eabi/12.2.0/../../../../arm-none-eabi/lib/thumb/v7-m/nofp/libc_nano.a(lib_a-strlen.o)
 .debug_aranges
                0x0000000000000650       0x28 /usr/lib/gcc/arm-none-eabi/12.2.0/../../../../arm-none-eabi/lib/thumb/v7-m/nofp/libc_nano.a(lib_a-lock.o)
 .debug_aranges
                0x0000000000000678       0x30 /usr/lib/gcc/arm-none-eabi/12.2.0/../../../../arm-none-eabi/lib/thumb/v7-m/nofp/libc_nano.a(lib_a-nano-svfprintf.o)
 .debug_aranges
                0x00000000000006a8       0x28 /usr/lib/gcc/arm-none-eabi/12.2.0/../../../../arm-none-eabi/lib/thumb/v7-m/nofp/libc_nano.a(lib_a-nano-vfprintf_i.o)
 .debug_aranges
                0x00000000000006d0       0x20 /usr/lib/gcc/arm-none-eabi/12.2.0/../../../../arm-none-eabi/lib/thumb/v7-m/nofp/libc_nano.a(lib_a-memchr-stub.o)
 .debug_aranges
                0x00000000000006f0       0x20 /usr/lib/gcc/arm-none-eabi/12.2.0/../../../../arm-none-eabi/lib/thumb/v7-m/nofp/libc_nano.a(lib_a-memmove.o)
 .debug_aranges
                0x0000000000000710       0x20 /usr/lib/gcc/arm-none-eabi/12.2.0/../../../../arm-none-eabi/lib/thumb/v7-m/nofp/libc_nano.a(lib_a-nano-freer.o)
 .debug_aranges
                0x0000000000000730       0x28 /usr/lib/gcc/arm-none-eabi/12.2.0/../../../../arm-none-eabi/lib/thumb/v7-m/nofp/libc_nano.a(lib_a-nano-mallocr.o)
 .debug_aranges
                0x0000000000000758       0x20 /usr/lib/gcc/arm-none-eabi/12.2.0/../../../../arm-none-eabi/lib/thumb/v7-m/nofp/libc_nano.a(lib_a-nano-reallocr.o)
 .debug_aranges
                0x0000000000000778       0x20 /usr/lib/gcc/arm-none-eabi/12.2.0/../../../../arm-none-eabi/lib/thumb/v7-m/nofp/libc_nano.a(lib_a-sbrkr.o)
 .debug_aranges
                0x0000000000000798       0x28 /usr/lib/gcc/arm-none-eabi/12.2.0/../../../../arm-none-eabi/lib/thumb/v7-m/nofp/libc_nano.a(lib_a-mlock.o)
 .debug_aranges
                0x00000000000007c0       0x20 /usr/lib/gcc/arm-none-eabi/12.2.0/../../../../arm-none-eabi/lib/thumb/v7-m/nofp/libc_nano.a(lib_a-nano-msizer.o)
 .debug_aranges
                0x00000000000007e0       0x28 /usr/lib/gcc/arm-none-eabi/12.2.0/../../../../arm-none-eabi/lib/thumb/v7-m/nofp/libc_nano.a(lib_a-reent.o)

.debug_rnglists
                0x0000000000000000      0x5e2
 .debug_rnglists
                0x0000000000000000       0x3c debug/stm32f103xb/build/radio_test.c.o
 .debug_rnglists
                0x000000000000003c       0x34 debug/stm32f103xb/build/bshal_gpio_stm32.c.o
 .debug_rnglists
                0x0000000000000070       0x33 debug/stm32f103xb/build/bshal_spim_stm32f1.c.o
 .debug_rnglists
                0x00000000000000a3       0x2b debug/stm32f103xb/build/bshal_delay.c.o
 .debug_rnglists
                0x00000000000000ce       0x1a ../../../build/staticlib/stm32f1/debug/libstm32f103xb.a(system_stm32f1xx.c.o)
 .debug_rnglists
                0x00000000000000e8       0x6c ../../../build/staticlib/stm32f1/debug/libstm32f103xb.a(stm32f1xx_hal_rcc.c.o)
 .debug_rnglists
                0x0000000000000154       0x3f ../../../build/staticlib/stm32f1/debug/libstm32f103xb.a(stm32f1xx_hal_gpio.c.o)
 .debug_rnglists
                0x0000000000000193      0x191 ../../../build/staticlib/stm32f1/debug/libstm32f103xb.a(stm32f1xx_hal_spi.c.o)
 .debug_rnglists
                0x0000000000000324       0x19 ../../../build/staticlib/stm32f1/debug/libstm32f103xb.a(startup_stm32f103xb.s.o)
 .debug_rnglists
                0x000000000000033d       0xa3 ../../../build/staticlib/stm32f1/debug/libstm32f103xb.a(stm32f1xx_hal.c.o)
 .debug_rnglists
                0x00000000000003e0       0x13 /usr/lib/gcc/arm-none-eabi/12.2.0/../../../../arm-none-eabi/lib/thumb/v7-m/nofp/libc_nano.a(lib_a-init.o)
 .debug_rnglists
                0x00000000000003f3       0x13 /usr/lib/gcc/arm-none-eabi/12.2.0/../../../../arm-none-eabi/lib/thumb/v7-m/nofp/libc_nano.a(lib_a-memcpy-stub.o)
 .debug_rnglists
                0x0000000000000406       0x13 /usr/lib/gcc/arm-none-eabi/12.2.0/../../../../arm-none-eabi/lib/thumb/v7-m/nofp/libc_nano.a(lib_a-memset.o)
 .debug_rnglists
                0x0000000000000419       0x19 /usr/lib/gcc/arm-none-eabi/12.2.0/../../../../arm-none-eabi/lib/thumb/v7-m/nofp/libc_nano.a(lib_a-sprintf.o)
 .debug_rnglists
                0x0000000000000432       0x19 /usr/lib/gcc/arm-none-eabi/12.2.0/../../../../arm-none-eabi/lib/thumb/v7-m/nofp/libc_nano.a(lib_a-lock.o)
 .debug_rnglists
                0x000000000000044b       0x43 /usr/lib/gcc/arm-none-eabi/12.2.0/../../../../arm-none-eabi/lib/thumb/v7-m/nofp/libc_nano.a(lib_a-nano-svfprintf.o)
 .debug_rnglists
                0x000000000000048e       0x63 /usr/lib/gcc/arm-none-eabi/12.2.0/../../../../arm-none-eabi/lib/thumb/v7-m/nofp/libc_nano.a(lib_a-nano-vfprintf_i.o)
 .debug_rnglists
                0x00000000000004f1       0x13 /usr/lib/gcc/arm-none-eabi/12.2.0/../../../../arm-none-eabi/lib/thumb/v7-m/nofp/libc_nano.a(lib_a-memchr-stub.o)
 .debug_rnglists
                0x0000000000000504       0x13 /usr/lib/gcc/arm-none-eabi/12.2.0/../../../../arm-none-eabi/lib/thumb/v7-m/nofp/libc_nano.a(lib_a-memmove.o)
 .debug_rnglists
                0x0000000000000517       0x14 /usr/lib/gcc/arm-none-eabi/12.2.0/../../../../arm-none-eabi/lib/thumb/v7-m/nofp/libc_nano.a(lib_a-nano-freer.o)
 .debug_rnglists
                0x000000000000052b       0x26 /usr/lib/gcc/arm-none-eabi/12.2.0/../../../../arm-none-eabi/lib/thumb/v7-m/nofp/libc_nano.a(lib_a-nano-mallocr.o)
 .debug_rnglists
                0x0000000000000551       0x13 /usr/lib/gcc/arm-none-eabi/12.2.0/../../../../arm-none-eabi/lib/thumb/v7-m/nofp/libc_nano.a(lib_a-nano-reallocr.o)
 .debug_rnglists
                0x0000000000000564       0x13 /usr/lib/gcc/arm-none-eabi/12.2.0/../../../../arm-none-eabi/lib/thumb/v7-m/nofp/libc_nano.a(lib_a-sbrkr.o)
 .debug_rnglists
                0x0000000000000577       0x19 /usr/lib/gcc/arm-none-eabi/12.2.0/../../../../arm-none-eabi/lib/thumb/v7-m/nofp/libc_nano.a(lib_a-mlock.o)
 .debug_rnglists
                0x0000000000000590       0x13 /usr/lib/gcc/arm-none-eabi/12.2.0/../../../../arm-none-eabi/lib/thumb/v7-m/nofp/libc_nano.a(lib_a-nano-msizer.o)
 .debug_rnglists
                0x00000000000005a3       0x2c /usr/lib/gcc/arm-none-eabi/12.2.0/../../../../arm-none-eabi/lib/thumb/v7-m/nofp/libc_nano.a(lib_a-reent.o)
 .debug_rnglists
                0x00000000000005cf       0x13 /usr/lib/gcc/arm-none-eabi/12.2.0/../../../../arm-none-eabi/lib/thumb/v7-m/nofp/libnosys.a(sbrk.o)

.debug_macro    0x0000000000000000    0x1ab8b
 .debug_macro   0x0000000000000000      0x3dd debug/stm32f103xb/build/radio_test.c.o
 .debug_macro   0x00000000000003dd      0xaba debug/stm32f103xb/build/radio_test.c.o
 .debug_macro   0x0000000000000e97       0x22 debug/stm32f103xb/build/radio_test.c.o
 .debug_macro   0x0000000000000eb9       0x22 debug/stm32f103xb/build/radio_test.c.o
 .debug_macro   0x0000000000000edb       0x8e debug/stm32f103xb/build/radio_test.c.o
 .debug_macro   0x0000000000000f69       0x51 debug/stm32f103xb/build/radio_test.c.o
 .debug_macro   0x0000000000000fba      0x103 debug/stm32f103xb/build/radio_test.c.o
 .debug_macro   0x00000000000010bd       0x6a debug/stm32f103xb/build/radio_test.c.o
 .debug_macro   0x0000000000001127      0x1df debug/stm32f103xb/build/radio_test.c.o
 .debug_macro   0x0000000000001306       0x18 debug/stm32f103xb/build/radio_test.c.o
 .debug_macro   0x000000000000131e       0x6a debug/stm32f103xb/build/radio_test.c.o
 .debug_macro   0x0000000000001388       0x3c debug/stm32f103xb/build/radio_test.c.o
 .debug_macro   0x00000000000013c4       0x34 debug/stm32f103xb/build/radio_test.c.o
 .debug_macro   0x00000000000013f8       0x16 debug/stm32f103xb/build/radio_test.c.o
 .debug_macro   0x000000000000140e      0x11c debug/stm32f103xb/build/radio_test.c.o
 .debug_macro   0x000000000000152a       0x94 debug/stm32f103xb/build/radio_test.c.o
 .debug_macro   0x00000000000015be       0x16 debug/stm32f103xb/build/radio_test.c.o
 .debug_macro   0x00000000000015d4       0x43 debug/stm32f103xb/build/radio_test.c.o
 .debug_macro   0x0000000000001617       0x34 debug/stm32f103xb/build/radio_test.c.o
 .debug_macro   0x000000000000164b       0x10 debug/stm32f103xb/build/radio_test.c.o
 .debug_macro   0x000000000000165b       0x58 debug/stm32f103xb/build/radio_test.c.o
 .debug_macro   0x00000000000016b3      0x182 debug/stm32f103xb/build/radio_test.c.o
 .debug_macro   0x0000000000001835      0x341 debug/stm32f103xb/build/radio_test.c.o
 .debug_macro   0x0000000000001b76       0x16 debug/stm32f103xb/build/radio_test.c.o
 .debug_macro   0x0000000000001b8c       0x29 debug/stm32f103xb/build/radio_test.c.o
 .debug_macro   0x0000000000001bb5       0x28 debug/stm32f103xb/build/radio_test.c.o
 .debug_macro   0x0000000000001bdd       0x10 debug/stm32f103xb/build/radio_test.c.o
 .debug_macro   0x0000000000001bed       0x35 debug/stm32f103xb/build/radio_test.c.o
 .debug_macro   0x0000000000001c22      0x4cc debug/stm32f103xb/build/radio_test.c.o
 .debug_macro   0x00000000000020ee       0x28 debug/stm32f103xb/build/radio_test.c.o
 .debug_macro   0x0000000000002116       0x22 debug/stm32f103xb/build/radio_test.c.o
 .debug_macro   0x0000000000002138       0x1c debug/stm32f103xb/build/radio_test.c.o
 .debug_macro   0x0000000000002154       0x22 debug/stm32f103xb/build/radio_test.c.o
 .debug_macro   0x0000000000002176       0xdf debug/stm32f103xb/build/radio_test.c.o
 .debug_macro   0x0000000000002255      0xd15 debug/stm32f103xb/build/radio_test.c.o
 .debug_macro   0x0000000000002f6a     0xe09e debug/stm32f103xb/build/radio_test.c.o
 .debug_macro   0x0000000000011008       0x6d debug/stm32f103xb/build/radio_test.c.o
 .debug_macro   0x0000000000011075      0x2ce debug/stm32f103xb/build/radio_test.c.o
 .debug_macro   0x0000000000011343     0x3468 debug/stm32f103xb/build/radio_test.c.o
 .debug_macro   0x00000000000147ab       0x56 debug/stm32f103xb/build/radio_test.c.o
 .debug_macro   0x0000000000014801      0x5bd debug/stm32f103xb/build/radio_test.c.o
 .debug_macro   0x0000000000014dbe      0x289 debug/stm32f103xb/build/radio_test.c.o
 .debug_macro   0x0000000000015047      0x1cb debug/stm32f103xb/build/radio_test.c.o
 .debug_macro   0x0000000000015212      0x114 debug/stm32f103xb/build/radio_test.c.o
 .debug_macro   0x0000000000015326      0x1b2 debug/stm32f103xb/build/radio_test.c.o
 .debug_macro   0x00000000000154d8       0x27 debug/stm32f103xb/build/radio_test.c.o
 .debug_macro   0x00000000000154ff      0x136 debug/stm32f103xb/build/radio_test.c.o
 .debug_macro   0x0000000000015635      0x1bc debug/stm32f103xb/build/radio_test.c.o
 .debug_macro   0x00000000000157f1       0x34 debug/stm32f103xb/build/radio_test.c.o
 .debug_macro   0x0000000000015825       0x3c debug/stm32f103xb/build/radio_test.c.o
 .debug_macro   0x0000000000015861      0x408 debug/stm32f103xb/build/radio_test.c.o
 .debug_macro   0x0000000000015c69       0x57 debug/stm32f103xb/build/radio_test.c.o
 .debug_macro   0x0000000000015cc0      0x46a debug/stm32f103xb/build/radio_test.c.o
 .debug_macro   0x000000000001612a      0x1b5 debug/stm32f103xb/build/radio_test.c.o
 .debug_macro   0x00000000000162df       0x22 debug/stm32f103xb/build/radio_test.c.o
 .debug_macro   0x0000000000016301       0x88 debug/stm32f103xb/build/radio_test.c.o
 .debug_macro   0x0000000000016389      0x240 debug/stm32f103xb/build/radio_test.c.o
 .debug_macro   0x00000000000165c9      0x287 debug/stm32f103xb/build/radio_test.c.o
 .debug_macro   0x0000000000016850       0x78 debug/stm32f103xb/build/radio_test.c.o
 .debug_macro   0x00000000000168c8      0x140 debug/stm32f103xb/build/radio_test.c.o
 .debug_macro   0x0000000000016a08      0x1ef debug/stm32f103xb/build/radio_test.c.o
 .debug_macro   0x0000000000016bf7       0xeb debug/stm32f103xb/build/radio_test.c.o
 .debug_macro   0x0000000000016ce2      0x217 debug/stm32f103xb/build/radio_test.c.o
 .debug_macro   0x0000000000016ef9      0x8d1 debug/stm32f103xb/build/radio_test.c.o
 .debug_macro   0x00000000000177ca      0x279 debug/stm32f103xb/build/radio_test.c.o
 .debug_macro   0x0000000000017a43      0x217 debug/stm32f103xb/build/radio_test.c.o
 .debug_macro   0x0000000000017c5a      0x1a7 debug/stm32f103xb/build/radio_test.c.o
 .debug_macro   0x0000000000017e01      0x2cd debug/stm32f103xb/build/radio_test.c.o
 .debug_macro   0x00000000000180ce       0x8d debug/stm32f103xb/build/radio_test.c.o
 .debug_macro   0x000000000001815b       0x65 debug/stm32f103xb/build/radio_test.c.o
 .debug_macro   0x00000000000181c0      0x249 debug/stm32f103xb/build/radio_test.c.o
 .debug_macro   0x0000000000018409       0x83 debug/stm32f103xb/build/radio_test.c.o
 .debug_macro   0x000000000001848c       0x22 debug/stm32f103xb/build/radio_test.c.o
 .debug_macro   0x00000000000184ae      0x39f debug/stm32f103xb/build/bshal_gpio_stm32.c.o
 .debug_macro   0x000000000001884d       0x64 debug/stm32f103xb/build/bshal_gpio_stm32.c.o
 .debug_macro   0x00000000000188b1       0x94 debug/stm32f103xb/build/bshal_gpio_stm32.c.o
 .debug_macro   0x0000000000018945       0x57 debug/stm32f103xb/build/bshal_gpio_stm32.c.o
 .debug_macro   0x000000000001899c       0x12 debug/stm32f103xb/build/bshal_gpio_stm32.c.o
 .debug_macro   0x00000000000189ae      0x3a9 debug/stm32f103xb/build/bshal_spim_stm32f1.c.o
 .debug_macro   0x0000000000018d57      0x338 debug/stm32f103xb/build/bshal_delay.c.o
 .debug_macro   0x000000000001908f       0x3a debug/stm32f103xb/build/bshal_delay.c.o
 .debug_macro   0x00000000000190c9       0x89 debug/stm32f103xb/build/bshal_delay.c.o
 .debug_macro   0x0000000000019152      0x112 debug/stm32f103xb/build/bshal_delay.c.o
 .debug_macro   0x0000000000019264      0x2c2 ../../../build/staticlib/stm32f1/debug/libstm32f103xb.a(system_stm32f1xx.c.o)
 .debug_macro   0x0000000000019526      0xab4 ../../../build/staticlib/stm32f1/debug/libstm32f103xb.a(system_stm32f1xx.c.o)
 .debug_macro   0x0000000000019fda      0x2d4 ../../../build/staticlib/stm32f1/debug/libstm32f103xb.a(stm32f1xx_hal_rcc.c.o)
 .debug_macro   0x000000000001a2ae      0x32d ../../../build/staticlib/stm32f1/debug/libstm32f103xb.a(stm32f1xx_hal_gpio.c.o)
 .debug_macro   0x000000000001a5db      0x2ca ../../../build/staticlib/stm32f1/debug/libstm32f103xb.a(stm32f1xx_hal_spi.c.o)
 .debug_macro   0x000000000001a8a5      0x2e6 ../../../build/staticlib/stm32f1/debug/libstm32f103xb.a(stm32f1xx_hal.c.o)

.debug_line     0x0000000000000000     0x9ca8
 .debug_line    0x0000000000000000      0xac4 debug/stm32f103xb/build/radio_test.c.o
 .debug_line    0x0000000000000ac4      0x912 debug/stm32f103xb/build/bshal_gpio_stm32.c.o
 .debug_line    0x00000000000013d6      0xa51 debug/stm32f103xb/build/bshal_spim_stm32f1.c.o
 .debug_line    0x0000000000001e27      0x86d debug/stm32f103xb/build/bshal_delay.c.o
 .debug_line    0x0000000000002694      0x792 ../../../build/staticlib/stm32f1/debug/libstm32f103xb.a(system_stm32f1xx.c.o)
 .debug_line    0x0000000000002e26      0xda8 ../../../build/staticlib/stm32f1/debug/libstm32f103xb.a(stm32f1xx_hal_rcc.c.o)
 .debug_line    0x0000000000003bce      0xa36 ../../../build/staticlib/stm32f1/debug/libstm32f103xb.a(stm32f1xx_hal_gpio.c.o)
 .debug_line    0x0000000000004604     0x1f43 ../../../build/staticlib/stm32f1/debug/libstm32f103xb.a(stm32f1xx_hal_spi.c.o)
 .debug_line    0x0000000000006547       0x79 ../../../build/staticlib/stm32f1/debug/libstm32f103xb.a(startup_stm32f103xb.s.o)
 .debug_line    0x00000000000065c0      0x99f ../../../build/staticlib/stm32f1/debug/libstm32f103xb.a(stm32f1xx_hal.c.o)
 .debug_line    0x0000000000006f5f      0x103 /usr/lib/gcc/arm-none-eabi/12.2.0/thumb/v7-m/nofp/libgcc.a(_arm_addsubsf3.o)
 .debug_line    0x0000000000007062      0x123 /usr/lib/gcc/arm-none-eabi/12.2.0/thumb/v7-m/nofp/libgcc.a(_arm_muldivsf3.o)
 .debug_line    0x0000000000007185       0x62 /usr/lib/gcc/arm-none-eabi/12.2.0/thumb/v7-m/nofp/libgcc.a(_arm_fixsfsi.o)
 .debug_line    0x00000000000071e7      0x10e /usr/lib/gcc/arm-none-eabi/12.2.0/../../../../arm-none-eabi/lib/thumb/v7-m/nofp/libc_nano.a(lib_a-impure.o)
 .debug_line    0x00000000000072f5      0x130 /usr/lib/gcc/arm-none-eabi/12.2.0/../../../../arm-none-eabi/lib/thumb/v7-m/nofp/libc_nano.a(lib_a-init.o)
 .debug_line    0x0000000000007425      0x14c /usr/lib/gcc/arm-none-eabi/12.2.0/../../../../arm-none-eabi/lib/thumb/v7-m/nofp/libc_nano.a(lib_a-memcpy-stub.o)
 .debug_line    0x0000000000007571      0x129 /usr/lib/gcc/arm-none-eabi/12.2.0/../../../../arm-none-eabi/lib/thumb/v7-m/nofp/libc_nano.a(lib_a-memset.o)
 .debug_line    0x000000000000769a      0x25d /usr/lib/gcc/arm-none-eabi/12.2.0/../../../../arm-none-eabi/lib/thumb/v7-m/nofp/libc_nano.a(lib_a-sprintf.o)
 .debug_line    0x00000000000078f7       0x4f /usr/lib/gcc/arm-none-eabi/12.2.0/../../../../arm-none-eabi/lib/thumb/v7-m/nofp/libc_nano.a(lib_a-strlen.o)
 .debug_line    0x0000000000007946       0xeb /usr/lib/gcc/arm-none-eabi/12.2.0/../../../../arm-none-eabi/lib/thumb/v7-m/nofp/libc_nano.a(lib_a-lock.o)
 .debug_line    0x0000000000007a31      0x82a /usr/lib/gcc/arm-none-eabi/12.2.0/../../../../arm-none-eabi/lib/thumb/v7-m/nofp/libc_nano.a(lib_a-nano-svfprintf.o)
 .debug_line    0x000000000000825b      0x6fb /usr/lib/gcc/arm-none-eabi/12.2.0/../../../../arm-none-eabi/lib/thumb/v7-m/nofp/libc_nano.a(lib_a-nano-vfprintf_i.o)
 .debug_line    0x0000000000008956      0x143 /usr/lib/gcc/arm-none-eabi/12.2.0/../../../../arm-none-eabi/lib/thumb/v7-m/nofp/libc_nano.a(lib_a-memchr-stub.o)
 .debug_line    0x0000000000008a99      0x166 /usr/lib/gcc/arm-none-eabi/12.2.0/../../../../arm-none-eabi/lib/thumb/v7-m/nofp/libc_nano.a(lib_a-memmove.o)
 .debug_line    0x0000000000008bff      0x2b4 /usr/lib/gcc/arm-none-eabi/12.2.0/../../../../arm-none-eabi/lib/thumb/v7-m/nofp/libc_nano.a(lib_a-nano-freer.o)
 .debug_line    0x0000000000008eb3      0x43c /usr/lib/gcc/arm-none-eabi/12.2.0/../../../../arm-none-eabi/lib/thumb/v7-m/nofp/libc_nano.a(lib_a-nano-mallocr.o)
 .debug_line    0x00000000000092ef      0x20c /usr/lib/gcc/arm-none-eabi/12.2.0/../../../../arm-none-eabi/lib/thumb/v7-m/nofp/libc_nano.a(lib_a-nano-reallocr.o)
 .debug_line    0x00000000000094fb      0x1be /usr/lib/gcc/arm-none-eabi/12.2.0/../../../../arm-none-eabi/lib/thumb/v7-m/nofp/libc_nano.a(lib_a-sbrkr.o)
 .debug_line    0x00000000000096b9      0x190 /usr/lib/gcc/arm-none-eabi/12.2.0/../../../../arm-none-eabi/lib/thumb/v7-m/nofp/libc_nano.a(lib_a-mlock.o)
 .debug_line    0x0000000000009849      0x19a /usr/lib/gcc/arm-none-eabi/12.2.0/../../../../arm-none-eabi/lib/thumb/v7-m/nofp/libc_nano.a(lib_a-nano-msizer.o)
 .debug_line    0x00000000000099e3      0x2c5 /usr/lib/gcc/arm-none-eabi/12.2.0/../../../../arm-none-eabi/lib/thumb/v7-m/nofp/libc_nano.a(lib_a-reent.o)

.debug_str      0x0000000000000000    0x9cbef
 .debug_str     0x0000000000000000    0x99d0d debug/stm32f103xb/build/radio_test.c.o
                                      0x9a085 (size before relaxing)
 .debug_str     0x0000000000099d0d      0x18c debug/stm32f103xb/build/bshal_gpio_stm32.c.o
                                      0x98da6 (size before relaxing)
 .debug_str     0x0000000000099e99      0x4e2 debug/stm32f103xb/build/bshal_spim_stm32f1.c.o
                                      0x992d3 (size before relaxing)
 .debug_str     0x000000000009a37b      0x211 debug/stm32f103xb/build/bshal_delay.c.o
                                      0x97a84 (size before relaxing)
 .debug_str     0x000000000009a58c      0x15d ../../../build/staticlib/stm32f1/debug/libstm32f103xb.a(system_stm32f1xx.c.o)
                                      0x9635a (size before relaxing)
 .debug_str     0x000000000009a6e9      0x37d ../../../build/staticlib/stm32f1/debug/libstm32f103xb.a(stm32f1xx_hal_rcc.c.o)
                                      0x96769 (size before relaxing)
 .debug_str     0x000000000009aa66      0x323 ../../../build/staticlib/stm32f1/debug/libstm32f103xb.a(stm32f1xx_hal_gpio.c.o)
                                      0x966c0 (size before relaxing)
 .debug_str     0x000000000009ad89      0x5db ../../../build/staticlib/stm32f1/debug/libstm32f103xb.a(stm32f1xx_hal_spi.c.o)
                                      0x96ce1 (size before relaxing)
 .debug_str     0x000000000009b364       0x22 ../../../build/staticlib/stm32f1/debug/libstm32f103xb.a(startup_stm32f103xb.s.o)
                                         0x4f (size before relaxing)
 .debug_str     0x000000000009b386      0x5ed ../../../build/staticlib/stm32f1/debug/libstm32f103xb.a(stm32f1xx_hal.c.o)
                                      0x96a6d (size before relaxing)
 .debug_str     0x000000000009b973      0x13f /usr/lib/gcc/arm-none-eabi/12.2.0/thumb/v7-m/nofp/libgcc.a(_arm_addsubsf3.o)
 .debug_str     0x000000000009bab2       0x2c /usr/lib/gcc/arm-none-eabi/12.2.0/thumb/v7-m/nofp/libgcc.a(_arm_muldivsf3.o)
                                         0xcb (size before relaxing)
 .debug_str     0x000000000009bade       0x17 /usr/lib/gcc/arm-none-eabi/12.2.0/thumb/v7-m/nofp/libgcc.a(_arm_fixsfsi.o)
                                         0xb6 (size before relaxing)
 .debug_str     0x000000000009baf5      0x45e /usr/lib/gcc/arm-none-eabi/12.2.0/../../../../arm-none-eabi/lib/thumb/v7-m/nofp/libc_nano.a(lib_a-impure.o)
                                        0x578 (size before relaxing)
 .debug_str     0x000000000009bf53      0x100 /usr/lib/gcc/arm-none-eabi/12.2.0/../../../../arm-none-eabi/lib/thumb/v7-m/nofp/libc_nano.a(lib_a-init.o)
                                        0x228 (size before relaxing)
 .debug_str     0x000000000009c053       0xd3 /usr/lib/gcc/arm-none-eabi/12.2.0/../../../../arm-none-eabi/lib/thumb/v7-m/nofp/libc_nano.a(lib_a-memcpy-stub.o)
                                        0x1ef (size before relaxing)
 .debug_str     0x000000000009c126       0xa6 /usr/lib/gcc/arm-none-eabi/12.2.0/../../../../arm-none-eabi/lib/thumb/v7-m/nofp/libc_nano.a(lib_a-memset.o)
                                        0x1c9 (size before relaxing)
 .debug_str     0x000000000009c1cc       0xdb /usr/lib/gcc/arm-none-eabi/12.2.0/../../../../arm-none-eabi/lib/thumb/v7-m/nofp/libc_nano.a(lib_a-sprintf.o)
                                        0x566 (size before relaxing)
 .debug_str     0x000000000009c2a7       0x13 /usr/lib/gcc/arm-none-eabi/12.2.0/../../../../arm-none-eabi/lib/thumb/v7-m/nofp/libc_nano.a(lib_a-strlen.o)
                                         0x80 (size before relaxing)
 .debug_str     0x000000000009c2ba      0x266 /usr/lib/gcc/arm-none-eabi/12.2.0/../../../../arm-none-eabi/lib/thumb/v7-m/nofp/libc_nano.a(lib_a-lock.o)
                                        0x359 (size before relaxing)
 .debug_str     0x000000000009c520      0x29c /usr/lib/gcc/arm-none-eabi/12.2.0/../../../../arm-none-eabi/lib/thumb/v7-m/nofp/libc_nano.a(lib_a-nano-svfprintf.o)
                                        0x86f (size before relaxing)
 .debug_str     0x000000000009c7bc       0xaa /usr/lib/gcc/arm-none-eabi/12.2.0/../../../../arm-none-eabi/lib/thumb/v7-m/nofp/libc_nano.a(lib_a-nano-vfprintf_i.o)
                                        0x806 (size before relaxing)
 .debug_str     0x000000000009c866       0x67 /usr/lib/gcc/arm-none-eabi/12.2.0/../../../../arm-none-eabi/lib/thumb/v7-m/nofp/libc_nano.a(lib_a-memchr-stub.o)
                                        0x1eb (size before relaxing)
 .debug_str     0x000000000009c8cd       0x54 /usr/lib/gcc/arm-none-eabi/12.2.0/../../../../arm-none-eabi/lib/thumb/v7-m/nofp/libc_nano.a(lib_a-memmove.o)
                                        0x1e4 (size before relaxing)
 .debug_str     0x000000000009c921      0x126 /usr/lib/gcc/arm-none-eabi/12.2.0/../../../../arm-none-eabi/lib/thumb/v7-m/nofp/libc_nano.a(lib_a-nano-freer.o)
                                        0x5af (size before relaxing)
 .debug_str     0x000000000009ca47       0x5d /usr/lib/gcc/arm-none-eabi/12.2.0/../../../../arm-none-eabi/lib/thumb/v7-m/nofp/libc_nano.a(lib_a-nano-mallocr.o)
                                        0x60e (size before relaxing)
 .debug_str     0x000000000009caa4       0x2c /usr/lib/gcc/arm-none-eabi/12.2.0/../../../../arm-none-eabi/lib/thumb/v7-m/nofp/libc_nano.a(lib_a-nano-reallocr.o)
                                        0x5a2 (size before relaxing)
 .debug_str     0x000000000009cad0       0x53 /usr/lib/gcc/arm-none-eabi/12.2.0/../../../../arm-none-eabi/lib/thumb/v7-m/nofp/libc_nano.a(lib_a-sbrkr.o)
                                        0x530 (size before relaxing)
 .debug_str     0x000000000009cb23       0x49 /usr/lib/gcc/arm-none-eabi/12.2.0/../../../../arm-none-eabi/lib/thumb/v7-m/nofp/libc_nano.a(lib_a-mlock.o)
                                        0x5aa (size before relaxing)
 .debug_str     0x000000000009cb6c        0xf /usr/lib/gcc/arm-none-eabi/12.2.0/../../../../arm-none-eabi/lib/thumb/v7-m/nofp/libc_nano.a(lib_a-nano-msizer.o)
                                        0x577 (size before relaxing)
 .debug_str     0x000000000009cb7b       0x74 /usr/lib/gcc/arm-none-eabi/12.2.0/../../../../arm-none-eabi/lib/thumb/v7-m/nofp/libc_nano.a(lib_a-reent.o)
                                        0x558 (size before relaxing)

.debug_frame    0x0000000000000000     0x18b4
 .debug_frame   0x0000000000000000      0x100 debug/stm32f103xb/build/radio_test.c.o
 .debug_frame   0x0000000000000100       0xf4 debug/stm32f103xb/build/bshal_gpio_stm32.c.o
 .debug_frame   0x00000000000001f4       0xe8 debug/stm32f103xb/build/bshal_spim_stm32f1.c.o
 .debug_frame   0x00000000000002dc       0xd0 debug/stm32f103xb/build/bshal_delay.c.o
 .debug_frame   0x00000000000003ac       0x58 ../../../build/staticlib/stm32f1/debug/libstm32f103xb.a(system_stm32f1xx.c.o)
 .debug_frame   0x0000000000000404      0x218 ../../../build/staticlib/stm32f1/debug/libstm32f103xb.a(stm32f1xx_hal_rcc.c.o)
 .debug_frame   0x000000000000061c      0x14c ../../../build/staticlib/stm32f1/debug/libstm32f103xb.a(stm32f1xx_hal_gpio.c.o)
 .debug_frame   0x0000000000000768      0x8e8 ../../../build/staticlib/stm32f1/debug/libstm32f103xb.a(stm32f1xx_hal_spi.c.o)
 .debug_frame   0x0000000000001050      0x334 ../../../build/staticlib/stm32f1/debug/libstm32f103xb.a(stm32f1xx_hal.c.o)
 .debug_frame   0x0000000000001384       0x4c /usr/lib/gcc/arm-none-eabi/12.2.0/thumb/v7-m/nofp/libgcc.a(_arm_addsubsf3.o)
 .debug_frame   0x00000000000013d0       0x38 /usr/lib/gcc/arm-none-eabi/12.2.0/thumb/v7-m/nofp/libgcc.a(_arm_muldivsf3.o)
 .debug_frame   0x0000000000001408       0x24 /usr/lib/gcc/arm-none-eabi/12.2.0/thumb/v7-m/nofp/libgcc.a(_arm_fixsfsi.o)
 .debug_frame   0x000000000000142c       0x2c /usr/lib/gcc/arm-none-eabi/12.2.0/../../../../arm-none-eabi/lib/thumb/v7-m/nofp/libc_nano.a(lib_a-init.o)
 .debug_frame   0x0000000000001458       0x28 /usr/lib/gcc/arm-none-eabi/12.2.0/../../../../arm-none-eabi/lib/thumb/v7-m/nofp/libc_nano.a(lib_a-memcpy-stub.o)
 .debug_frame   0x0000000000001480       0x20 /usr/lib/gcc/arm-none-eabi/12.2.0/../../../../arm-none-eabi/lib/thumb/v7-m/nofp/libc_nano.a(lib_a-memset.o)
 .debug_frame   0x00000000000014a0       0x6c /usr/lib/gcc/arm-none-eabi/12.2.0/../../../../arm-none-eabi/lib/thumb/v7-m/nofp/libc_nano.a(lib_a-sprintf.o)
 .debug_frame   0x000000000000150c       0xb0 /usr/lib/gcc/arm-none-eabi/12.2.0/../../../../arm-none-eabi/lib/thumb/v7-m/nofp/libc_nano.a(lib_a-lock.o)
 .debug_frame   0x00000000000015bc       0x90 /usr/lib/gcc/arm-none-eabi/12.2.0/../../../../arm-none-eabi/lib/thumb/v7-m/nofp/libc_nano.a(lib_a-nano-svfprintf.o)
 .debug_frame   0x000000000000164c       0x60 /usr/lib/gcc/arm-none-eabi/12.2.0/../../../../arm-none-eabi/lib/thumb/v7-m/nofp/libc_nano.a(lib_a-nano-vfprintf_i.o)
 .debug_frame   0x00000000000016ac       0x28 /usr/lib/gcc/arm-none-eabi/12.2.0/../../../../arm-none-eabi/lib/thumb/v7-m/nofp/libc_nano.a(lib_a-memchr-stub.o)
 .debug_frame   0x00000000000016d4       0x28 /usr/lib/gcc/arm-none-eabi/12.2.0/../../../../arm-none-eabi/lib/thumb/v7-m/nofp/libc_nano.a(lib_a-memmove.o)
 .debug_frame   0x00000000000016fc       0x38 /usr/lib/gcc/arm-none-eabi/12.2.0/../../../../arm-none-eabi/lib/thumb/v7-m/nofp/libc_nano.a(lib_a-nano-freer.o)
 .debug_frame   0x0000000000001734       0x4c /usr/lib/gcc/arm-none-eabi/12.2.0/../../../../arm-none-eabi/lib/thumb/v7-m/nofp/libc_nano.a(lib_a-nano-mallocr.o)
 .debug_frame   0x0000000000001780       0x3c /usr/lib/gcc/arm-none-eabi/12.2.0/../../../../arm-none-eabi/lib/thumb/v7-m/nofp/libc_nano.a(lib_a-nano-reallocr.o)
 .debug_frame   0x00000000000017bc       0x2c /usr/lib/gcc/arm-none-eabi/12.2.0/../../../../arm-none-eabi/lib/thumb/v7-m/nofp/libc_nano.a(lib_a-sbrkr.o)
 .debug_frame   0x00000000000017e8       0x30 /usr/lib/gcc/arm-none-eabi/12.2.0/../../../../arm-none-eabi/lib/thumb/v7-m/nofp/libc_nano.a(lib_a-mlock.o)
 .debug_frame   0x0000000000001818       0x20 /usr/lib/gcc/arm-none-eabi/12.2.0/../../../../arm-none-eabi/lib/thumb/v7-m/nofp/libc_nano.a(lib_a-nano-msizer.o)
 .debug_frame   0x0000000000001838       0x5c /usr/lib/gcc/arm-none-eabi/12.2.0/../../../../arm-none-eabi/lib/thumb/v7-m/nofp/libc_nano.a(lib_a-reent.o)
 .debug_frame   0x0000000000001894       0x20 /usr/lib/gcc/arm-none-eabi/12.2.0/../../../../arm-none-eabi/lib/thumb/v7-m/nofp/libnosys.a(sbrk.o)

.debug_line_str
                0x0000000000000000      0x13e
 .debug_line_str
                0x0000000000000000       0x4f ../../../build/staticlib/stm32f1/debug/libstm32f103xb.a(startup_stm32f103xb.s.o)
                                         0x9e (size before relaxing)
 .debug_line_str
                0x000000000000004f       0x93 /usr/lib/gcc/arm-none-eabi/12.2.0/thumb/v7-m/nofp/libgcc.a(_arm_addsubsf3.o)
 .debug_line_str
                0x00000000000000e2       0x93 /usr/lib/gcc/arm-none-eabi/12.2.0/thumb/v7-m/nofp/libgcc.a(_arm_muldivsf3.o)
 .debug_line_str
                0x00000000000000e2       0x93 /usr/lib/gcc/arm-none-eabi/12.2.0/thumb/v7-m/nofp/libgcc.a(_arm_fixsfsi.o)
 .debug_line_str
                0x00000000000000e2       0x5c /usr/lib/gcc/arm-none-eabi/12.2.0/../../../../arm-none-eabi/lib/thumb/v7-m/nofp/libc_nano.a(lib_a-strlen.o)
                                         0xb8 (size before relaxing)

.debug_loclists
                0x0000000000000000     0x122a
 .debug_loclists
                0x0000000000000000       0x34 /usr/lib/gcc/arm-none-eabi/12.2.0/../../../../arm-none-eabi/lib/thumb/v7-m/nofp/libc_nano.a(lib_a-init.o)
 .debug_loclists
                0x0000000000000034       0x8f /usr/lib/gcc/arm-none-eabi/12.2.0/../../../../arm-none-eabi/lib/thumb/v7-m/nofp/libc_nano.a(lib_a-memcpy-stub.o)
 .debug_loclists
                0x00000000000000c3       0x3b /usr/lib/gcc/arm-none-eabi/12.2.0/../../../../arm-none-eabi/lib/thumb/v7-m/nofp/libc_nano.a(lib_a-memset.o)
 .debug_loclists
                0x00000000000000fe       0x79 /usr/lib/gcc/arm-none-eabi/12.2.0/../../../../arm-none-eabi/lib/thumb/v7-m/nofp/libc_nano.a(lib_a-sprintf.o)
 .debug_loclists
                0x0000000000000177       0x23 /usr/lib/gcc/arm-none-eabi/12.2.0/../../../../arm-none-eabi/lib/thumb/v7-m/nofp/libc_nano.a(lib_a-lock.o)
 .debug_loclists
                0x000000000000019a      0x49a /usr/lib/gcc/arm-none-eabi/12.2.0/../../../../arm-none-eabi/lib/thumb/v7-m/nofp/libc_nano.a(lib_a-nano-svfprintf.o)
 .debug_loclists
                0x0000000000000634      0x41c /usr/lib/gcc/arm-none-eabi/12.2.0/../../../../arm-none-eabi/lib/thumb/v7-m/nofp/libc_nano.a(lib_a-nano-vfprintf_i.o)
 .debug_loclists
                0x0000000000000a50       0xbb /usr/lib/gcc/arm-none-eabi/12.2.0/../../../../arm-none-eabi/lib/thumb/v7-m/nofp/libc_nano.a(lib_a-memchr-stub.o)
 .debug_loclists
                0x0000000000000b0b      0x119 /usr/lib/gcc/arm-none-eabi/12.2.0/../../../../arm-none-eabi/lib/thumb/v7-m/nofp/libc_nano.a(lib_a-memmove.o)
 .debug_loclists
                0x0000000000000c24       0xd4 /usr/lib/gcc/arm-none-eabi/12.2.0/../../../../arm-none-eabi/lib/thumb/v7-m/nofp/libc_nano.a(lib_a-nano-freer.o)
 .debug_loclists
                0x0000000000000cf8      0x254 /usr/lib/gcc/arm-none-eabi/12.2.0/../../../../arm-none-eabi/lib/thumb/v7-m/nofp/libc_nano.a(lib_a-nano-mallocr.o)
 .debug_loclists
                0x0000000000000f4c       0xf7 /usr/lib/gcc/arm-none-eabi/12.2.0/../../../../arm-none-eabi/lib/thumb/v7-m/nofp/libc_nano.a(lib_a-nano-reallocr.o)
 .debug_loclists
                0x0000000000001043       0x4c /usr/lib/gcc/arm-none-eabi/12.2.0/../../../../arm-none-eabi/lib/thumb/v7-m/nofp/libc_nano.a(lib_a-sbrkr.o)
 .debug_loclists
                0x000000000000108f       0x3a /usr/lib/gcc/arm-none-eabi/12.2.0/../../../../arm-none-eabi/lib/thumb/v7-m/nofp/libc_nano.a(lib_a-mlock.o)
 .debug_loclists
                0x00000000000010c9       0x62 /usr/lib/gcc/arm-none-eabi/12.2.0/../../../../arm-none-eabi/lib/thumb/v7-m/nofp/libc_nano.a(lib_a-nano-msizer.o)
 .debug_loclists
                0x000000000000112b       0xcd /usr/lib/gcc/arm-none-eabi/12.2.0/../../../../arm-none-eabi/lib/thumb/v7-m/nofp/libc_nano.a(lib_a-reent.o)
 .debug_loclists
                0x00000000000011f8       0x32 /usr/lib/gcc/arm-none-eabi/12.2.0/../../../../arm-none-eabi/lib/thumb/v7-m/nofp/libnosys.a(sbrk.o)

Cross Reference Table

Symbol                                            File
ADC1_2_IRQHandler                                 ../../../build/staticlib/stm32f1/debug/libstm32f103xb.a(startup_stm32f103xb.s.o)
AHBPrescTable                                     ../../../build/staticlib/stm32f1/debug/libstm32f103xb.a(system_stm32f1xx.c.o)
                                                  ../../../build/staticlib/stm32f1/debug/libstm32f103xb.a(stm32f1xx_hal_rcc.c.o)
APBPrescTable                                     ../../../build/staticlib/stm32f1/debug/libstm32f103xb.a(system_stm32f1xx.c.o)
                                                  ../../../build/staticlib/stm32f1/debug/libstm32f103xb.a(stm32f1xx_hal_rcc.c.o)
BusFault_Handler                                  ../../../build/staticlib/stm32f1/debug/libstm32f103xb.a(startup_stm32f103xb.s.o)
CAN1_RX1_IRQHandler                               ../../../build/staticlib/stm32f1/debug/libstm32f103xb.a(startup_stm32f103xb.s.o)
CAN1_SCE_IRQHandler                               ../../../build/staticlib/stm32f1/debug/libstm32f103xb.a(startup_stm32f103xb.s.o)
ClockSetup_HSE8_SYS48                             debug/stm32f103xb/build/clocksetup.c.o
ClockSetup_HSE8_SYS72                             debug/stm32f103xb/build/clocksetup.c.o
ClockSetup_HSI_SYS48                              debug/stm32f103xb/build/clocksetup.c.o
DMA1_Channel1_IRQHandler                          ../../../build/staticlib/stm32f1/debug/libstm32f103xb.a(startup_stm32f103xb.s.o)
DMA1_Channel2_IRQHandler                          ../../../build/staticlib/stm32f1/debug/libstm32f103xb.a(startup_stm32f103xb.s.o)
DMA1_Channel3_IRQHandler                          ../../../build/staticlib/stm32f1/debug/libstm32f103xb.a(startup_stm32f103xb.s.o)
DMA1_Channel4_IRQHandler                          ../../../build/staticlib/stm32f1/debug/libstm32f103xb.a(startup_stm32f103xb.s.o)
DMA1_Channel5_IRQHandler                          ../../../build/staticlib/stm32f1/debug/libstm32f103xb.a(startup_stm32f103xb.s.o)
DMA1_Channel6_IRQHandler                          ../../../build/staticlib/stm32f1/debug/libstm32f103xb.a(startup_stm32f103xb.s.o)
DMA1_Channel7_IRQHandler                          ../../../build/staticlib/stm32f1/debug/libstm32f103xb.a(startup_stm32f103xb.s.o)
DebugMon_Handler                                  ../../../build/staticlib/stm32f1/debug/libstm32f103xb.a(startup_stm32f103xb.s.o)
Default_Handler                                   ../../../build/staticlib/stm32f1/debug/libstm32f103xb.a(startup_stm32f103xb.s.o)
EXTI0_IRQHandler                                  ../../../build/staticlib/stm32f1/debug/libstm32f103xb.a(startup_stm32f103xb.s.o)
EXTI15_10_IRQHandler                              ../../../build/staticlib/stm32f1/debug/libstm32f103xb.a(startup_stm32f103xb.s.o)
EXTI1_IRQHandler                                  ../../../build/staticlib/stm32f1/debug/libstm32f103xb.a(startup_stm32f103xb.s.o)
EXTI2_IRQHandler                                  ../../../build/staticlib/stm32f1/debug/libstm32f103xb.a(startup_stm32f103xb.s.o)
EXTI3_IRQHandler                                  ../../../build/staticlib/stm32f1/debug/libstm32f103xb.a(startup_stm32f103xb.s.o)
EXTI4_IRQHandler                                  ../../../build/staticlib/stm32f1/debug/libstm32f103xb.a(startup_stm32f103xb.s.o)
EXTI9_5_IRQHandler                                ../../../build/staticlib/stm32f1/debug/libstm32f103xb.a(startup_stm32f103xb.s.o)
FLASH_IRQHandler                                  ../../../build/staticlib/stm32f1/debug/libstm32f103xb.a(startup_stm32f103xb.s.o)
HAL_DBGMCU_DisableDBGSleepMode                    ../../../build/staticlib/stm32f1/debug/libstm32f103xb.a(stm32f1xx_hal.c.o)
HAL_DBGMCU_DisableDBGStandbyMode                  ../../../build/staticlib/stm32f1/debug/libstm32f103xb.a(stm32f1xx_hal.c.o)
HAL_DBGMCU_DisableDBGStopMode                     ../../../build/staticlib/stm32f1/debug/libstm32f103xb.a(stm32f1xx_hal.c.o)
HAL_DBGMCU_EnableDBGSleepMode                     ../../../build/staticlib/stm32f1/debug/libstm32f103xb.a(stm32f1xx_hal.c.o)
HAL_DBGMCU_EnableDBGStandbyMode                   ../../../build/staticlib/stm32f1/debug/libstm32f103xb.a(stm32f1xx_hal.c.o)
HAL_DBGMCU_EnableDBGStopMode                      ../../../build/staticlib/stm32f1/debug/libstm32f103xb.a(stm32f1xx_hal.c.o)
HAL_DMA_Abort                                     ../../../build/staticlib/stm32f1/debug/libstm32f103xb.a(stm32f1xx_hal_dma.c.o)
                                                  ../../../build/staticlib/stm32f1/debug/libstm32f103xb.a(stm32f1xx_hal_spi.c.o)
HAL_DMA_Abort_IT                                  ../../../build/staticlib/stm32f1/debug/libstm32f103xb.a(stm32f1xx_hal_dma.c.o)
                                                  ../../../build/staticlib/stm32f1/debug/libstm32f103xb.a(stm32f1xx_hal_spi.c.o)
                                                  ../../../build/staticlib/stm32f1/debug/libstm32f103xb.a(stm32f1xx_hal_i2c.c.o)
HAL_DMA_DeInit                                    ../../../build/staticlib/stm32f1/debug/libstm32f103xb.a(stm32f1xx_hal_dma.c.o)
HAL_DMA_GetError                                  ../../../build/staticlib/stm32f1/debug/libstm32f103xb.a(stm32f1xx_hal_dma.c.o)
HAL_DMA_GetState                                  ../../../build/staticlib/stm32f1/debug/libstm32f103xb.a(stm32f1xx_hal_dma.c.o)
                                                  ../../../build/staticlib/stm32f1/debug/libstm32f103xb.a(stm32f1xx_hal_i2c.c.o)
HAL_DMA_IRQHandler                                ../../../build/staticlib/stm32f1/debug/libstm32f103xb.a(stm32f1xx_hal_dma.c.o)
HAL_DMA_Init                                      ../../../build/staticlib/stm32f1/debug/libstm32f103xb.a(stm32f1xx_hal_dma.c.o)
HAL_DMA_PollForTransfer                           ../../../build/staticlib/stm32f1/debug/libstm32f103xb.a(stm32f1xx_hal_dma.c.o)
HAL_DMA_RegisterCallback                          ../../../build/staticlib/stm32f1/debug/libstm32f103xb.a(stm32f1xx_hal_dma.c.o)
HAL_DMA_Start                                     ../../../build/staticlib/stm32f1/debug/libstm32f103xb.a(stm32f1xx_hal_dma.c.o)
HAL_DMA_Start_IT                                  ../../../build/staticlib/stm32f1/debug/libstm32f103xb.a(stm32f1xx_hal_dma.c.o)
                                                  ../../../build/staticlib/stm32f1/debug/libstm32f103xb.a(stm32f1xx_hal_spi.c.o)
                                                  ../../../build/staticlib/stm32f1/debug/libstm32f103xb.a(stm32f1xx_hal_i2c.c.o)
HAL_DMA_UnRegisterCallback                        ../../../build/staticlib/stm32f1/debug/libstm32f103xb.a(stm32f1xx_hal_dma.c.o)
HAL_DeInit                                        ../../../build/staticlib/stm32f1/debug/libstm32f103xb.a(stm32f1xx_hal.c.o)
HAL_Delay                                         ../../../build/staticlib/stm32f1/debug/libstm32f103xb.a(stm32f1xx_hal.c.o)
HAL_GPIO_DeInit                                   ../../../build/staticlib/stm32f1/debug/libstm32f103xb.a(stm32f1xx_hal_gpio.c.o)
HAL_GPIO_EXTI_Callback                            ../../../build/staticlib/stm32f1/debug/libstm32f103xb.a(stm32f1xx_hal_gpio.c.o)
HAL_GPIO_EXTI_IRQHandler                          ../../../build/staticlib/stm32f1/debug/libstm32f103xb.a(stm32f1xx_hal_gpio.c.o)
HAL_GPIO_Init                                     ../../../build/staticlib/stm32f1/debug/libstm32f103xb.a(stm32f1xx_hal_gpio.c.o)
                                                  ../../../build/staticlib/stm32f1/debug/libstm32f103xb.a(stm32f1xx_hal_rcc.c.o)
                                                  debug/stm32f103xb/build/bshal_i2cm_stm32f1.c.o
                                                  debug/stm32f103xb/build/bshal_spim_stm32f1.c.o
                                                  debug/stm32f103xb/build/bshal_gpio_stm32.c.o
HAL_GPIO_LockPin                                  ../../../build/staticlib/stm32f1/debug/libstm32f103xb.a(stm32f1xx_hal_gpio.c.o)
HAL_GPIO_ReadPin                                  ../../../build/staticlib/stm32f1/debug/libstm32f103xb.a(stm32f1xx_hal_gpio.c.o)
HAL_GPIO_TogglePin                                ../../../build/staticlib/stm32f1/debug/libstm32f103xb.a(stm32f1xx_hal_gpio.c.o)
HAL_GPIO_WritePin                                 ../../../build/staticlib/stm32f1/debug/libstm32f103xb.a(stm32f1xx_hal_gpio.c.o)
                                                  debug/stm32f103xb/build/bshal_gpio_stm32.c.o
HAL_GetDEVID                                      ../../../build/staticlib/stm32f1/debug/libstm32f103xb.a(stm32f1xx_hal.c.o)
HAL_GetHalVersion                                 ../../../build/staticlib/stm32f1/debug/libstm32f103xb.a(stm32f1xx_hal.c.o)
HAL_GetREVID                                      ../../../build/staticlib/stm32f1/debug/libstm32f103xb.a(stm32f1xx_hal.c.o)
HAL_GetTick                                       ../../../build/staticlib/stm32f1/debug/libstm32f103xb.a(stm32f1xx_hal.c.o)
                                                  ../../../build/staticlib/stm32f1/debug/libstm32f103xb.a(stm32f1xx_hal_dma.c.o)
                                                  ../../../build/staticlib/stm32f1/debug/libstm32f103xb.a(stm32f1xx_hal_spi.c.o)
                                                  ../../../build/staticlib/stm32f1/debug/libstm32f103xb.a(stm32f1xx_hal_i2c.c.o)
                                                  ../../../build/staticlib/stm32f1/debug/libstm32f103xb.a(stm32f1xx_hal_rcc_ex.c.o)
                                                  ../../../build/staticlib/stm32f1/debug/libstm32f103xb.a(stm32f1xx_hal_rcc.c.o)
HAL_GetTickFreq                                   ../../../build/staticlib/stm32f1/debug/libstm32f103xb.a(stm32f1xx_hal.c.o)
HAL_GetTickPrio                                   ../../../build/staticlib/stm32f1/debug/libstm32f103xb.a(stm32f1xx_hal.c.o)
HAL_GetUIDw0                                      ../../../build/staticlib/stm32f1/debug/libstm32f103xb.a(stm32f1xx_hal.c.o)
HAL_GetUIDw1                                      ../../../build/staticlib/stm32f1/debug/libstm32f103xb.a(stm32f1xx_hal.c.o)
HAL_GetUIDw2                                      ../../../build/staticlib/stm32f1/debug/libstm32f103xb.a(stm32f1xx_hal.c.o)
HAL_I2C_AbortCpltCallback                         ../../../build/staticlib/stm32f1/debug/libstm32f103xb.a(stm32f1xx_hal_i2c.c.o)
HAL_I2C_AddrCallback                              ../../../build/staticlib/stm32f1/debug/libstm32f103xb.a(stm32f1xx_hal_i2c.c.o)
HAL_I2C_DeInit                                    ../../../build/staticlib/stm32f1/debug/libstm32f103xb.a(stm32f1xx_hal_i2c.c.o)