Archive member included to satisfy reference by file (symbol)

/usr/lib/gcc/arm-none-eabi/12.2.0/../../../../arm-none-eabi/lib/thumb/v7-m/nofp/libm.a(lib_a-s_round.o)
                              debug/stm32f103xb/build/s2lp_rf.c.o (round)
../../../build/staticlib/stm32f1/debug/libstm32f103xb.a(system_stm32f1xx.c.o)
                              debug/stm32f103xb/build/bshal_delay.c.o (SystemCoreClock)
../../../build/staticlib/stm32f1/debug/libstm32f103xb.a(stm32f1xx_hal_rcc.c.o)
                              debug/stm32f103xb/build/clocksetup.c.o (HAL_RCC_OscConfig)
../../../build/staticlib/stm32f1/debug/libstm32f103xb.a(stm32f1xx_hal_rcc_ex.c.o)
                              debug/stm32f103xb/build/clocksetup.c.o (HAL_RCCEx_PeriphCLKConfig)
../../../build/staticlib/stm32f1/debug/libstm32f103xb.a(stm32f1xx_hal_gpio.c.o)
                              debug/stm32f103xb/build/bshal_gpio_stm32.c.o (HAL_GPIO_Init)
../../../build/staticlib/stm32f1/debug/libstm32f103xb.a(stm32f1xx_hal_i2c.c.o)
                              debug/stm32f103xb/build/bshal_i2cm_stm32f1.c.o (HAL_I2C_Init)
../../../build/staticlib/stm32f1/debug/libstm32f103xb.a(stm32f1xx_hal_spi.c.o)
                              debug/stm32f103xb/build/bshal_spim_stm32f1.c.o (HAL_SPI_Init)
../../../build/staticlib/stm32f1/debug/libstm32f103xb.a(startup_stm32f103xb.s.o)
                              (Reset_Handler)
../../../build/staticlib/stm32f1/debug/libstm32f103xb.a(stm32f1xx_hal.c.o)
                              ../../../build/staticlib/stm32f1/debug/libstm32f103xb.a(stm32f1xx_hal_rcc.c.o) (uwTickPrio)
../../../build/staticlib/stm32f1/debug/libstm32f103xb.a(stm32f1xx_hal_cortex.c.o)
                              ../../../build/staticlib/stm32f1/debug/libstm32f103xb.a(stm32f1xx_hal.c.o) (HAL_NVIC_SetPriorityGrouping)
../../../build/staticlib/stm32f1/debug/libstm32f103xb.a(stm32f1xx_hal_dma.c.o)
                              ../../../build/staticlib/stm32f1/debug/libstm32f103xb.a(stm32f1xx_hal_i2c.c.o) (HAL_DMA_Start_IT)
/usr/lib/gcc/arm-none-eabi/12.2.0/thumb/v7-m/nofp/libgcc.a(_arm_muldf3.o)
                              debug/stm32f103xb/build/s2lp_rf.c.o (__aeabi_dmul)
/usr/lib/gcc/arm-none-eabi/12.2.0/thumb/v7-m/nofp/libgcc.a(_arm_addsubdf3.o)
                              debug/stm32f103xb/build/s2lp_rf.c.o (__aeabi_dsub)
/usr/lib/gcc/arm-none-eabi/12.2.0/thumb/v7-m/nofp/libgcc.a(_arm_muldivdf3.o)
                              debug/stm32f103xb/build/s2lp_rf.c.o (__aeabi_ddiv)
/usr/lib/gcc/arm-none-eabi/12.2.0/thumb/v7-m/nofp/libgcc.a(_arm_cmpdf2.o)
                              debug/stm32f103xb/build/s2lp_rf.c.o (__aeabi_dcmpgt)
/usr/lib/gcc/arm-none-eabi/12.2.0/thumb/v7-m/nofp/libgcc.a(_arm_fixunsdfsi.o)
                              debug/stm32f103xb/build/s2lp_rf.c.o (__aeabi_d2uiz)
/usr/lib/gcc/arm-none-eabi/12.2.0/../../../../arm-none-eabi/lib/thumb/v7-m/nofp/libc_nano.a(lib_a-atexit.o)
                              /usr/lib/gcc/arm-none-eabi/12.2.0/../../../../arm-none-eabi/lib/thumb/v7-m/nofp/crt0.o (atexit)
/usr/lib/gcc/arm-none-eabi/12.2.0/../../../../arm-none-eabi/lib/thumb/v7-m/nofp/libc_nano.a(lib_a-exit.o)
                              /usr/lib/gcc/arm-none-eabi/12.2.0/../../../../arm-none-eabi/lib/thumb/v7-m/nofp/crt0.o (exit)
/usr/lib/gcc/arm-none-eabi/12.2.0/../../../../arm-none-eabi/lib/thumb/v7-m/nofp/libc_nano.a(lib_a-fini.o)
                              /usr/lib/gcc/arm-none-eabi/12.2.0/../../../../arm-none-eabi/lib/thumb/v7-m/nofp/crt0.o (__libc_fini_array)
/usr/lib/gcc/arm-none-eabi/12.2.0/../../../../arm-none-eabi/lib/thumb/v7-m/nofp/libc_nano.a(lib_a-impure.o)
                              /usr/lib/gcc/arm-none-eabi/12.2.0/../../../../arm-none-eabi/lib/thumb/v7-m/nofp/libc_nano.a(lib_a-exit.o) (_global_impure_ptr)
/usr/lib/gcc/arm-none-eabi/12.2.0/../../../../arm-none-eabi/lib/thumb/v7-m/nofp/libc_nano.a(lib_a-init.o)
                              /usr/lib/gcc/arm-none-eabi/12.2.0/../../../../arm-none-eabi/lib/thumb/v7-m/nofp/crt0.o (__libc_init_array)
/usr/lib/gcc/arm-none-eabi/12.2.0/../../../../arm-none-eabi/lib/thumb/v7-m/nofp/libc_nano.a(lib_a-memcpy-stub.o)
                              debug/stm32f103xb/build/s2lp_mcu_interface.c.o (memcpy)
/usr/lib/gcc/arm-none-eabi/12.2.0/../../../../arm-none-eabi/lib/thumb/v7-m/nofp/libc_nano.a(lib_a-memset.o)
                              /usr/lib/gcc/arm-none-eabi/12.2.0/../../../../arm-none-eabi/lib/thumb/v7-m/nofp/crt0.o (memset)
/usr/lib/gcc/arm-none-eabi/12.2.0/../../../../arm-none-eabi/lib/thumb/v7-m/nofp/libc_nano.a(lib_a-sprintf.o)
                              debug/stm32f103xb/build/arm_cpuid.c.o (sprintf)
/usr/lib/gcc/arm-none-eabi/12.2.0/../../../../arm-none-eabi/lib/thumb/v7-m/nofp/libc_nano.a(lib_a-__atexit.o)
                              /usr/lib/gcc/arm-none-eabi/12.2.0/../../../../arm-none-eabi/lib/thumb/v7-m/nofp/libc_nano.a(lib_a-atexit.o) (__register_exitproc)
[...]
Memory Configuration

Name             Origin             Length             Attributes
FLASH            0x0000000008000000 0x0000000000020000 xr
RAM              0x0000000020000000 0x0000000000005000 xrw
*default*        0x0000000000000000 0xffffffffffffffff

Linker script and memory map

LOAD /usr/lib/gcc/arm-none-eabi/12.2.0/thumb/v7-m/nofp/crti.o
LOAD /usr/lib/gcc/arm-none-eabi/12.2.0/thumb/v7-m/nofp/crtbegin.o
LOAD /usr/lib/gcc/arm-none-eabi/12.2.0/../../../../arm-none-eabi/lib/thumb/v7-m/nofp/crt0.o
LOAD debug/stm32f103xb/build/radio_test.c.o
LOAD debug/stm32f103xb/build/s2lp.c.o
LOAD debug/stm32f103xb/build/s2lp_gpio.c.o
LOAD debug/stm32f103xb/build/s2lp_packet.c.o
LOAD debug/stm32f103xb/build/s2lp_power.c.o
LOAD debug/stm32f103xb/build/s2lp_rf.c.o
LOAD debug/stm32f103xb/build/s2lp_rx.c.o
LOAD debug/stm32f103xb/build/s2lp_tx.c.o
LOAD debug/stm32f103xb/build/s2lp_utils.c.o
LOAD debug/stm32f103xb/build/s2lp_mcu_interface.c.o
LOAD debug/stm32f103xb/build/clocksetup.c.o
LOAD debug/stm32f103xb/build/arm_cpuid.c.o
LOAD debug/stm32f103xb/build/bshal_gpio_stm32.c.o
LOAD debug/stm32f103xb/build/bshal_i2cm_stm32.c.o
LOAD debug/stm32f103xb/build/bshal_spim_stm32f1.c.o
LOAD debug/stm32f103xb/build/bshal_i2cm_stm32f1.c.o
LOAD debug/stm32f103xb/build/bshal_i2cm.c.o
LOAD debug/stm32f103xb/build/bshal_spim.c.o
LOAD debug/stm32f103xb/build/bshal_delay.c.o
LOAD debug/stm32f103xb/build/u8x8_i2c.c.o
LOAD debug/stm32f103xb/build/u8x8_gpio_delay.c.o
LOAD ../../../build/staticlib/u8g2/debug/arm_m3/libu8g2.a
LOAD /usr/lib/gcc/arm-none-eabi/12.2.0/../../../../arm-none-eabi/lib/thumb/v7-m/nofp/libm.a
LOAD ../../../build/staticlib/stm32f1/debug/libstm32f103xb.a
START GROUP
LOAD /usr/lib/gcc/arm-none-eabi/12.2.0/thumb/v7-m/nofp/libgcc.a
LOAD /usr/lib/gcc/arm-none-eabi/12.2.0/../../../../arm-none-eabi/lib/thumb/v7-m/nofp/libc_nano.a
END GROUP
START GROUP
LOAD /usr/lib/gcc/arm-none-eabi/12.2.0/thumb/v7-m/nofp/libgcc.a
LOAD /usr/lib/gcc/arm-none-eabi/12.2.0/../../../../arm-none-eabi/lib/thumb/v7-m/nofp/libc_nano.a
END GROUP
LOAD /usr/lib/gcc/arm-none-eabi/12.2.0/thumb/v7-m/nofp/crtend.o
LOAD /usr/lib/gcc/arm-none-eabi/12.2.0/thumb/v7-m/nofp/crtn.o
START GROUP
LOAD /usr/lib/gcc/arm-none-eabi/12.2.0/thumb/v7-m/nofp/libgcc.a
LOAD /usr/lib/gcc/arm-none-eabi/12.2.0/../../../../arm-none-eabi/lib/thumb/v7-m/nofp/libc.a
LOAD /usr/lib/gcc/arm-none-eabi/12.2.0/../../../../arm-none-eabi/lib/thumb/v7-m/nofp/libnosys.a
END GROUP
                0x0000000000000400                __STACK_SIZE = 0x400
                0x0000000000000c00                __HEAP_SIZE = 0xc00
                0x0000000000000000                __STACKSEAL_SIZE = 0x0

.vtor           0x0000000008000000      0x200
                0x0000000008000000                . = ALIGN (0x200)
 *(.gd32_vector)
                0x0000000008000000                . = ALIGN (0x4)
 *(.ch32_vector)
                0x0000000008000000                . = ALIGN (0x4)
 *(.isr_vector)
 .isr_vector    0x0000000008000000      0x10c ../../../build/staticlib/stm32f1/debug/libstm32f103xb.a(startup_stm32f103xb.s.o)
                0x0000000008000000                g_pfnVectors
                0x0000000008000200                . = ALIGN (0x200)
 *fill*         0x000000000800010c       0xf4 
 *(.firmware_info)

.text           0x0000000008000200     0x3108
 *(.text*)
 .text.__do_global_dtors_aux
                0x0000000008000200       0x24 /usr/lib/gcc/arm-none-eabi/12.2.0/thumb/v7-m/nofp/crtbegin.o
 .text.frame_dummy
                0x0000000008000224       0x1c /usr/lib/gcc/arm-none-eabi/12.2.0/thumb/v7-m/nofp/crtbegin.o
 .text.test_tx  0x0000000008000240       0x7c debug/stm32f103xb/build/radio_test.c.o
                0x0000000008000240                test_tx
 .text.main     0x00000000080002bc       0xdc debug/stm32f103xb/build/radio_test.c.o
                0x00000000080002bc                main
 .text.S2LP_Initialize
                0x0000000008000398       0x38 debug/stm32f103xb/build/s2lp.c.o
                0x0000000008000398                S2LP_Initialize
 .text.S2LP_ParseStatus
                0x00000000080003d0       0xa4 debug/stm32f103xb/build/s2lp.c.o
                0x00000000080003d0                S2LP_ParseStatus
 .text.S2LP_GetStatus
                0x0000000008000474       0x22 debug/stm32f103xb/build/s2lp.c.o
                0x0000000008000474                S2LP_GetStatus
 .text.S2LP_ReadStatus
                0x0000000008000496       0x30 debug/stm32f103xb/build/s2lp.c.o
                0x0000000008000496                S2LP_ReadStatus
 .text.S2LP_GetInterruptsEx
                0x00000000080004c6       0x76 debug/stm32f103xb/build/s2lp.c.o
                0x00000000080004c6                S2LP_GetInterruptsEx
 .text.S2LP_GetInterrupts
                0x000000000800053c       0x1a debug/stm32f103xb/build/s2lp.c.o
                0x000000000800053c                S2LP_GetInterrupts
 .text.S2LP_SetInterruptMasks
                0x0000000008000556       0x42 debug/stm32f103xb/build/s2lp.c.o
                0x0000000008000556                S2LP_SetInterruptMasks
 .text.S2LP_WriteFIFO
                0x0000000008000598       0x28 debug/stm32f103xb/build/s2lp.c.o
                0x0000000008000598                S2LP_WriteFIFO
 .text.S2LP_GetDevicePartNumber
                0x00000000080005c0       0x1a debug/stm32f103xb/build/s2lp.c.o
                0x00000000080005c0                S2LP_GetDevicePartNumber
 .text.S2LP_GetDeviceVersionNumber
                0x00000000080005da       0x1a debug/stm32f103xb/build/s2lp.c.o
                0x00000000080005da                S2LP_GetDeviceVersionNumber
 .text.S2LP_GetClockFrequency
                0x00000000080005f4       0x70 debug/stm32f103xb/build/s2lp.c.o
                0x00000000080005f4                S2LP_GetClockFrequency
 .text.S2LP_IsDigitalClockDivided
                0x0000000008000664       0x3c debug/stm32f103xb/build/s2lp.c.o
                0x0000000008000664                S2LP_IsDigitalClockDivided
 .text.S2LP_GetDigitalClockFrequency
                0x00000000080006a0       0x2c debug/stm32f103xb/build/s2lp.c.o
                0x00000000080006a0                S2LP_GetDigitalClockFrequency
 .text.S2LP_SetRefDivState
                0x00000000080006cc       0x44 debug/stm32f103xb/build/s2lp.c.o
                0x00000000080006cc                S2LP_SetRefDivState
 .text.S2LP_IsRefDivEnabled
                0x0000000008000710       0x2e debug/stm32f103xb/build/s2lp.c.o
                0x0000000008000710                S2LP_IsRefDivEnabled
 .text.S2LP_CallibrateRCO
                0x000000000800073e       0x9a debug/stm32f103xb/build/s2lp.c.o
                0x000000000800073e                S2LP_CallibrateRCO
 .text.S2LP_PCKT_SetPacketFormat
                0x00000000080007d8       0x44 debug/stm32f103xb/build/s2lp_packet.c.o
                0x00000000080007d8                S2LP_PCKT_SetPacketFormat
 .text.S2LP_PCKT_SetPacketLength
                0x000000000800081c       0x3c debug/stm32f103xb/build/s2lp_packet.c.o
                0x000000000800081c                S2LP_PCKT_SetPacketLength
 .text.S2LP_PCKT_SetLengthFieldSize
                0x0000000008000858       0x4c debug/stm32f103xb/build/s2lp_packet.c.o
                0x0000000008000858                S2LP_PCKT_SetLengthFieldSize
 .text.S2LP_RF_SetChargePumpCurrent
                0x00000000080008a4       0xc4 debug/stm32f103xb/build/s2lp_rf.c.o
                0x00000000080008a4                S2LP_RF_SetChargePumpCurrent
 .text.S2LP_RF_SetSynthBand
                0x0000000008000968       0x4c debug/stm32f103xb/build/s2lp_rf.c.o
                0x0000000008000968                S2LP_RF_SetSynthBand
 .text.S2LP_RF_SetSynthValue
                0x00000000080009b4       0x64 debug/stm32f103xb/build/s2lp_rf.c.o
                0x00000000080009b4                S2LP_RF_SetSynthValue
 .text.S2LP_RF_SetBaseFrequency
                0x0000000008000a18       0x24 debug/stm32f103xb/build/s2lp_rf.c.o
                0x0000000008000a18                S2LP_RF_SetBaseFrequency
 .text.S2LP_RF_SetModulationType
                0x0000000008000a3c       0x44 debug/stm32f103xb/build/s2lp_rf.c.o
                0x0000000008000a3c                S2LP_RF_SetModulationType
 .text.S2LP_RF_SetDataRateRaw
                0x0000000008000a80       0x7c debug/stm32f103xb/build/s2lp_rf.c.o
                0x0000000008000a80                S2LP_RF_SetDataRateRaw
 .text.S2LP_RF_SetDataRate
                0x0000000008000afc       0x36 debug/stm32f103xb/build/s2lp_rf.c.o
                0x0000000008000afc                S2LP_RF_SetDataRate
 .text.S2LP_RF_SetFrequencyDeviationRaw
                0x0000000008000b32       0x62 debug/stm32f103xb/build/s2lp_rf.c.o
                0x0000000008000b32                S2LP_RF_SetFrequencyDeviationRaw
 .text.S2LP_RF_SetFrequencyDeviation
                0x0000000008000b94       0x3a debug/stm32f103xb/build/s2lp_rf.c.o
                0x0000000008000b94                S2LP_RF_SetFrequencyDeviation
 *fill*         0x0000000008000bce        0x2 
 .text.S2LP_RF_CalculateSyncForBaseFrequency
                0x0000000008000bd0       0xf0 debug/stm32f103xb/build/s2lp_rf.c.o
                0x0000000008000bd0                S2LP_RF_CalculateSyncForBaseFrequency
 .text.S2LP_RF_CalculateDataRateValue
                0x0000000008000cc0      0x130 debug/stm32f103xb/build/s2lp_rf.c.o
                0x0000000008000cc0                S2LP_RF_CalculateDataRateValue
 .text.S2LP_RF_CalculateDataRateExponent
                0x0000000008000df0       0x40 debug/stm32f103xb/build/s2lp_rf.c.o
                0x0000000008000df0                S2LP_RF_CalculateDataRateExponent
 .text.S2LP_RF_CalculateDataRateMantissa
                0x0000000008000e30      0x140 debug/stm32f103xb/build/s2lp_rf.c.o
                0x0000000008000e30                S2LP_RF_CalculateDataRateMantissa
 .text.S2LP_RF_CalculateDataRateCoeffs
                0x0000000008000f70       0x3c debug/stm32f103xb/build/s2lp_rf.c.o
                0x0000000008000f70                S2LP_RF_CalculateDataRateCoeffs
 .text.S2LP_RF_CalculateFrequencyDeviation
                0x0000000008000fac      0x1d4 debug/stm32f103xb/build/s2lp_rf.c.o
                0x0000000008000fac                S2LP_RF_CalculateFrequencyDeviation
 .text.S2LP_RF_CalculateFreqDevExponent
                0x0000000008001180       0x52 debug/stm32f103xb/build/s2lp_rf.c.o
                0x0000000008001180                S2LP_RF_CalculateFreqDevExponent
 *fill*         0x00000000080011d2        0x6 
 .text.S2LP_RF_CalculateFreqDevMantissa
                0x00000000080011d8      0x104 debug/stm32f103xb/build/s2lp_rf.c.o
                0x00000000080011d8                S2LP_RF_CalculateFreqDevMantissa
 .text.S2LP_RF_GetSynthBand
                0x00000000080012dc       0x26 debug/stm32f103xb/build/s2lp_rf.c.o
                0x00000000080012dc                S2LP_RF_GetSynthBand
 .text.S2LP_TX_SetDataSource
                0x0000000008001302       0x4a debug/stm32f103xb/build/s2lp_tx.c.o
                0x0000000008001302                S2LP_TX_SetDataSource
 .text.S2LP_InitHandle
                0x000000000800134c       0xf4 debug/stm32f103xb/build/s2lp_mcu_interface.c.o
                0x000000000800134c                S2LP_InitHandle
 .text.S2LP_GetPin
                0x0000000008001440       0x2e debug/stm32f103xb/build/s2lp_mcu_interface.c.o
                0x0000000008001440                S2LP_GetPin
 .text.S2LP_WritePin
                0x000000000800146e       0x3a debug/stm32f103xb/build/s2lp_mcu_interface.c.o
                0x000000000800146e                S2LP_WritePin
 .text.S2LP_Write
                0x00000000080014a8       0x52 debug/stm32f103xb/build/s2lp_mcu_interface.c.o
                0x00000000080014a8                S2LP_Write
 .text.S2LP_Read
                0x00000000080014fa       0x52 debug/stm32f103xb/build/s2lp_mcu_interface.c.o
                0x00000000080014fa                S2LP_Read
 .text.S2LP_SendCommand
                0x000000000800154c       0x5a debug/stm32f103xb/build/s2lp_mcu_interface.c.o
                0x000000000800154c                S2LP_SendCommand
 .text.S2LP_ReadRegister
                0x00000000080015a6       0x34 debug/stm32f103xb/build/s2lp_mcu_interface.c.o
                0x00000000080015a6                S2LP_ReadRegister
 .text.S2LP_WriteRegister
                0x00000000080015da       0x3a debug/stm32f103xb/build/s2lp_mcu_interface.c.o
                0x00000000080015da                S2LP_WriteRegister
 .text.S2LP_BatchReadRegisters
                0x0000000008001614       0x40 debug/stm32f103xb/build/s2lp_mcu_interface.c.o
                0x0000000008001614                S2LP_BatchReadRegisters
 .text.S2LP_BatchWriteRegisters
                0x0000000008001654       0x40 debug/stm32f103xb/build/s2lp_mcu_interface.c.o
                0x0000000008001654                S2LP_BatchWriteRegisters
 .text.S2LP_Select
                0x0000000008001694       0x1a debug/stm32f103xb/build/s2lp_mcu_interface.c.o
                0x0000000008001694                S2LP_Select
 .text.S2LP_Deselect
                0x00000000080016ae       0x1a debug/stm32f103xb/build/s2lp_mcu_interface.c.o
                0x00000000080016ae                S2LP_Deselect
 .text.S2LP_Reset
                0x00000000080016c8       0x18 debug/stm32f103xb/build/s2lp_mcu_interface.c.o
                0x00000000080016c8                S2LP_Reset
 .text.S2LP_Delay
                0x00000000080016e0       0x16 debug/stm32f103xb/build/s2lp_mcu_interface.c.o
                0x00000000080016e0                S2LP_Delay
 *fill*         0x00000000080016f6        0x2 
 .text.bshal_gpio_encode_pin
                0x00000000080016f8       0xb4 debug/stm32f103xb/build/bshal_gpio_stm32.c.o
                0x00000000080016f8                bshal_gpio_encode_pin
 .text.bshal_gpio_decode_pin
                0x00000000080017ac       0x94 debug/stm32f103xb/build/bshal_gpio_stm32.c.o
                0x00000000080017ac                bshal_gpio_decode_pin
 .text.bshal_gpio_write_pin
                0x0000000008001840       0x44 debug/stm32f103xb/build/bshal_gpio_stm32.c.o
                0x0000000008001840                bshal_gpio_write_pin
 .text.bshal_gpio_port_enable_clock
                0x0000000008001884       0xf0 debug/stm32f103xb/build/bshal_gpio_stm32.c.o
                0x0000000008001884                bshal_gpio_port_enable_clock
 .text.bshal_spim_config
                0x0000000008001974      0x1f0 debug/stm32f103xb/build/bshal_spim_stm32f1.c.o
                0x0000000008001974                bshal_spim_config
 .text.bshal_spim_init
                0x0000000008001b64      0x1b0 debug/stm32f103xb/build/bshal_spim_stm32f1.c.o
                0x0000000008001b64                bshal_spim_init
 .text.bshal_spim_transceive_split
                0x0000000008001d14       0x74 debug/stm32f103xb/build/bshal_spim_stm32f1.c.o
                0x0000000008001d14                bshal_spim_transceive_split
 .text.delay_cycles_asm
                0x0000000008001d88       0x20 debug/stm32f103xb/build/bshal_delay.c.o
                0x0000000008001d88                delay_cycles_asm
 .text.bshal_delay_us
                0x0000000008001da8       0x38 debug/stm32f103xb/build/bshal_delay.c.o
                0x0000000008001da8                bshal_delay_us
 .text.bshal_delay_ms
                0x0000000008001de0       0x20 debug/stm32f103xb/build/bshal_delay.c.o
                0x0000000008001de0                bshal_delay_ms
 .text.round    0x0000000008001e00       0x94 /usr/lib/gcc/arm-none-eabi/12.2.0/../../../../arm-none-eabi/lib/thumb/v7-m/nofp/libm.a(lib_a-s_round.o)
                0x0000000008001e00                round
 .text.SystemInit
                0x0000000008001e94        0xc ../../../build/staticlib/stm32f1/debug/libstm32f103xb.a(system_stm32f1xx.c.o)
                0x0000000008001e94                SystemInit
 .text.HAL_RCC_GetHCLKFreq
                0x0000000008001ea0       0x14 ../../../build/staticlib/stm32f1/debug/libstm32f103xb.a(stm32f1xx_hal_rcc.c.o)
                0x0000000008001ea0                HAL_RCC_GetHCLKFreq
 .text.HAL_RCC_GetPCLK1Freq
                0x0000000008001eb4       0x28 ../../../build/staticlib/stm32f1/debug/libstm32f103xb.a(stm32f1xx_hal_rcc.c.o)
                0x0000000008001eb4                HAL_RCC_GetPCLK1Freq
 .text.HAL_RCC_GetPCLK2Freq
                0x0000000008001edc       0x28 ../../../build/staticlib/stm32f1/debug/libstm32f103xb.a(stm32f1xx_hal_rcc.c.o)
                0x0000000008001edc                HAL_RCC_GetPCLK2Freq
 .text.HAL_GPIO_Init
                0x0000000008001f04      0x308 ../../../build/staticlib/stm32f1/debug/libstm32f103xb.a(stm32f1xx_hal_gpio.c.o)
                0x0000000008001f04                HAL_GPIO_Init
 .text.HAL_GPIO_WritePin
                0x000000000800220c       0x30 ../../../build/staticlib/stm32f1/debug/libstm32f103xb.a(stm32f1xx_hal_gpio.c.o)
                0x000000000800220c                HAL_GPIO_WritePin
 .text.HAL_SPI_Init
                0x000000000800223c      0x118 ../../../build/staticlib/stm32f1/debug/libstm32f103xb.a(stm32f1xx_hal_spi.c.o)
                0x000000000800223c                HAL_SPI_Init
 .text.HAL_SPI_MspInit
                0x0000000008002354       0x12 ../../../build/staticlib/stm32f1/debug/libstm32f103xb.a(stm32f1xx_hal_spi.c.o)
                0x0000000008002354                HAL_SPI_MspInit
 .text.HAL_SPI_TransmitReceive
                0x0000000008002366      0x452 ../../../build/staticlib/stm32f1/debug/libstm32f103xb.a(stm32f1xx_hal_spi.c.o)
                0x0000000008002366                HAL_SPI_TransmitReceive
 .text.SPI_WaitFlagStateUntilTimeout
                0x00000000080027b8      0x110 ../../../build/staticlib/stm32f1/debug/libstm32f103xb.a(stm32f1xx_hal_spi.c.o)
 .text.SPI_EndRxTxTransaction
                0x00000000080028c8       0x3c ../../../build/staticlib/stm32f1/debug/libstm32f103xb.a(stm32f1xx_hal_spi.c.o)
 .text.SPI_ISCRCErrorValid
                0x0000000008002904       0x14 ../../../build/staticlib/stm32f1/debug/libstm32f103xb.a(stm32f1xx_hal_spi.c.o)
                0x0000000008002904                SPI_ISCRCErrorValid
 .text.Reset_Handler
                0x0000000008002918       0x48 ../../../build/staticlib/stm32f1/debug/libstm32f103xb.a(startup_stm32f103xb.s.o)
                0x0000000008002918                Reset_Handler
 .text.Default_Handler
                0x0000000008002960        0x2 ../../../build/staticlib/stm32f1/debug/libstm32f103xb.a(startup_stm32f103xb.s.o)
                0x0000000008002960                RTC_Alarm_IRQHandler
                0x0000000008002960                EXTI2_IRQHandler
                0x0000000008002960                DebugMon_Handler
                0x0000000008002960                TIM1_CC_IRQHandler
                0x0000000008002960                HardFault_Handler
                0x0000000008002960                SysTick_Handler
                0x0000000008002960                PVD_IRQHandler
                0x0000000008002960                PendSV_Handler
                0x0000000008002960                NMI_Handler
                0x0000000008002960                EXTI3_IRQHandler
                0x0000000008002960                EXTI0_IRQHandler
                0x0000000008002960                I2C2_EV_IRQHandler
                0x0000000008002960                UsageFault_Handler
                0x0000000008002960                ADC1_2_IRQHandler
                0x0000000008002960                SPI1_IRQHandler
                0x0000000008002960                TAMPER_IRQHandler
                0x0000000008002960                DMA1_Channel4_IRQHandler
                0x0000000008002960                USART3_IRQHandler
                0x0000000008002960                RTC_IRQHandler
                0x0000000008002960                DMA1_Channel7_IRQHandler
                0x0000000008002960                CAN1_RX1_IRQHandler
                0x0000000008002960                TIM4_IRQHandler
                0x0000000008002960                I2C1_EV_IRQHandler
                0x0000000008002960                DMA1_Channel6_IRQHandler
                0x0000000008002960                TIM3_IRQHandler
                0x0000000008002960                RCC_IRQHandler
                0x0000000008002960                TIM1_TRG_COM_IRQHandler
                0x0000000008002960                DMA1_Channel1_IRQHandler
                0x0000000008002960                Default_Handler
                0x0000000008002960                EXTI15_10_IRQHandler
                0x0000000008002960                EXTI9_5_IRQHandler
                0x0000000008002960                SPI2_IRQHandler
                0x0000000008002960                MemManage_Handler
                0x0000000008002960                SVC_Handler
                0x0000000008002960                DMA1_Channel5_IRQHandler
                0x0000000008002960                EXTI4_IRQHandler
                0x0000000008002960                USB_LP_CAN1_RX0_IRQHandler
                0x0000000008002960                USB_HP_CAN1_TX_IRQHandler
                0x0000000008002960                DMA1_Channel3_IRQHandler
                0x0000000008002960                TIM1_UP_IRQHandler
                0x0000000008002960                WWDG_IRQHandler
                0x0000000008002960                TIM2_IRQHandler
                0x0000000008002960                TIM1_BRK_IRQHandler
                0x0000000008002960                EXTI1_IRQHandler
                0x0000000008002960                USART2_IRQHandler
                0x0000000008002960                I2C2_ER_IRQHandler
                0x0000000008002960                DMA1_Channel2_IRQHandler
                0x0000000008002960                CAN1_SCE_IRQHandler
                0x0000000008002960                FLASH_IRQHandler
                0x0000000008002960                BusFault_Handler
                0x0000000008002960                USART1_IRQHandler
                0x0000000008002960                I2C1_ER_IRQHandler
                0x0000000008002960                USBWakeUp_IRQHandler
 *fill*         0x0000000008002962        0x2 
 .text.HAL_GetTick
                0x0000000008002964       0x14 ../../../build/staticlib/stm32f1/debug/libstm32f103xb.a(stm32f1xx_hal.c.o)
                0x0000000008002964                HAL_GetTick
 .text          0x0000000008002978      0x378 /usr/lib/gcc/arm-none-eabi/12.2.0/thumb/v7-m/nofp/libgcc.a(_arm_addsubdf3.o)
                0x0000000008002978                __aeabi_drsub
                0x0000000008002980                __aeabi_dsub
                0x0000000008002980                __subdf3
                0x0000000008002984                __adddf3
                0x0000000008002984                __aeabi_dadd
                0x0000000008002bfc                __aeabi_ui2d
                0x0000000008002bfc                __floatunsidf
                0x0000000008002c1c                __floatsidf
                0x0000000008002c1c                __aeabi_i2d
                0x0000000008002c40                __extendsfdf2
                0x0000000008002c40                __aeabi_f2d
                0x0000000008002c84                __aeabi_ul2d
                0x0000000008002c84                __floatundidf
                0x0000000008002c94                __floatdidf
                0x0000000008002c94                __aeabi_l2d
 .text          0x0000000008002cf0      0x424 /usr/lib/gcc/arm-none-eabi/12.2.0/thumb/v7-m/nofp/libgcc.a(_arm_muldivdf3.o)
                0x0000000008002cf0                __aeabi_dmul
                0x0000000008002cf0                __muldf3
                0x0000000008002f44                __aeabi_ddiv
                0x0000000008002f44                __divdf3
 .text          0x0000000008003114      0x110 /usr/lib/gcc/arm-none-eabi/12.2.0/thumb/v7-m/nofp/libgcc.a(_arm_cmpdf2.o)
                0x0000000008003114                __gtdf2
                0x0000000008003114                __gedf2
                0x000000000800311c                __ltdf2
                0x000000000800311c                __ledf2
                0x0000000008003124                __cmpdf2
                0x0000000008003124                __eqdf2
                0x0000000008003124                __nedf2
                0x00000000080031a0                __aeabi_cdrcmple
                0x00000000080031b0                __aeabi_cdcmple
                0x00000000080031b0                __aeabi_cdcmpeq
                0x00000000080031c0                __aeabi_dcmpeq
                0x00000000080031d4                __aeabi_dcmplt
                0x00000000080031e8                __aeabi_dcmple
                0x00000000080031fc                __aeabi_dcmpge
                0x0000000008003210                __aeabi_dcmpgt
 .text          0x0000000008003224       0x40 /usr/lib/gcc/arm-none-eabi/12.2.0/thumb/v7-m/nofp/libgcc.a(_arm_fixunsdfsi.o)
                0x0000000008003224                __fixunsdfsi
                0x0000000008003224                __aeabi_d2uiz
 .text.__libc_init_array
                0x0000000008003264       0x48 /usr/lib/gcc/arm-none-eabi/12.2.0/../../../../arm-none-eabi/lib/thumb/v7-m/nofp/libc_nano.a(lib_a-init.o)
                0x0000000008003264                __libc_init_array
 .text.memcpy   0x00000000080032ac       0x1c /usr/lib/gcc/arm-none-eabi/12.2.0/../../../../arm-none-eabi/lib/thumb/v7-m/nofp/libc_nano.a(lib_a-memcpy-stub.o)
                0x00000000080032ac                memcpy
 .text.memset   0x00000000080032c8       0x10 /usr/lib/gcc/arm-none-eabi/12.2.0/../../../../arm-none-eabi/lib/thumb/v7-m/nofp/libc_nano.a(lib_a-memset.o)
                0x00000000080032c8                memset
 *(.init)
 .init          0x00000000080032d8        0x4 /usr/lib/gcc/arm-none-eabi/12.2.0/thumb/v7-m/nofp/crti.o
                0x00000000080032d8                _init
 .init          0x00000000080032dc        0x8 /usr/lib/gcc/arm-none-eabi/12.2.0/thumb/v7-m/nofp/crtn.o
 *(.fini)
 .fini          0x00000000080032e4        0x4 /usr/lib/gcc/arm-none-eabi/12.2.0/thumb/v7-m/nofp/crti.o
                0x00000000080032e4                _fini
 .fini          0x00000000080032e8        0x8 /usr/lib/gcc/arm-none-eabi/12.2.0/thumb/v7-m/nofp/crtn.o
 *crtbegin.o(.ctors)
 *crtbegin?.o(.ctors)
 *(EXCLUDE_FILE(*crtend.o *crtend?.o) .ctors)
 *(SORT_BY_NAME(.ctors.*))
 *(.ctors)
 *crtbegin.o(.dtors)
 *crtbegin?.o(.dtors)
 *(EXCLUDE_FILE(*crtend.o *crtend?.o) .dtors)
 *(SORT_BY_NAME(.dtors.*))
 *(.dtors)
 *(.rodata*)
 .rodata        0x00000000080032f0        0x5 debug/stm32f103xb/build/radio_test.c.o
 *fill*         0x00000000080032f5        0x3 
 .rodata        0x00000000080032f8        0x3 debug/stm32f103xb/build/s2lp_rf.c.o
 *fill*         0x00000000080032fb        0x1 
 .rodata.APBPrescTable
                0x00000000080032fc        0x8 ../../../build/staticlib/stm32f1/debug/libstm32f103xb.a(system_stm32f1xx.c.o)
                0x00000000080032fc                APBPrescTable
 *(.eh_frame*)
 .eh_frame      0x0000000008003304        0x0 /usr/lib/gcc/arm-none-eabi/12.2.0/thumb/v7-m/nofp/crtbegin.o
 .eh_frame      0x0000000008003304        0x4 /usr/lib/gcc/arm-none-eabi/12.2.0/thumb/v7-m/nofp/crtend.o

.glue_7         0x0000000008003308        0x0
 .glue_7        0x0000000008003308        0x0 linker stubs

.glue_7t        0x0000000008003308        0x0
 .glue_7t       0x0000000008003308        0x0 linker stubs

.vfp11_veneer   0x0000000008003308        0x0
 .vfp11_veneer  0x0000000008003308        0x0 linker stubs

.v4_bx          0x0000000008003308        0x0
 .v4_bx         0x0000000008003308        0x0 linker stubs

.iplt           0x0000000008003308        0x0
 .iplt          0x0000000008003308        0x0 /usr/lib/gcc/arm-none-eabi/12.2.0/thumb/v7-m/nofp/crtbegin.o

.rel.dyn        0x0000000008003308        0x0
 .rel.iplt      0x0000000008003308        0x0 /usr/lib/gcc/arm-none-eabi/12.2.0/thumb/v7-m/nofp/crtbegin.o

.bss            0x0000000020000000      0x2a8
                0x0000000020000000                PROVIDE (_sbss = .)
                0x0000000020000000                PROVIDE (__bss_start__ = .)
 *(.bss .bss.*)
 .bss.completed.1
                0x0000000020000000        0x1 /usr/lib/gcc/arm-none-eabi/12.2.0/thumb/v7-m/nofp/crtbegin.o
 *fill*         0x0000000020000001        0x3 
 .bss.object.0  0x0000000020000004       0x18 /usr/lib/gcc/arm-none-eabi/12.2.0/thumb/v7-m/nofp/crtbegin.o
 .bss.handle    0x000000002000001c      0x128 debug/stm32f103xb/build/radio_test.c.o
                0x000000002000001c                handle
 .bss.m_spim    0x0000000020000144      0x160 debug/stm32f103xb/build/bshal_spim_stm32f1.c.o
 .bss.uwTick    0x00000000200002a4        0x4 ../../../build/staticlib/stm32f1/debug/libstm32f103xb.a(stm32f1xx_hal.c.o)
                0x00000000200002a4                uwTick
 *(COMMON)
                0x00000000200002a8                PROVIDE (_ebss = .)
                0x00000000200002a8                PROVIDE (__bss_end__ = .)

.lalign         0x0000000008003308        0x0
                0x0000000008003308                . = ALIGN (0x4)
                [!provide]                        PROVIDE (_data_lma = .)

.dalign         0x00000000200002a8        0x0 load address 0x0000000008003308
                0x00000000200002a8                . = ALIGN (0x4)
                [!provide]                        PROVIDE (_data_vma = .)

.data           0x00000000200002a8        0xc load address 0x0000000008003308
                [!provide]                        PROVIDE (__global_pointer$ = (. + 0x800))
                0x00000000200002a8                PROVIDE (_sdata = .)
                0x00000000200002a8                PROVIDE (__data_start__ = .)
 *(.data*)
 .data.bshal_delay_cycles
                0x00000000200002a8        0x4 debug/stm32f103xb/build/bshal_delay.c.o
                0x00000000200002a8                bshal_delay_cycles
 .data.cycles_per_loop.0
                0x00000000200002ac        0x4 debug/stm32f103xb/build/bshal_delay.c.o
 .data.SystemCoreClock
                0x00000000200002b0        0x4 ../../../build/staticlib/stm32f1/debug/libstm32f103xb.a(system_stm32f1xx.c.o)
                0x00000000200002b0                SystemCoreClock
                0x00000000200002b4                PROVIDE (_edata = .)
                0x00000000200002b4                PROVIDE (__data_end__ = .)

.igot.plt       0x00000000200002b4        0x0 load address 0x0000000008003314
 .igot.plt      0x00000000200002b4        0x0 /usr/lib/gcc/arm-none-eabi/12.2.0/thumb/v7-m/nofp/crtbegin.o

.heap           0x00000000200002b4      0xc04 load address 0x0000000008003314
                0x00000000200002b8                . = ALIGN (0x8)
 *fill*         0x00000000200002b4        0x4 
                0x00000000200002b8                __end__ = .
                0x00000000200002b8                PROVIDE (end = .)
                [!provide]                        PROVIDE (_sheap = .)
                0x0000000020000eb8                . = (. + __HEAP_SIZE)
 *fill*         0x00000000200002b8      0xc00 
                0x0000000020000eb8                . = ALIGN (0x8)
                0x0000000020000eb8                __HeapLimit = .
                [!provide]                        PROVIDE (_eheap = .)

.stack          0x0000000020004c00      0x400
                0x0000000020004c00                . = ALIGN (0x8)
                [!provide]                        PROVIDE (_sstack = .)
                0x0000000020004c00                __StackLimit = .
                0x0000000020005000                . = (. + __STACK_SIZE)
 *fill*         0x0000000020004c00      0x400 
                0x0000000020005000                . = ALIGN (0x8)
                0x0000000020005000                __StackTop = .
                0x0000000020005000                PROVIDE (_estack = .)
                0x0000000020005000                PROVIDE (__stack = .)
                [!provide]                        PROVIDE (__StackTop = .)

.preinit_array  0x0000000008003314        0x0
                0x0000000008003314                PROVIDE (__preinit_array_start = .)
 *(.preinit_array*)
                0x0000000008003314                PROVIDE (__preinit_array_end = .)

.init_array     0x0000000008003314        0x4
                0x0000000008003314                PROVIDE (__init_array_start = .)
 *(SORT_BY_NAME(.init_array.*))
 *(.init_array*)
 .init_array    0x0000000008003314        0x4 /usr/lib/gcc/arm-none-eabi/12.2.0/thumb/v7-m/nofp/crtbegin.o
                0x0000000008003318                PROVIDE (__init_array_end = .)

.fini_array     0x0000000008003318        0x4
                0x0000000008003318                PROVIDE (__fini_array_start = .)
 *(.fini_array*)
 .fini_array    0x0000000008003318        0x4 /usr/lib/gcc/arm-none-eabi/12.2.0/thumb/v7-m/nofp/crtbegin.o
 *(SORT_BY_NAME(.fini_array.*))
                0x000000000800331c                PROVIDE (__fini_array_end = .)
                0x000000000000000c                _data_size = (_edata - _sdata)
                0x0000000020005000                _estack = __StackTop
                0x0000000008003308                _sidata = LOADADDR (.data)
                0x00000000200002a8                _sdata = __data_start__
                0x00000000200002b4                _edata = __data_end__
                0x0000000020000000                _sbss = __bss_start__
                0x00000000200002a8                _ebss = __bss_end__
OUTPUT(debug/stm32f103xb/s2lp_demo.elf elf32-littlearm)
LOAD linker stubs

.ARM.attributes
                0x0000000000000000       0x29
 .ARM.attributes
                0x0000000000000000       0x1d /usr/lib/gcc/arm-none-eabi/12.2.0/thumb/v7-m/nofp/crti.o
 .ARM.attributes
                0x000000000000001d       0x2d /usr/lib/gcc/arm-none-eabi/12.2.0/thumb/v7-m/nofp/crtbegin.o
 .ARM.attributes
                0x000000000000004a       0x2d debug/stm32f103xb/build/radio_test.c.o
 .ARM.attributes
                0x0000000000000077       0x2d debug/stm32f103xb/build/s2lp.c.o
 .ARM.attributes
                0x00000000000000a4       0x2d debug/stm32f103xb/build/s2lp_packet.c.o
 .ARM.attributes
                0x00000000000000d1       0x2d debug/stm32f103xb/build/s2lp_rf.c.o
 .ARM.attributes
                0x00000000000000fe       0x2d debug/stm32f103xb/build/s2lp_tx.c.o
 .ARM.attributes
                0x000000000000012b       0x2d debug/stm32f103xb/build/s2lp_mcu_interface.c.o
 .ARM.attributes
                0x0000000000000158       0x2d debug/stm32f103xb/build/bshal_gpio_stm32.c.o
 .ARM.attributes
                0x0000000000000185       0x2d debug/stm32f103xb/build/bshal_spim_stm32f1.c.o
 .ARM.attributes
                0x00000000000001b2       0x2d debug/stm32f103xb/build/bshal_delay.c.o
 .ARM.attributes
                0x00000000000001df       0x2d /usr/lib/gcc/arm-none-eabi/12.2.0/../../../../arm-none-eabi/lib/thumb/v7-m/nofp/libm.a(lib_a-s_round.o)
 .ARM.attributes
                0x000000000000020c       0x2d ../../../build/staticlib/stm32f1/debug/libstm32f103xb.a(system_stm32f1xx.c.o)
 .ARM.attributes
                0x0000000000000239       0x2d ../../../build/staticlib/stm32f1/debug/libstm32f103xb.a(stm32f1xx_hal_rcc.c.o)
 .ARM.attributes
                0x0000000000000266       0x2d ../../../build/staticlib/stm32f1/debug/libstm32f103xb.a(stm32f1xx_hal_gpio.c.o)
 .ARM.attributes
                0x0000000000000293       0x2d ../../../build/staticlib/stm32f1/debug/libstm32f103xb.a(stm32f1xx_hal_spi.c.o)
 .ARM.attributes
                0x00000000000002c0       0x21 ../../../build/staticlib/stm32f1/debug/libstm32f103xb.a(startup_stm32f103xb.s.o)
 .ARM.attributes
                0x00000000000002e1       0x2d ../../../build/staticlib/stm32f1/debug/libstm32f103xb.a(stm32f1xx_hal.c.o)
 .ARM.attributes
                0x000000000000030e       0x1d /usr/lib/gcc/arm-none-eabi/12.2.0/thumb/v7-m/nofp/libgcc.a(_arm_addsubdf3.o)
 .ARM.attributes
                0x000000000000032b       0x1d /usr/lib/gcc/arm-none-eabi/12.2.0/thumb/v7-m/nofp/libgcc.a(_arm_muldivdf3.o)
 .ARM.attributes
                0x0000000000000348       0x1d /usr/lib/gcc/arm-none-eabi/12.2.0/thumb/v7-m/nofp/libgcc.a(_arm_cmpdf2.o)
 .ARM.attributes
                0x0000000000000365       0x1d /usr/lib/gcc/arm-none-eabi/12.2.0/thumb/v7-m/nofp/libgcc.a(_arm_fixunsdfsi.o)
 .ARM.attributes
                0x0000000000000382       0x2d /usr/lib/gcc/arm-none-eabi/12.2.0/../../../../arm-none-eabi/lib/thumb/v7-m/nofp/libc_nano.a(lib_a-init.o)
 .ARM.attributes
                0x00000000000003af       0x2d /usr/lib/gcc/arm-none-eabi/12.2.0/../../../../arm-none-eabi/lib/thumb/v7-m/nofp/libc_nano.a(lib_a-memcpy-stub.o)
 .ARM.attributes
                0x00000000000003dc       0x2d /usr/lib/gcc/arm-none-eabi/12.2.0/../../../../arm-none-eabi/lib/thumb/v7-m/nofp/libc_nano.a(lib_a-memset.o)
 .ARM.attributes
                0x0000000000000409       0x2d /usr/lib/gcc/arm-none-eabi/12.2.0/thumb/v7-m/nofp/crtend.o
 .ARM.attributes
                0x0000000000000436       0x1d /usr/lib/gcc/arm-none-eabi/12.2.0/thumb/v7-m/nofp/crtn.o

.comment        0x0000000000000000       0x5a
 .comment       0x0000000000000000       0x1e debug/stm32f103xb/build/radio_test.c.o
                                         0x1f (size before relaxing)
 .comment       0x000000000000001e       0x1f debug/stm32f103xb/build/s2lp.c.o
 .comment       0x000000000000001e       0x1f debug/stm32f103xb/build/s2lp_packet.c.o
 .comment       0x000000000000001e       0x1f debug/stm32f103xb/build/s2lp_rf.c.o
 .comment       0x000000000000001e       0x1f debug/stm32f103xb/build/s2lp_tx.c.o
 .comment       0x000000000000001e       0x1f debug/stm32f103xb/build/s2lp_mcu_interface.c.o
 .comment       0x000000000000001e       0x1f debug/stm32f103xb/build/bshal_gpio_stm32.c.o
 .comment       0x000000000000001e       0x1f debug/stm32f103xb/build/bshal_spim_stm32f1.c.o
 .comment       0x000000000000001e       0x1f debug/stm32f103xb/build/bshal_delay.c.o
 .comment       0x000000000000001e       0x1e ../../../build/staticlib/stm32f1/debug/libstm32f103xb.a(system_stm32f1xx.c.o)
                                         0x1f (size before relaxing)
 .comment       0x000000000000003c       0x1f ../../../build/staticlib/stm32f1/debug/libstm32f103xb.a(stm32f1xx_hal_rcc.c.o)
 .comment       0x000000000000003c       0x1f ../../../build/staticlib/stm32f1/debug/libstm32f103xb.a(stm32f1xx_hal_gpio.c.o)
 .comment       0x000000000000003c       0x1f ../../../build/staticlib/stm32f1/debug/libstm32f103xb.a(stm32f1xx_hal_spi.c.o)
 .comment       0x000000000000003c       0x1f ../../../build/staticlib/stm32f1/debug/libstm32f103xb.a(stm32f1xx_hal.c.o)
 .comment       0x000000000000003c       0x1e /usr/lib/gcc/arm-none-eabi/12.2.0/../../../../arm-none-eabi/lib/thumb/v7-m/nofp/libc_nano.a(lib_a-init.o)
                                         0x1f (size before relaxing)
 .comment       0x000000000000005a       0x1f /usr/lib/gcc/arm-none-eabi/12.2.0/../../../../arm-none-eabi/lib/thumb/v7-m/nofp/libc_nano.a(lib_a-memcpy-stub.o)
 .comment       0x000000000000005a       0x1f /usr/lib/gcc/arm-none-eabi/12.2.0/../../../../arm-none-eabi/lib/thumb/v7-m/nofp/libc_nano.a(lib_a-memset.o)

.debug_info     0x0000000000000000     0x913a
 .debug_info    0x0000000000000000      0x714 debug/stm32f103xb/build/radio_test.c.o
 .debug_info    0x0000000000000714      0xba2 debug/stm32f103xb/build/s2lp.c.o
 .debug_info    0x00000000000012b6      0xed3 debug/stm32f103xb/build/s2lp_packet.c.o
 .debug_info    0x0000000000002189     0x1441 debug/stm32f103xb/build/s2lp_rf.c.o
 .debug_info    0x00000000000035ca      0xaad debug/stm32f103xb/build/s2lp_tx.c.o
 .debug_info    0x0000000000004077      0xad0 debug/stm32f103xb/build/s2lp_mcu_interface.c.o
 .debug_info    0x0000000000004b47      0x49e debug/stm32f103xb/build/bshal_gpio_stm32.c.o
 .debug_info    0x0000000000004fe5      0xb69 debug/stm32f103xb/build/bshal_spim_stm32f1.c.o
 .debug_info    0x0000000000005b4e      0x3ab debug/stm32f103xb/build/bshal_delay.c.o
 .debug_info    0x0000000000005ef9      0x222 ../../../build/staticlib/stm32f1/debug/libstm32f103xb.a(system_stm32f1xx.c.o)
 .debug_info    0x000000000000611b      0x7d5 ../../../build/staticlib/stm32f1/debug/libstm32f103xb.a(stm32f1xx_hal_rcc.c.o)
 .debug_info    0x00000000000068f0      0x5ab ../../../build/staticlib/stm32f1/debug/libstm32f103xb.a(stm32f1xx_hal_gpio.c.o)
 .debug_info    0x0000000000006e9b     0x1661 ../../../build/staticlib/stm32f1/debug/libstm32f103xb.a(stm32f1xx_hal_spi.c.o)
 .debug_info    0x00000000000084fc       0x23 ../../../build/staticlib/stm32f1/debug/libstm32f103xb.a(startup_stm32f103xb.s.o)
 .debug_info    0x000000000000851f      0x704 ../../../build/staticlib/stm32f1/debug/libstm32f103xb.a(stm32f1xx_hal.c.o)
 .debug_info    0x0000000000008c23       0xc0 /usr/lib/gcc/arm-none-eabi/12.2.0/thumb/v7-m/nofp/libgcc.a(_arm_addsubdf3.o)
 .debug_info    0x0000000000008ce3       0x52 /usr/lib/gcc/arm-none-eabi/12.2.0/thumb/v7-m/nofp/libgcc.a(_arm_muldivdf3.o)
 .debug_info    0x0000000000008d35       0xc0 /usr/lib/gcc/arm-none-eabi/12.2.0/thumb/v7-m/nofp/libgcc.a(_arm_cmpdf2.o)
 .debug_info    0x0000000000008df5       0x39 /usr/lib/gcc/arm-none-eabi/12.2.0/thumb/v7-m/nofp/libgcc.a(_arm_fixunsdfsi.o)
 .debug_info    0x0000000000008e2e      0x10b /usr/lib/gcc/arm-none-eabi/12.2.0/../../../../arm-none-eabi/lib/thumb/v7-m/nofp/libc_nano.a(lib_a-init.o)
 .debug_info    0x0000000000008f39      0x121 /usr/lib/gcc/arm-none-eabi/12.2.0/../../../../arm-none-eabi/lib/thumb/v7-m/nofp/libc_nano.a(lib_a-memcpy-stub.o)
 .debug_info    0x000000000000905a       0xe0 /usr/lib/gcc/arm-none-eabi/12.2.0/../../../../arm-none-eabi/lib/thumb/v7-m/nofp/libc_nano.a(lib_a-memset.o)

.debug_abbrev   0x0000000000000000     0x1d55
 .debug_abbrev  0x0000000000000000      0x186 debug/stm32f103xb/build/radio_test.c.o
 .debug_abbrev  0x0000000000000186      0x1b6 debug/stm32f103xb/build/s2lp.c.o
 .debug_abbrev  0x000000000000033c      0x1c8 debug/stm32f103xb/build/s2lp_packet.c.o
 .debug_abbrev  0x0000000000000504      0x217 debug/stm32f103xb/build/s2lp_rf.c.o
 .debug_abbrev  0x000000000000071b      0x186 debug/stm32f103xb/build/s2lp_tx.c.o
 .debug_abbrev  0x00000000000008a1      0x23d debug/stm32f103xb/build/s2lp_mcu_interface.c.o
 .debug_abbrev  0x0000000000000ade      0x1fb debug/stm32f103xb/build/bshal_gpio_stm32.c.o
 .debug_abbrev  0x0000000000000cd9      0x1e9 debug/stm32f103xb/build/bshal_spim_stm32f1.c.o
 .debug_abbrev  0x0000000000000ec2      0x194 debug/stm32f103xb/build/bshal_delay.c.o
 .debug_abbrev  0x0000000000001056      0x13f ../../../build/staticlib/stm32f1/debug/libstm32f103xb.a(system_stm32f1xx.c.o)
 .debug_abbrev  0x0000000000001195      0x2b3 ../../../build/staticlib/stm32f1/debug/libstm32f103xb.a(stm32f1xx_hal_rcc.c.o)
 .debug_abbrev  0x0000000000001448      0x1ca ../../../build/staticlib/stm32f1/debug/libstm32f103xb.a(stm32f1xx_hal_gpio.c.o)
 .debug_abbrev  0x0000000000001612      0x284 ../../../build/staticlib/stm32f1/debug/libstm32f103xb.a(stm32f1xx_hal_spi.c.o)
 .debug_abbrev  0x0000000000001896       0x12 ../../../build/staticlib/stm32f1/debug/libstm32f103xb.a(startup_stm32f103xb.s.o)
 .debug_abbrev  0x00000000000018a8      0x201 ../../../build/staticlib/stm32f1/debug/libstm32f103xb.a(stm32f1xx_hal.c.o)
 .debug_abbrev  0x0000000000001aa9       0x21 /usr/lib/gcc/arm-none-eabi/12.2.0/thumb/v7-m/nofp/libgcc.a(_arm_addsubdf3.o)
 .debug_abbrev  0x0000000000001aca       0x21 /usr/lib/gcc/arm-none-eabi/12.2.0/thumb/v7-m/nofp/libgcc.a(_arm_muldivdf3.o)
 .debug_abbrev  0x0000000000001aeb       0x21 /usr/lib/gcc/arm-none-eabi/12.2.0/thumb/v7-m/nofp/libgcc.a(_arm_cmpdf2.o)
 .debug_abbrev  0x0000000000001b0c       0x21 /usr/lib/gcc/arm-none-eabi/12.2.0/thumb/v7-m/nofp/libgcc.a(_arm_fixunsdfsi.o)
 .debug_abbrev  0x0000000000001b2d       0xc9 /usr/lib/gcc/arm-none-eabi/12.2.0/../../../../arm-none-eabi/lib/thumb/v7-m/nofp/libc_nano.a(lib_a-init.o)
 .debug_abbrev  0x0000000000001bf6       0xc1 /usr/lib/gcc/arm-none-eabi/12.2.0/../../../../arm-none-eabi/lib/thumb/v7-m/nofp/libc_nano.a(lib_a-memcpy-stub.o)
 .debug_abbrev  0x0000000000001cb7       0x9e /usr/lib/gcc/arm-none-eabi/12.2.0/../../../../arm-none-eabi/lib/thumb/v7-m/nofp/libc_nano.a(lib_a-memset.o)

.debug_aranges  0x0000000000000000      0xa68
 .debug_aranges
                0x0000000000000000       0x28 debug/stm32f103xb/build/radio_test.c.o
 .debug_aranges
                0x0000000000000028       0xb8 debug/stm32f103xb/build/s2lp.c.o
 .debug_aranges
                0x00000000000000e0      0x130 debug/stm32f103xb/build/s2lp_packet.c.o
 .debug_aranges
                0x0000000000000210      0x150 debug/stm32f103xb/build/s2lp_rf.c.o
 .debug_aranges
                0x0000000000000360       0xc0 debug/stm32f103xb/build/s2lp_tx.c.o
 .debug_aranges
                0x0000000000000420       0x88 debug/stm32f103xb/build/s2lp_mcu_interface.c.o
 .debug_aranges
                0x00000000000004a8       0x48 debug/stm32f103xb/build/bshal_gpio_stm32.c.o
 .debug_aranges
                0x00000000000004f0       0x48 debug/stm32f103xb/build/bshal_spim_stm32f1.c.o
 .debug_aranges
                0x0000000000000538       0x40 debug/stm32f103xb/build/bshal_delay.c.o
 .debug_aranges
                0x0000000000000578       0x28 ../../../build/staticlib/stm32f1/debug/libstm32f103xb.a(system_stm32f1xx.c.o)
 .debug_aranges
                0x00000000000005a0       0x90 ../../../build/staticlib/stm32f1/debug/libstm32f103xb.a(stm32f1xx_hal_rcc.c.o)
 .debug_aranges
                0x0000000000000630       0x58 ../../../build/staticlib/stm32f1/debug/libstm32f103xb.a(stm32f1xx_hal_gpio.c.o)
 .debug_aranges
                0x0000000000000688      0x1f8 ../../../build/staticlib/stm32f1/debug/libstm32f103xb.a(stm32f1xx_hal_spi.c.o)
 .debug_aranges
                0x0000000000000880       0x28 ../../../build/staticlib/stm32f1/debug/libstm32f103xb.a(startup_stm32f103xb.s.o)
 .debug_aranges
                0x00000000000008a8       0xe0 ../../../build/staticlib/stm32f1/debug/libstm32f103xb.a(stm32f1xx_hal.c.o)
 .debug_aranges
                0x0000000000000988       0x20 /usr/lib/gcc/arm-none-eabi/12.2.0/thumb/v7-m/nofp/libgcc.a(_arm_addsubdf3.o)
 .debug_aranges
                0x00000000000009a8       0x20 /usr/lib/gcc/arm-none-eabi/12.2.0/thumb/v7-m/nofp/libgcc.a(_arm_muldivdf3.o)
 .debug_aranges
                0x00000000000009c8       0x20 /usr/lib/gcc/arm-none-eabi/12.2.0/thumb/v7-m/nofp/libgcc.a(_arm_cmpdf2.o)
 .debug_aranges
                0x00000000000009e8       0x20 /usr/lib/gcc/arm-none-eabi/12.2.0/thumb/v7-m/nofp/libgcc.a(_arm_fixunsdfsi.o)
 .debug_aranges
                0x0000000000000a08       0x20 /usr/lib/gcc/arm-none-eabi/12.2.0/../../../../arm-none-eabi/lib/thumb/v7-m/nofp/libc_nano.a(lib_a-init.o)
 .debug_aranges
                0x0000000000000a28       0x20 /usr/lib/gcc/arm-none-eabi/12.2.0/../../../../arm-none-eabi/lib/thumb/v7-m/nofp/libc_nano.a(lib_a-memcpy-stub.o)
 .debug_aranges
                0x0000000000000a48       0x20 /usr/lib/gcc/arm-none-eabi/12.2.0/../../../../arm-none-eabi/lib/thumb/v7-m/nofp/libc_nano.a(lib_a-memset.o)

.debug_rnglists
                0x0000000000000000      0x778
 .debug_rnglists
                0x0000000000000000       0x1a debug/stm32f103xb/build/radio_test.c.o
 .debug_rnglists
                0x000000000000001a       0x87 debug/stm32f103xb/build/s2lp.c.o
 .debug_rnglists
                0x00000000000000a1       0xe0 debug/stm32f103xb/build/s2lp_packet.c.o
 .debug_rnglists
                0x0000000000000181      0x100 debug/stm32f103xb/build/s2lp_rf.c.o
 .debug_rnglists
                0x0000000000000281       0x8c debug/stm32f103xb/build/s2lp_tx.c.o
 .debug_rnglists
                0x000000000000030d       0x62 debug/stm32f103xb/build/s2lp_mcu_interface.c.o
 .debug_rnglists
                0x000000000000036f       0x34 debug/stm32f103xb/build/bshal_gpio_stm32.c.o
 .debug_rnglists
                0x00000000000003a3       0x33 debug/stm32f103xb/build/bshal_spim_stm32f1.c.o
 .debug_rnglists
                0x00000000000003d6       0x2b debug/stm32f103xb/build/bshal_delay.c.o
 .debug_rnglists
                0x0000000000000401       0x2c /usr/lib/gcc/arm-none-eabi/12.2.0/../../../../arm-none-eabi/lib/thumb/v7-m/nofp/libm.a(lib_a-s_round.o)
 .debug_rnglists
                0x000000000000042d       0x1a ../../../build/staticlib/stm32f1/debug/libstm32f103xb.a(system_stm32f1xx.c.o)
 .debug_rnglists
                0x0000000000000447       0x6c ../../../build/staticlib/stm32f1/debug/libstm32f103xb.a(stm32f1xx_hal_rcc.c.o)
 .debug_rnglists
                0x00000000000004b3       0x3f ../../../build/staticlib/stm32f1/debug/libstm32f103xb.a(stm32f1xx_hal_gpio.c.o)
 .debug_rnglists
                0x00000000000004f2      0x191 ../../../build/staticlib/stm32f1/debug/libstm32f103xb.a(stm32f1xx_hal_spi.c.o)
 .debug_rnglists
                0x0000000000000683       0x19 ../../../build/staticlib/stm32f1/debug/libstm32f103xb.a(startup_stm32f103xb.s.o)
 .debug_rnglists
                0x000000000000069c       0xa3 ../../../build/staticlib/stm32f1/debug/libstm32f103xb.a(stm32f1xx_hal.c.o)
 .debug_rnglists
                0x000000000000073f       0x13 /usr/lib/gcc/arm-none-eabi/12.2.0/../../../../arm-none-eabi/lib/thumb/v7-m/nofp/libc_nano.a(lib_a-init.o)
 .debug_rnglists
                0x0000000000000752       0x13 /usr/lib/gcc/arm-none-eabi/12.2.0/../../../../arm-none-eabi/lib/thumb/v7-m/nofp/libc_nano.a(lib_a-memcpy-stub.o)
 .debug_rnglists
                0x0000000000000765       0x13 /usr/lib/gcc/arm-none-eabi/12.2.0/../../../../arm-none-eabi/lib/thumb/v7-m/nofp/libc_nano.a(lib_a-memset.o)

.debug_macro    0x0000000000000000    0x1c645
 .debug_macro   0x0000000000000000      0x483 debug/stm32f103xb/build/radio_test.c.o
 .debug_macro   0x0000000000000483      0xaba debug/stm32f103xb/build/radio_test.c.o
 .debug_macro   0x0000000000000f3d       0x22 debug/stm32f103xb/build/radio_test.c.o
 .debug_macro   0x0000000000000f5f       0x22 debug/stm32f103xb/build/radio_test.c.o
 .debug_macro   0x0000000000000f81       0x8e debug/stm32f103xb/build/radio_test.c.o
 .debug_macro   0x000000000000100f       0x51 debug/stm32f103xb/build/radio_test.c.o
 .debug_macro   0x0000000000001060      0x103 debug/stm32f103xb/build/radio_test.c.o
 .debug_macro   0x0000000000001163       0x6a debug/stm32f103xb/build/radio_test.c.o
 .debug_macro   0x00000000000011cd      0x1df debug/stm32f103xb/build/radio_test.c.o
 .debug_macro   0x00000000000013ac       0x18 debug/stm32f103xb/build/radio_test.c.o
 .debug_macro   0x00000000000013c4       0x6a debug/stm32f103xb/build/radio_test.c.o
 .debug_macro   0x000000000000142e       0x3c debug/stm32f103xb/build/radio_test.c.o
 .debug_macro   0x000000000000146a       0x34 debug/stm32f103xb/build/radio_test.c.o
 .debug_macro   0x000000000000149e       0x16 debug/stm32f103xb/build/radio_test.c.o
 .debug_macro   0x00000000000014b4      0x11c debug/stm32f103xb/build/radio_test.c.o
 .debug_macro   0x00000000000015d0       0x94 debug/stm32f103xb/build/radio_test.c.o
 .debug_macro   0x0000000000001664       0x16 debug/stm32f103xb/build/radio_test.c.o
 .debug_macro   0x000000000000167a       0x43 debug/stm32f103xb/build/radio_test.c.o
 .debug_macro   0x00000000000016bd       0x34 debug/stm32f103xb/build/radio_test.c.o
 .debug_macro   0x00000000000016f1       0x10 debug/stm32f103xb/build/radio_test.c.o
 .debug_macro   0x0000000000001701       0x58 debug/stm32f103xb/build/radio_test.c.o
 .debug_macro   0x0000000000001759      0x182 debug/stm32f103xb/build/radio_test.c.o
 .debug_macro   0x00000000000018db      0x341 debug/stm32f103xb/build/radio_test.c.o
 .debug_macro   0x0000000000001c1c       0x16 debug/stm32f103xb/build/radio_test.c.o
 .debug_macro   0x0000000000001c32       0x29 debug/stm32f103xb/build/radio_test.c.o
 .debug_macro   0x0000000000001c5b       0x28 debug/stm32f103xb/build/radio_test.c.o
 .debug_macro   0x0000000000001c83       0x10 debug/stm32f103xb/build/radio_test.c.o
 .debug_macro   0x0000000000001c93       0x35 debug/stm32f103xb/build/radio_test.c.o
 .debug_macro   0x0000000000001cc8      0x4cc debug/stm32f103xb/build/radio_test.c.o
 .debug_macro   0x0000000000002194       0x28 debug/stm32f103xb/build/radio_test.c.o
 .debug_macro   0x00000000000021bc       0x22 debug/stm32f103xb/build/radio_test.c.o
 .debug_macro   0x00000000000021de       0x1c debug/stm32f103xb/build/radio_test.c.o
 .debug_macro   0x00000000000021fa       0x22 debug/stm32f103xb/build/radio_test.c.o
 .debug_macro   0x000000000000221c       0xdf debug/stm32f103xb/build/radio_test.c.o
 .debug_macro   0x00000000000022fb      0xd15 debug/stm32f103xb/build/radio_test.c.o
 .debug_macro   0x0000000000003010     0xe09e debug/stm32f103xb/build/radio_test.c.o
 .debug_macro   0x00000000000110ae       0x6d debug/stm32f103xb/build/radio_test.c.o
 .debug_macro   0x000000000001111b      0x2ce debug/stm32f103xb/build/radio_test.c.o
 .debug_macro   0x00000000000113e9     0x3468 debug/stm32f103xb/build/radio_test.c.o
 .debug_macro   0x0000000000014851       0x56 debug/stm32f103xb/build/radio_test.c.o
 .debug_macro   0x00000000000148a7      0x5bd debug/stm32f103xb/build/radio_test.c.o
 .debug_macro   0x0000000000014e64      0x289 debug/stm32f103xb/build/radio_test.c.o
 .debug_macro   0x00000000000150ed      0x1cb debug/stm32f103xb/build/radio_test.c.o
 .debug_macro   0x00000000000152b8      0x114 debug/stm32f103xb/build/radio_test.c.o
 .debug_macro   0x00000000000153cc      0x1b2 debug/stm32f103xb/build/radio_test.c.o
 .debug_macro   0x000000000001557e       0x27 debug/stm32f103xb/build/radio_test.c.o
 .debug_macro   0x00000000000155a5      0x136 debug/stm32f103xb/build/radio_test.c.o
 .debug_macro   0x00000000000156db      0x1bc debug/stm32f103xb/build/radio_test.c.o
 .debug_macro   0x0000000000015897       0x34 debug/stm32f103xb/build/radio_test.c.o
 .debug_macro   0x00000000000158cb       0x3c debug/stm32f103xb/build/radio_test.c.o
 .debug_macro   0x0000000000015907      0x408 debug/stm32f103xb/build/radio_test.c.o
 .debug_macro   0x0000000000015d0f       0x57 debug/stm32f103xb/build/radio_test.c.o
 .debug_macro   0x0000000000015d66      0x46a debug/stm32f103xb/build/radio_test.c.o
 .debug_macro   0x00000000000161d0      0x1b5 debug/stm32f103xb/build/radio_test.c.o
 .debug_macro   0x0000000000016385       0x22 debug/stm32f103xb/build/radio_test.c.o
 .debug_macro   0x00000000000163a7       0x88 debug/stm32f103xb/build/radio_test.c.o
 .debug_macro   0x000000000001642f      0x240 debug/stm32f103xb/build/radio_test.c.o
 .debug_macro   0x000000000001666f      0x287 debug/stm32f103xb/build/radio_test.c.o
 .debug_macro   0x00000000000168f6       0x78 debug/stm32f103xb/build/radio_test.c.o
 .debug_macro   0x000000000001696e      0x140 debug/stm32f103xb/build/radio_test.c.o
 .debug_macro   0x0000000000016aae      0x1ef debug/stm32f103xb/build/radio_test.c.o
 .debug_macro   0x0000000000016c9d       0xeb debug/stm32f103xb/build/radio_test.c.o
 .debug_macro   0x0000000000016d88      0x217 debug/stm32f103xb/build/radio_test.c.o
 .debug_macro   0x0000000000016f9f      0x8d1 debug/stm32f103xb/build/radio_test.c.o
 .debug_macro   0x0000000000017870      0x279 debug/stm32f103xb/build/radio_test.c.o
 .debug_macro   0x0000000000017ae9      0x217 debug/stm32f103xb/build/radio_test.c.o
 .debug_macro   0x0000000000017d00      0x1a7 debug/stm32f103xb/build/radio_test.c.o
 .debug_macro   0x0000000000017ea7      0x2cd debug/stm32f103xb/build/radio_test.c.o
 .debug_macro   0x0000000000018174       0x8d debug/stm32f103xb/build/radio_test.c.o
 .debug_macro   0x0000000000018201       0x65 debug/stm32f103xb/build/radio_test.c.o
 .debug_macro   0x0000000000018266      0x249 debug/stm32f103xb/build/radio_test.c.o
 .debug_macro   0x00000000000184af       0x83 debug/stm32f103xb/build/radio_test.c.o
 .debug_macro   0x0000000000018532       0x22 debug/stm32f103xb/build/radio_test.c.o
 .debug_macro   0x0000000000018554       0x76 debug/stm32f103xb/build/radio_test.c.o
 .debug_macro   0x00000000000185ca       0x52 debug/stm32f103xb/build/radio_test.c.o
 .debug_macro   0x000000000001861c       0x16 debug/stm32f103xb/build/radio_test.c.o
 .debug_macro   0x0000000000018632       0x10 debug/stm32f103xb/build/radio_test.c.o
 .debug_macro   0x0000000000018642       0x10 debug/stm32f103xb/build/radio_test.c.o
 .debug_macro   0x0000000000018652       0x10 debug/stm32f103xb/build/radio_test.c.o
 .debug_macro   0x0000000000018662      0x46e debug/stm32f103xb/build/s2lp.c.o
 .debug_macro   0x0000000000018ad0      0x189 debug/stm32f103xb/build/s2lp.c.o
 .debug_macro   0x0000000000018c59       0x5c debug/stm32f103xb/build/s2lp.c.o
 .debug_macro   0x0000000000018cb5       0x16 debug/stm32f103xb/build/s2lp.c.o
 .debug_macro   0x0000000000018ccb      0x408 debug/stm32f103xb/build/s2lp_packet.c.o
 .debug_macro   0x00000000000190d3       0x64 debug/stm32f103xb/build/s2lp_packet.c.o
 .debug_macro   0x0000000000019137       0x94 debug/stm32f103xb/build/s2lp_packet.c.o
 .debug_macro   0x00000000000191cb       0x3a debug/stm32f103xb/build/s2lp_packet.c.o
 .debug_macro   0x0000000000019205       0x57 debug/stm32f103xb/build/s2lp_packet.c.o
 .debug_macro   0x000000000001925c       0x89 debug/stm32f103xb/build/s2lp_packet.c.o
 .debug_macro   0x00000000000192e5       0x70 debug/stm32f103xb/build/s2lp_packet.c.o
 .debug_macro   0x0000000000019355      0x112 debug/stm32f103xb/build/s2lp_packet.c.o
 .debug_macro   0x0000000000019467      0x45a debug/stm32f103xb/build/s2lp_rf.c.o
 .debug_macro   0x00000000000198c1       0x16 debug/stm32f103xb/build/s2lp_rf.c.o
 .debug_macro   0x00000000000198d7      0x19b debug/stm32f103xb/build/s2lp_rf.c.o
 .debug_macro   0x0000000000019a72      0x409 debug/stm32f103xb/build/s2lp_tx.c.o
 .debug_macro   0x0000000000019e7b      0x411 debug/stm32f103xb/build/s2lp_mcu_interface.c.o
 .debug_macro   0x000000000001a28c      0x39f debug/stm32f103xb/build/bshal_gpio_stm32.c.o
 .debug_macro   0x000000000001a62b       0x12 debug/stm32f103xb/build/bshal_gpio_stm32.c.o
 .debug_macro   0x000000000001a63d      0x3a9 debug/stm32f103xb/build/bshal_spim_stm32f1.c.o
 .debug_macro   0x000000000001a9e6      0x338 debug/stm32f103xb/build/bshal_delay.c.o
 .debug_macro   0x000000000001ad1e      0x2c2 ../../../build/staticlib/stm32f1/debug/libstm32f103xb.a(system_stm32f1xx.c.o)
 .debug_macro   0x000000000001afe0      0xab4 ../../../build/staticlib/stm32f1/debug/libstm32f103xb.a(system_stm32f1xx.c.o)
 .debug_macro   0x000000000001ba94      0x2d4 ../../../build/staticlib/stm32f1/debug/libstm32f103xb.a(stm32f1xx_hal_rcc.c.o)
 .debug_macro   0x000000000001bd68      0x32d ../../../build/staticlib/stm32f1/debug/libstm32f103xb.a(stm32f1xx_hal_gpio.c.o)
 .debug_macro   0x000000000001c095      0x2ca ../../../build/staticlib/stm32f1/debug/libstm32f103xb.a(stm32f1xx_hal_spi.c.o)
 .debug_macro   0x000000000001c35f      0x2e6 ../../../build/staticlib/stm32f1/debug/libstm32f103xb.a(stm32f1xx_hal.c.o)

.debug_line     0x0000000000000000     0xb3a3
 .debug_line    0x0000000000000000      0x947 debug/stm32f103xb/build/radio_test.c.o
 .debug_line    0x0000000000000947      0xbcd debug/stm32f103xb/build/s2lp.c.o
 .debug_line    0x0000000000001514      0xcd6 debug/stm32f103xb/build/s2lp_packet.c.o
 .debug_line    0x00000000000021ea     0x1052 debug/stm32f103xb/build/s2lp_rf.c.o
 .debug_line    0x000000000000323c      0xabc debug/stm32f103xb/build/s2lp_tx.c.o
 .debug_line    0x0000000000003cf8      0xa74 debug/stm32f103xb/build/s2lp_mcu_interface.c.o
 .debug_line    0x000000000000476c      0x912 debug/stm32f103xb/build/bshal_gpio_stm32.c.o
 .debug_line    0x000000000000507e      0xa51 debug/stm32f103xb/build/bshal_spim_stm32f1.c.o
 .debug_line    0x0000000000005acf      0x86d debug/stm32f103xb/build/bshal_delay.c.o
 .debug_line    0x000000000000633c      0x792 ../../../build/staticlib/stm32f1/debug/libstm32f103xb.a(system_stm32f1xx.c.o)
 .debug_line    0x0000000000006ace      0xda8 ../../../build/staticlib/stm32f1/debug/libstm32f103xb.a(stm32f1xx_hal_rcc.c.o)
 .debug_line    0x0000000000007876      0xa36 ../../../build/staticlib/stm32f1/debug/libstm32f103xb.a(stm32f1xx_hal_gpio.c.o)
 .debug_line    0x00000000000082ac     0x1f43 ../../../build/staticlib/stm32f1/debug/libstm32f103xb.a(stm32f1xx_hal_spi.c.o)
 .debug_line    0x000000000000a1ef       0x79 ../../../build/staticlib/stm32f1/debug/libstm32f103xb.a(startup_stm32f103xb.s.o)
 .debug_line    0x000000000000a268      0x99f ../../../build/staticlib/stm32f1/debug/libstm32f103xb.a(stm32f1xx_hal.c.o)
 .debug_line    0x000000000000ac07      0x16f /usr/lib/gcc/arm-none-eabi/12.2.0/thumb/v7-m/nofp/libgcc.a(_arm_addsubdf3.o)
 .debug_line    0x000000000000ad76      0x184 /usr/lib/gcc/arm-none-eabi/12.2.0/thumb/v7-m/nofp/libgcc.a(_arm_muldivdf3.o)
 .debug_line    0x000000000000aefa       0xa6 /usr/lib/gcc/arm-none-eabi/12.2.0/thumb/v7-m/nofp/libgcc.a(_arm_cmpdf2.o)
 .debug_line    0x000000000000afa0       0x5e /usr/lib/gcc/arm-none-eabi/12.2.0/thumb/v7-m/nofp/libgcc.a(_arm_fixunsdfsi.o)
 .debug_line    0x000000000000affe      0x130 /usr/lib/gcc/arm-none-eabi/12.2.0/../../../../arm-none-eabi/lib/thumb/v7-m/nofp/libc_nano.a(lib_a-init.o)
 .debug_line    0x000000000000b12e      0x14c /usr/lib/gcc/arm-none-eabi/12.2.0/../../../../arm-none-eabi/lib/thumb/v7-m/nofp/libc_nano.a(lib_a-memcpy-stub.o)
 .debug_line    0x000000000000b27a      0x129 /usr/lib/gcc/arm-none-eabi/12.2.0/../../../../arm-none-eabi/lib/thumb/v7-m/nofp/libc_nano.a(lib_a-memset.o)

.debug_str      0x0000000000000000    0x9f374
 .debug_str     0x0000000000000000    0x9adcd debug/stm32f103xb/build/radio_test.c.o
                                      0x9b138 (size before relaxing)
 .debug_str     0x000000000009adcd      0xc52 debug/stm32f103xb/build/s2lp.c.o
                                      0x9b777 (size before relaxing)
 .debug_str     0x000000000009ba1f      0x566 debug/stm32f103xb/build/s2lp_packet.c.o
                                      0x9b91f (size before relaxing)
 .debug_str     0x000000000009bf85      0xdc9 debug/stm32f103xb/build/s2lp_rf.c.o
                                      0x9c49e (size before relaxing)
 .debug_str     0x000000000009cd4e      0x28a debug/stm32f103xb/build/s2lp_tx.c.o
                                      0x9b62e (size before relaxing)
 .debug_str     0x000000000009cfd8      0x1fb debug/stm32f103xb/build/s2lp_mcu_interface.c.o
                                      0x9af56 (size before relaxing)
 .debug_str     0x000000000009d1d3      0x189 debug/stm32f103xb/build/bshal_gpio_stm32.c.o
                                      0x98da4 (size before relaxing)
 .debug_str     0x000000000009d35c      0x4e6 debug/stm32f103xb/build/bshal_spim_stm32f1.c.o
                                      0x992d1 (size before relaxing)
 .debug_str     0x000000000009d842      0x20a debug/stm32f103xb/build/bshal_delay.c.o
                                      0x97a82 (size before relaxing)
 .debug_str     0x000000000009da4c      0x15d ../../../build/staticlib/stm32f1/debug/libstm32f103xb.a(system_stm32f1xx.c.o)
                                      0x9635a (size before relaxing)
 .debug_str     0x000000000009dba9      0x37d ../../../build/staticlib/stm32f1/debug/libstm32f103xb.a(stm32f1xx_hal_rcc.c.o)
                                      0x96769 (size before relaxing)
 .debug_str     0x000000000009df26      0x323 ../../../build/staticlib/stm32f1/debug/libstm32f103xb.a(stm32f1xx_hal_gpio.c.o)
                                      0x966c0 (size before relaxing)
 .debug_str     0x000000000009e249      0x5d5 ../../../build/staticlib/stm32f1/debug/libstm32f103xb.a(stm32f1xx_hal_spi.c.o)
                                      0x96ce1 (size before relaxing)
 .debug_str     0x000000000009e81e       0x22 ../../../build/staticlib/stm32f1/debug/libstm32f103xb.a(startup_stm32f103xb.s.o)
                                         0x4f (size before relaxing)
 .debug_str     0x000000000009e840      0x5ed ../../../build/staticlib/stm32f1/debug/libstm32f103xb.a(stm32f1xx_hal.c.o)
                                      0x96a6d (size before relaxing)
 .debug_str     0x000000000009ee2d      0x159 /usr/lib/gcc/arm-none-eabi/12.2.0/thumb/v7-m/nofp/libgcc.a(_arm_addsubdf3.o)
 .debug_str     0x000000000009ef86       0x2c /usr/lib/gcc/arm-none-eabi/12.2.0/thumb/v7-m/nofp/libgcc.a(_arm_muldivdf3.o)
                                         0xcb (size before relaxing)
 .debug_str     0x000000000009efb2       0xb5 /usr/lib/gcc/arm-none-eabi/12.2.0/thumb/v7-m/nofp/libgcc.a(_arm_cmpdf2.o)
                                        0x154 (size before relaxing)
 .debug_str     0x000000000009f067       0x1b /usr/lib/gcc/arm-none-eabi/12.2.0/thumb/v7-m/nofp/libgcc.a(_arm_fixunsdfsi.o)
                                         0xba (size before relaxing)
 .debug_str     0x000000000009f082      0x180 /usr/lib/gcc/arm-none-eabi/12.2.0/../../../../arm-none-eabi/lib/thumb/v7-m/nofp/libc_nano.a(lib_a-init.o)
                                        0x228 (size before relaxing)
 .debug_str     0x000000000009f202       0xcc /usr/lib/gcc/arm-none-eabi/12.2.0/../../../../arm-none-eabi/lib/thumb/v7-m/nofp/libc_nano.a(lib_a-memcpy-stub.o)
                                        0x1ef (size before relaxing)
 .debug_str     0x000000000009f2ce       0xa6 /usr/lib/gcc/arm-none-eabi/12.2.0/../../../../arm-none-eabi/lib/thumb/v7-m/nofp/libc_nano.a(lib_a-memset.o)
                                        0x1c9 (size before relaxing)

.debug_frame    0x0000000000000000     0x27f8
 .debug_frame   0x0000000000000000       0x50 debug/stm32f103xb/build/radio_test.c.o
 .debug_frame   0x0000000000000050      0x2ec debug/stm32f103xb/build/s2lp.c.o
 .debug_frame   0x000000000000033c      0x4fc debug/stm32f103xb/build/s2lp_packet.c.o
 .debug_frame   0x0000000000000838      0x5a0 debug/stm32f103xb/build/s2lp_rf.c.o
 .debug_frame   0x0000000000000dd8      0x304 debug/stm32f103xb/build/s2lp_tx.c.o
 .debug_frame   0x00000000000010dc      0x214 debug/stm32f103xb/build/s2lp_mcu_interface.c.o
 .debug_frame   0x00000000000012f0       0xf4 debug/stm32f103xb/build/bshal_gpio_stm32.c.o
 .debug_frame   0x00000000000013e4       0xe8 debug/stm32f103xb/build/bshal_spim_stm32f1.c.o
 .debug_frame   0x00000000000014cc       0xd0 debug/stm32f103xb/build/bshal_delay.c.o
 .debug_frame   0x000000000000159c       0x2c /usr/lib/gcc/arm-none-eabi/12.2.0/../../../../arm-none-eabi/lib/thumb/v7-m/nofp/libm.a(lib_a-s_round.o)
 .debug_frame   0x00000000000015c8       0x58 ../../../build/staticlib/stm32f1/debug/libstm32f103xb.a(system_stm32f1xx.c.o)
 .debug_frame   0x0000000000001620      0x218 ../../../build/staticlib/stm32f1/debug/libstm32f103xb.a(stm32f1xx_hal_rcc.c.o)
 .debug_frame   0x0000000000001838      0x14c ../../../build/staticlib/stm32f1/debug/libstm32f103xb.a(stm32f1xx_hal_gpio.c.o)
 .debug_frame   0x0000000000001984      0x8e8 ../../../build/staticlib/stm32f1/debug/libstm32f103xb.a(stm32f1xx_hal_spi.c.o)
 .debug_frame   0x000000000000226c      0x334 ../../../build/staticlib/stm32f1/debug/libstm32f103xb.a(stm32f1xx_hal.c.o)
 .debug_frame   0x00000000000025a0       0xac /usr/lib/gcc/arm-none-eabi/12.2.0/thumb/v7-m/nofp/libgcc.a(_arm_addsubdf3.o)
 .debug_frame   0x000000000000264c       0x50 /usr/lib/gcc/arm-none-eabi/12.2.0/thumb/v7-m/nofp/libgcc.a(_arm_muldivdf3.o)
 .debug_frame   0x000000000000269c       0xc4 /usr/lib/gcc/arm-none-eabi/12.2.0/thumb/v7-m/nofp/libgcc.a(_arm_cmpdf2.o)
 .debug_frame   0x0000000000002760       0x24 /usr/lib/gcc/arm-none-eabi/12.2.0/thumb/v7-m/nofp/libgcc.a(_arm_fixunsdfsi.o)
 .debug_frame   0x0000000000002784       0x2c /usr/lib/gcc/arm-none-eabi/12.2.0/../../../../arm-none-eabi/lib/thumb/v7-m/nofp/libc_nano.a(lib_a-init.o)
 .debug_frame   0x00000000000027b0       0x28 /usr/lib/gcc/arm-none-eabi/12.2.0/../../../../arm-none-eabi/lib/thumb/v7-m/nofp/libc_nano.a(lib_a-memcpy-stub.o)
 .debug_frame   0x00000000000027d8       0x20 /usr/lib/gcc/arm-none-eabi/12.2.0/../../../../arm-none-eabi/lib/thumb/v7-m/nofp/libc_nano.a(lib_a-memset.o)

.debug_loclists
                0x0000000000000000      0x244
 .debug_loclists
                0x0000000000000000      0x146 /usr/lib/gcc/arm-none-eabi/12.2.0/../../../../arm-none-eabi/lib/thumb/v7-m/nofp/libm.a(lib_a-s_round.o)
 .debug_loclists
                0x0000000000000146       0x34 /usr/lib/gcc/arm-none-eabi/12.2.0/../../../../arm-none-eabi/lib/thumb/v7-m/nofp/libc_nano.a(lib_a-init.o)
 .debug_loclists
                0x000000000000017a       0x8f /usr/lib/gcc/arm-none-eabi/12.2.0/../../../../arm-none-eabi/lib/thumb/v7-m/nofp/libc_nano.a(lib_a-memcpy-stub.o)
 .debug_loclists
                0x0000000000000209       0x3b /usr/lib/gcc/arm-none-eabi/12.2.0/../../../../arm-none-eabi/lib/thumb/v7-m/nofp/libc_nano.a(lib_a-memset.o)

.debug_line_str
                0x0000000000000000       0xe2
 .debug_line_str
                0x0000000000000000       0x4f ../../../build/staticlib/stm32f1/debug/libstm32f103xb.a(startup_stm32f103xb.s.o)
                                         0x9e (size before relaxing)
 .debug_line_str
                0x000000000000004f       0x93 /usr/lib/gcc/arm-none-eabi/12.2.0/thumb/v7-m/nofp/libgcc.a(_arm_addsubdf3.o)
 .debug_line_str
                0x00000000000000e2       0x93 /usr/lib/gcc/arm-none-eabi/12.2.0/thumb/v7-m/nofp/libgcc.a(_arm_muldivdf3.o)
 .debug_line_str
                0x00000000000000e2       0x93 /usr/lib/gcc/arm-none-eabi/12.2.0/thumb/v7-m/nofp/libgcc.a(_arm_cmpdf2.o)
 .debug_line_str
                0x00000000000000e2       0x93 /usr/lib/gcc/arm-none-eabi/12.2.0/thumb/v7-m/nofp/libgcc.a(_arm_fixunsdfsi.o)

Cross Reference Table

Symbol                                            File
ADC1_2_IRQHandler                                 ../../../build/staticlib/stm32f1/debug/libstm32f103xb.a(startup_stm32f103xb.s.o)
AHBPrescTable                                     ../../../build/staticlib/stm32f1/debug/libstm32f103xb.a(system_stm32f1xx.c.o)
                                                  ../../../build/staticlib/stm32f1/debug/libstm32f103xb.a(stm32f1xx_hal_rcc.c.o)
APBPrescTable                                     ../../../build/staticlib/stm32f1/debug/libstm32f103xb.a(system_stm32f1xx.c.o)
                                                  ../../../build/staticlib/stm32f1/debug/libstm32f103xb.a(stm32f1xx_hal_rcc.c.o)
BusFault_Handler                                  ../../../build/staticlib/stm32f1/debug/libstm32f103xb.a(startup_stm32f103xb.s.o)
CAN1_RX1_IRQHandler                               ../../../build/staticlib/stm32f1/debug/libstm32f103xb.a(startup_stm32f103xb.s.o)
CAN1_SCE_IRQHandler                               ../../../build/staticlib/stm32f1/debug/libstm32f103xb.a(startup_stm32f103xb.s.o)
ClockSetup_HSE8_SYS48                             debug/stm32f103xb/build/clocksetup.c.o
ClockSetup_HSE8_SYS72                             debug/stm32f103xb/build/clocksetup.c.o
ClockSetup_HSI_SYS48                              debug/stm32f103xb/build/clocksetup.c.o
DMA1_Channel1_IRQHandler                          ../../../build/staticlib/stm32f1/debug/libstm32f103xb.a(startup_stm32f103xb.s.o)
DMA1_Channel2_IRQHandler                          ../../../build/staticlib/stm32f1/debug/libstm32f103xb.a(startup_stm32f103xb.s.o)
DMA1_Channel3_IRQHandler                          ../../../build/staticlib/stm32f1/debug/libstm32f103xb.a(startup_stm32f103xb.s.o)
DMA1_Channel4_IRQHandler                          ../../../build/staticlib/stm32f1/debug/libstm32f103xb.a(startup_stm32f103xb.s.o)
DMA1_Channel5_IRQHandler                          ../../../build/staticlib/stm32f1/debug/libstm32f103xb.a(startup_stm32f103xb.s.o)
DMA1_Channel6_IRQHandler                          ../../../build/staticlib/stm32f1/debug/libstm32f103xb.a(startup_stm32f103xb.s.o)
DMA1_Channel7_IRQHandler                          ../../../build/staticlib/stm32f1/debug/libstm32f103xb.a(startup_stm32f103xb.s.o)
DebugMon_Handler                                  ../../../build/staticlib/stm32f1/debug/libstm32f103xb.a(startup_stm32f103xb.s.o)
Default_Handler                                   ../../../build/staticlib/stm32f1/debug/libstm32f103xb.a(startup_stm32f103xb.s.o)
EXTI0_IRQHandler                                  ../../../build/staticlib/stm32f1/debug/libstm32f103xb.a(startup_stm32f103xb.s.o)
EXTI15_10_IRQHandler                              ../../../build/staticlib/stm32f1/debug/libstm32f103xb.a(startup_stm32f103xb.s.o)
EXTI1_IRQHandler                                  ../../../build/staticlib/stm32f1/debug/libstm32f103xb.a(startup_stm32f103xb.s.o)
EXTI2_IRQHandler                                  ../../../build/staticlib/stm32f1/debug/libstm32f103xb.a(startup_stm32f103xb.s.o)
EXTI3_IRQHandler                                  ../../../build/staticlib/stm32f1/debug/libstm32f103xb.a(startup_stm32f103xb.s.o)
EXTI4_IRQHandler                                  ../../../build/staticlib/stm32f1/debug/libstm32f103xb.a(startup_stm32f103xb.s.o)
EXTI9_5_IRQHandler                                ../../../build/staticlib/stm32f1/debug/libstm32f103xb.a(startup_stm32f103xb.s.o)
FLASH_IRQHandler                                  ../../../build/staticlib/stm32f1/debug/libstm32f103xb.a(startup_stm32f103xb.s.o)
HAL_DBGMCU_DisableDBGSleepMode                    ../../../build/staticlib/stm32f1/debug/libstm32f103xb.a(stm32f1xx_hal.c.o)
HAL_DBGMCU_DisableDBGStandbyMode                  ../../../build/staticlib/stm32f1/debug/libstm32f103xb.a(stm32f1xx_hal.c.o)
HAL_DBGMCU_DisableDBGStopMode                     ../../../build/staticlib/stm32f1/debug/libstm32f103xb.a(stm32f1xx_hal.c.o)
HAL_DBGMCU_EnableDBGSleepMode                     ../../../build/staticlib/stm32f1/debug/libstm32f103xb.a(stm32f1xx_hal.c.o)
HAL_DBGMCU_EnableDBGStandbyMode                   ../../../build/staticlib/stm32f1/debug/libstm32f103xb.a(stm32f1xx_hal.c.o)
HAL_DBGMCU_EnableDBGStopMode                      ../../../build/staticlib/stm32f1/debug/libstm32f103xb.a(stm32f1xx_hal.c.o)
HAL_DMA_Abort                                     ../../../build/staticlib/stm32f1/debug/libstm32f103xb.a(stm32f1xx_hal_dma.c.o)
                                                  ../../../build/staticlib/stm32f1/debug/libstm32f103xb.a(stm32f1xx_hal_spi.c.o)
HAL_DMA_Abort_IT                                  ../../../build/staticlib/stm32f1/debug/libstm32f103xb.a(stm32f1xx_hal_dma.c.o)
                                                  ../../../build/staticlib/stm32f1/debug/libstm32f103xb.a(stm32f1xx_hal_spi.c.o)
                                                  ../../../build/staticlib/stm32f1/debug/libstm32f103xb.a(stm32f1xx_hal_i2c.c.o)
HAL_DMA_DeInit                                    ../../../build/staticlib/stm32f1/debug/libstm32f103xb.a(stm32f1xx_hal_dma.c.o)
HAL_DMA_GetError                                  ../../../build/staticlib/stm32f1/debug/libstm32f103xb.a(stm32f1xx_hal_dma.c.o)
HAL_DMA_GetState                                  ../../../build/staticlib/stm32f1/debug/libstm32f103xb.a(stm32f1xx_hal_dma.c.o)
                                                  ../../../build/staticlib/stm32f1/debug/libstm32f103xb.a(stm32f1xx_hal_i2c.c.o)
HAL_DMA_IRQHandler                                ../../../build/staticlib/stm32f1/debug/libstm32f103xb.a(stm32f1xx_hal_dma.c.o)
HAL_DMA_Init                                      ../../../build/staticlib/stm32f1/debug/libstm32f103xb.a(stm32f1xx_hal_dma.c.o)
HAL_DMA_PollForTransfer                           ../../../build/staticlib/stm32f1/debug/libstm32f103xb.a(stm32f1xx_hal_dma.c.o)
HAL_DMA_RegisterCallback                          ../../../build/staticlib/stm32f1/debug/libstm32f103xb.a(stm32f1xx_hal_dma.c.o)
HAL_DMA_Start                                     ../../../build/staticlib/stm32f1/debug/libstm32f103xb.a(stm32f1xx_hal_dma.c.o)
HAL_DMA_Start_IT                                  ../../../build/staticlib/stm32f1/debug/libstm32f103xb.a(stm32f1xx_hal_dma.c.o)
                                                  ../../../build/staticlib/stm32f1/debug/libstm32f103xb.a(stm32f1xx_hal_spi.c.o)
                                                  ../../../build/staticlib/stm32f1/debug/libstm32f103xb.a(stm32f1xx_hal_i2c.c.o)
HAL_DMA_UnRegisterCallback                        ../../../build/staticlib/stm32f1/debug/libstm32f103xb.a(stm32f1xx_hal_dma.c.o)
HAL_DeInit                                        ../../../build/staticlib/stm32f1/debug/libstm32f103xb.a(stm32f1xx_hal.c.o)
HAL_Delay                                         ../../../build/staticlib/stm32f1/debug/libstm32f103xb.a(stm32f1xx_hal.c.o)
HAL_GPIO_DeInit                                   ../../../build/staticlib/stm32f1/debug/libstm32f103xb.a(stm32f1xx_hal_gpio.c.o)
HAL_GPIO_EXTI_Callback                            ../../../build/staticlib/stm32f1/debug/libstm32f103xb.a(stm32f1xx_hal_gpio.c.o)
HAL_GPIO_EXTI_IRQHandler                          ../../../build/staticlib/stm32f1/debug/libstm32f103xb.a(stm32f1xx_hal_gpio.c.o)
HAL_GPIO_Init                                     ../../../build/staticlib/stm32f1/debug/libstm32f103xb.a(stm32f1xx_hal_gpio.c.o)
                                                  ../../../build/staticlib/stm32f1/debug/libstm32f103xb.a(stm32f1xx_hal_rcc.c.o)
                                                  debug/stm32f103xb/build/bshal_i2cm_stm32f1.c.o
                                                  debug/stm32f103xb/build/bshal_spim_stm32f1.c.o
                                                  debug/stm32f103xb/build/bshal_gpio_stm32.c.o
HAL_GPIO_LockPin                                  ../../../build/staticlib/stm32f1/debug/libstm32f103xb.a(stm32f1xx_hal_gpio.c.o)
HAL_GPIO_ReadPin                                  ../../../build/staticlib/stm32f1/debug/libstm32f103xb.a(stm32f1xx_hal_gpio.c.o)
HAL_GPIO_TogglePin                                ../../../build/staticlib/stm32f1/debug/libstm32f103xb.a(stm32f1xx_hal_gpio.c.o)
HAL_GPIO_WritePin                                 ../../../build/staticlib/stm32f1/debug/libstm32f103xb.a(stm32f1xx_hal_gpio.c.o)
                                                  debug/stm32f103xb/build/bshal_gpio_stm32.c.o
HAL_GetDEVID                                      ../../../build/staticlib/stm32f1/debug/libstm32f103xb.a(stm32f1xx_hal.c.o)
HAL_GetHalVersion                                 ../../../build/staticlib/stm32f1/debug/libstm32f103xb.a(stm32f1xx_hal.c.o)
HAL_GetREVID                                      ../../../build/staticlib/stm32f1/debug/libstm32f103xb.a(stm32f1xx_hal.c.o)
HAL_GetTick                                       ../../../build/staticlib/stm32f1/debug/libstm32f103xb.a(stm32f1xx_hal.c.o)
                                                  ../../../build/staticlib/stm32f1/debug/libstm32f103xb.a(stm32f1xx_hal_dma.c.o)
                                                  ../../../build/staticlib/stm32f1/debug/libstm32f103xb.a(stm32f1xx_hal_spi.c.o)
                                                  ../../../build/staticlib/stm32f1/debug/libstm32f103xb.a(stm32f1xx_hal_i2c.c.o)
                                                  ../../../build/staticlib/stm32f1/debug/libstm32f103xb.a(stm32f1xx_hal_rcc_ex.c.o)
                                                  ../../../build/staticlib/stm32f1/debug/libstm32f103xb.a(stm32f1xx_hal_rcc.c.o)
HAL_GetTickFreq                                   ../../../build/staticlib/stm32f1/debug/libstm32f103xb.a(stm32f1xx_hal.c.o)
HAL_GetTickPrio                                   ../../../build/staticlib/stm32f1/debug/libstm32f103xb.a(stm32f1xx_hal.c.o)
HAL_GetUIDw0                                      ../../../build/staticlib/stm32f1/debug/libstm32f103xb.a(stm32f1xx_hal.c.o)
HAL_GetUIDw1                                      ../../../build/staticlib/stm32f1/debug/libstm32f103xb.a(stm32f1xx_hal.c.o)
HAL_GetUIDw2                                      ../../../build/staticlib/stm32f1/debug/libstm32f103xb.a(stm32f1xx_hal.c.o)
HAL_I2C_AbortCpltCallback                         ../../../build/staticlib/stm32f1/debug/libstm32f103xb.a(stm32f1xx_hal_i2c.c.o)
HAL_I2C_AddrCallback                              ../../../build/staticlib/stm32f1/debug/libstm32f103xb.a(stm32f1xx_hal_i2c.c.o)
HAL_I2C_DeInit                                    ../../../build/staticlib/stm32f1/debug/libstm32f103xb.a(stm32f1xx_hal_i2c.c.o)
HAL_I2C_DisableListen_IT                          ../../../build/staticlib/stm32f1/debug/libstm32f103xb.a(stm32f1xx_hal_i2c.c.o)
HAL_I2C_ER_IRQHandler                             ../../../build/staticlib/stm32f1/debug/libstm32f103xb.a(stm32f1xx_hal_i2c.c.o)
HAL_I2C_EV_IRQHandler                             ../../../build/staticlib/stm32f1/debug/libstm32f103xb.a(stm32f1xx_hal_i2c.c.o)
HAL_I2C_EnableListen_IT                           ../../../build/staticlib/stm32f1/debug/libstm32f103xb.a(stm32f1xx_hal_i2c.c.o)
HAL_I2C_ErrorCallback                             ../../../build/staticlib/stm32f1/debug/libstm32f103xb.a(stm32f1xx_hal_i2c.c.o)
HAL_I2C_GetError                                  ../../../build/staticlib/stm32f1/debug/libstm32f103xb.a(stm32f1xx_hal_i2c.c.o)
HAL_I2C_GetMode                                   ../../../build/staticlib/stm32f1/debug/libstm32f103xb.a(stm32f1xx_hal_i2c.c.o)
HAL_I2C_GetState                                  ../../../build/staticlib/stm32f1/debug/libstm32f103xb.a(stm32f1xx_hal_i2c.c.o)
HAL_I2C_Init                                      ../../../build/staticlib/stm32f1/debug/libstm32f103xb.a(stm32f1xx_hal_i2c.c.o)
                                                  debug/stm32f103xb/build/bshal_i2cm_stm32f1.c.o
HAL_I2C_IsDeviceReady                             ../../../build/staticlib/stm32f1/debug/libstm32f103xb.a(stm32f1xx_hal_i2c.c.o)
                                                  debug/stm32f103xb/build/bshal_i2cm_stm32.c.o
HAL_I2C_ListenCpltCallback                        ../../../build/staticlib/stm32f1/debug/libstm32f103xb.a(stm32f1xx_hal_i2c.c.o)
HAL_I2C_MasterRxCpltCallback                      ../../../build/staticlib/stm32f1/debug/libstm32f103xb.a(stm32f1xx_hal_i2c.c.o)
HAL_I2C_MasterTxCpltCallback                      ../../../build/staticlib/stm32f1/debug/libstm32f103xb.a(stm32f1xx_hal_i2c.c.o)
HAL_I2C_Master_Abort_IT                           ../../../build/staticlib/stm32f1/debug/libstm32f103xb.a(stm32f1xx_hal_i2c.c.o)
HAL_I2C_Master_Receive                            ../../../build/staticlib/stm32f1/debug/libstm32f103xb.a(stm32f1xx_hal_i2c.c.o)
                                                  debug/stm32f103xb/build/bshal_i2cm_stm32.c.o
HAL_I2C_Master_Receive_DMA                        ../../../build/staticlib/stm32f1/debug/libstm32f103xb.a(stm32f1xx_hal_i2c.c.o)
HAL_I2C_Master_Receive_IT                         ../../../build/staticlib/stm32f1/debug/libstm32f103xb.a(stm32f1xx_hal_i2c.c.o)
HAL_I2C_Master_Seq_Receive_DMA                    ../../../build/staticlib/stm32f1/debug/libstm32f103xb.a(stm32f1xx_hal_i2c.c.o)
HAL_I2C_Master_Seq_Receive_IT                     ../../../build/staticlib/stm32f1/debug/libstm32f103xb.a(stm32f1xx_hal_i2c.c.o)
HAL_I2C_Master_Seq_Transmit_DMA                   ../../../build/staticlib/stm32f1/debug/libstm32f103xb.a(stm32f1xx_hal_i2c.c.o)
HAL_I2C_Master_Seq_Transmit_IT                    ../../../build/staticlib/stm32f1/debug/libstm32f103xb.a(stm32f1xx_hal_i2c.c.o)
HAL_I2C_Master_Transmit                           ../../../build/staticlib/stm32f1/debug/libstm32f103xb.a(stm32f1xx_hal_i2c.c.o)
                                                  debug/stm32f103xb/build/bshal_i2cm_stm32.c.o
HAL_I2C_Master_Transmit_DMA                       ../../../build/staticlib/stm32f1/debug/libstm32f103xb.a(stm32f1xx_hal_i2c.c.o)
HAL_I2C_Master_Transmit_IT                        ../../../build/staticlib/stm32f1/debug/libstm32f103xb.a(stm32f1xx_hal_i2c.c.o)
HAL_I2C_MemRxCpltCallback                         ../../../build/staticlib/stm32f1/debug/libstm32f103xb.a(stm32f1xx_hal_i2c.c.o)
HAL_I2C_MemTxCpltCallback                         ../../../build/staticlib/stm32f1/debug/libstm32f103xb.a(stm32f1xx_hal_i2c.c.o)
HAL_I2C_Mem_Read                                  ../../../build/staticlib/stm32f1/debug/libstm32f103xb.a(stm32f1xx_hal_i2c.c.o)
HAL_I2C_Mem_Read_DMA                              ../../../build/staticlib/stm32f1/debug/libstm32f103xb.a(stm32f1xx_hal_i2c.c.o)
HAL_I2C_Mem_Read_IT                               ../../../build/staticlib/stm32f1/debug/libstm32f103xb.a(stm32f1xx_hal_i2c.c.o)
HAL_I2C_Mem_Write                                 ../../../build/staticlib/stm32f1/debug/libstm32f103xb.a(stm32f1xx_hal_i2c.c.o)
HAL_I2C_Mem_Write_DMA                             ../../../build/staticlib/stm32f1/debug/libstm32f103xb.a(stm32f1xx_hal_i2c.c.o)
HAL_I2C_Mem_Write_IT                              ../../../build/staticlib/stm32f1/debug/libstm32f103xb.a(stm32f1xx_hal_i2c.c.o)
HAL_I2C_MspDeInit                                 ../../../build/staticlib/stm32f1/debug/libstm32f103xb.a(stm32f1xx_hal_i2c.c.o)
HAL_I2C_MspInit                                   ../../../build/staticlib/stm32f1/debug/libstm32f103xb.a(stm32f1xx_hal_i2c.c.o)
HAL_I2C_SlaveRxCpltCallback                       ../../../build/staticlib/stm32f1/debug/libstm32f103xb.a(stm32f1xx_hal_i2c.c.o)
HAL_I2C_SlaveTxCpltCallback                       ../../../build/staticlib/stm32f1/debug/libstm32f103xb.a(stm32f1xx_hal_i2c.c.o)
HAL_I2C_Slave_Receive                             ../../../build/staticlib/stm32f1/debug/libstm32f103xb.a(stm32f1xx_hal_i2c.c.o)
HAL_I2C_Slave_Receive_DMA                         ../../../build/staticlib/stm32f1/debug/libstm32f103xb.a(stm32f1xx_hal_i2c.c.o)
HAL_I2C_Slave_Receive_IT                          ../../../build/staticlib/stm32f1/debug/libstm32f103xb.a(stm32f1xx_hal_i2c.c.o)
HAL_I2C_Slave_Seq_Receive_DMA                     ../../../build/staticlib/stm32f1/debug/libstm32f103xb.a(stm32f1xx_hal_i2c.c.o)
HAL_I2C_Slave_Seq_Receive_IT                      ../../../build/staticlib/stm32f1/debug/libstm32f103xb.a(stm32f1xx_hal_i2c.c.o)
HAL_I2C_Slave_Seq_Transmit_DMA                    ../../../build/staticlib/stm32f1/debug/libstm32f103xb.a(stm32f1xx_hal_i2c.c.o)
HAL_I2C_Slave_Seq_Transmit_IT                     ../../../build/staticlib/stm32f1/debug/libstm32f103xb.a(stm32f1xx_hal_i2c.c.o)
HAL_I2C_Slave_Transmit                            ../../../build/staticlib/stm32f1/debug/libstm32f103xb.a(stm32f1xx_hal_i2c.c.o)
HAL_I2C_Slave_Transmit_DMA                        ../../../build/staticlib/stm32f1/debug/libstm32f103xb.a(stm32f1xx_hal_i2c.c.o)
HAL_I2C_Slave_Transmit_IT                         ../../../build/staticlib/stm32f1/debug/libstm32f103xb.a(stm32f1xx_hal_i2c.c.o)
HAL_IncTick                                       ../../../build/staticlib/stm32f1/debug/libstm32f103xb.a(stm32f1xx_hal.c.o)
HAL_Init                                          ../../../build/staticlib/stm32f1/debug/libstm32f103xb.a(stm32f1xx_hal.c.o)
HAL_InitTick                                      ../../../build/staticlib/stm32f1/debug/libstm32f103xb.a(stm32f1xx_hal.c.o)
                                                  ../../../build/staticlib/stm32f1/debug/libstm32f103xb.a(stm32f1xx_hal_rcc.c.o)
HAL_MspDeInit                                     ../../../build/staticlib/stm32f1/debug/libstm32f103xb.a(stm32f1xx_hal.c.o)
HAL_MspInit                                       ../../../build/staticlib/stm32f1/debug/libstm32f103xb.a(stm32f1xx_hal.c.o)
HAL_NVIC_ClearPendingIRQ                          ../../../build/staticlib/stm32f1/debug/libstm32f103xb.a(stm32f1xx_hal_cortex.c.o)
HAL_NVIC_DisableIRQ                               ../../../build/staticlib/stm32f1/debug/libstm32f103xb.a(stm32f1xx_hal_cortex.c.o)
HAL_NVIC_EnableIRQ                                ../../../build/staticlib/stm32f1/debug/libstm32f103xb.a(stm32f1xx_hal_cortex.c.o)
HAL_NVIC_GetActive                                ../../../build/staticlib/stm32f1/debug/libstm32f103xb.a(stm32f1xx_hal_cortex.c.o)
HAL_NVIC_GetPendingIRQ                            ../../../build/staticlib/stm32f1/debug/libstm32f103xb.a(stm32f1xx_hal_cortex.c.o)
HAL_NVIC_GetPriority                              ../../../build/staticlib/stm32f1/debug/libstm32f103xb.a(stm32f1xx_hal_cortex.c.o)
HAL_NVIC_GetPriorityGrouping                      ../../../build/staticlib/stm32f1/debug/libstm32f103xb.a(stm32f1xx_hal_cortex.c.o)
HAL_NVIC_SetPendingIRQ                            ../../../build/staticlib/stm32f1/debug/libstm32f103xb.a(stm32f1xx_hal_cortex.c.o)
HAL_NVIC_SetPriority                              ../../../build/staticlib/stm32f1/debug/libstm32f103xb.a(stm32f1xx_hal_cortex.c.o)
                                                  ../../../build/staticlib/stm32f1/debug/libstm32f103xb.a(stm32f1xx_hal.c.o)
HAL_NVIC_SetPriorityGrouping                      ../../../build/staticlib/stm32f1/debug/libstm32f103xb.a(stm32f1xx_hal_cortex.c.o)
                                                  ../../../build/staticlib/stm32f1/debug/libstm32f103xb.a(stm32f1xx_hal.c.o)
HAL_NVIC_SystemReset                              ../../../build/staticlib/stm32f1/debug/libstm32f103xb.a(stm32f1xx_hal_cortex.c.o)
HAL_RCCEx_GetPeriphCLKConfig                      ../../../build/staticlib/stm32f1/debug/libstm32f103xb.a(stm32f1xx_hal_rcc_ex.c.o)
HAL_RCCEx_GetPeriphCLKFreq                        ../../../build/staticlib/stm32f1/debug/libstm32f103xb.a(stm32f1xx_hal_rcc_ex.c.o)
HAL_RCCEx_PeriphCLKConfig                         ../../../build/staticlib/stm32f1/debug/libstm32f103xb.a(stm32f1xx_hal_rcc_ex.c.o)
                                                  debug/stm32f103xb/build/clocksetup.c.o
HAL_RCC_CSSCallback                               ../../../build/staticlib/stm32f1/debug/libstm32f103xb.a(stm32f1xx_hal_rcc.c.o)
HAL_RCC_ClockConfig                               ../../../build/staticlib/stm32f1/debug/libstm32f103xb.a(stm32f1xx_hal_rcc.c.o)
                                                  debug/stm32f103xb/build/clocksetup.c.o
HAL_RCC_DeInit                                    ../../../build/staticlib/stm32f1/debug/libstm32f103xb.a(stm32f1xx_hal_rcc.c.o)
HAL_RCC_DisableCSS                                ../../../build/staticlib/stm32f1/debug/libstm32f103xb.a(stm32f1xx_hal_rcc.c.o)
HAL_RCC_EnableCSS                                 ../../../build/staticlib/stm32f1/debug/libstm32f103xb.a(stm32f1xx_hal_rcc.c.o)
HAL_RCC_GetClockConfig                            ../../../build/staticlib/stm32f1/debug/libstm32f103xb.a(stm32f1xx_hal_rcc.c.o)
HAL_RCC_GetHCLKFreq                               ../../../build/staticlib/stm32f1/debug/libstm32f103xb.a(stm32f1xx_hal_rcc.c.o)
HAL_RCC_GetOscConfig                              ../../../build/staticlib/stm32f1/debug/libstm32f103xb.a(stm32f1xx_hal_rcc.c.o)
HAL_RCC_GetPCLK1Freq                              ../../../build/staticlib/stm32f1/debug/libstm32f103xb.a(stm32f1xx_hal_rcc.c.o)
                                                  ../../../build/staticlib/stm32f1/debug/libstm32f103xb.a(stm32f1xx_hal_i2c.c.o)
                                                  debug/stm32f103xb/build/bshal_spim_stm32f1.c.o
HAL_RCC_GetPCLK2Freq                              ../../../build/staticlib/stm32f1/debug/libstm32f103xb.a(stm32f1xx_hal_rcc.c.o)
                                                  ../../../build/staticlib/stm32f1/debug/libstm32f103xb.a(stm32f1xx_hal_rcc_ex.c.o)
                                                  debug/stm32f103xb/build/bshal_spim_stm32f1.c.o
HAL_RCC_GetSysClockFreq                           ../../../build/staticlib/stm32f1/debug/libstm32f103xb.a(stm32f1xx_hal_rcc.c.o)
HAL_RCC_MCOConfig                                 ../../../build/staticlib/stm32f1/debug/libstm32f103xb.a(stm32f1xx_hal_rcc.c.o)
HAL_RCC_NMI_IRQHandler                            ../../../build/staticlib/stm32f1/debug/libstm32f103xb.a(stm32f1xx_hal_rcc.c.o)
HAL_RCC_OscConfig                                 ../../../build/staticlib/stm32f1/debug/libstm32f103xb.a(stm32f1xx_hal_rcc.c.o)
                                                  debug/stm32f103xb/build/clocksetup.c.o
HAL_ResumeTick                                    ../../../build/staticlib/stm32f1/debug/libstm32f103xb.a(stm32f1xx_hal.c.o)
HAL_SPI_Abort                                     ../../../build/staticlib/stm32f1/debug/libstm32f103xb.a(stm32f1xx_hal_spi.c.o)
HAL_SPI_AbortCpltCallback                         ../../../build/staticlib/stm32f1/debug/libstm32f103xb.a(stm32f1xx_hal_spi.c.o)
HAL_SPI_Abort_IT                                  ../../../build/staticlib/stm32f1/debug/libstm32f103xb.a(stm32f1xx_hal_spi.c.o)
HAL_SPI_DMAPause                                  ../../../build/staticlib/stm32f1/debug/libstm32f103xb.a(stm32f1xx_hal_spi.c.o)
HAL_SPI_DMAResume                                 ../../../build/staticlib/stm32f1/debug/libstm32f103xb.a(stm32f1xx_hal_spi.c.o)
HAL_SPI_DMAStop                                   ../../../build/staticlib/stm32f1/debug/libstm32f103xb.a(stm32f1xx_hal_spi.c.o)
HAL_SPI_DeInit                                    ../../../build/staticlib/stm32f1/debug/libstm32f103xb.a(stm32f1xx_hal_spi.c.o)
HAL_SPI_ErrorCallback                             ../../../build/staticlib/stm32f1/debug/libstm32f103xb.a(stm32f1xx_hal_spi.c.o)
HAL_SPI_GetError                                  ../../../build/staticlib/stm32f1/debug/libstm32f103xb.a(stm32f1xx_hal_spi.c.o)
HAL_SPI_GetState                                  ../../../build/staticlib/stm32f1/debug/libstm32f103xb.a(stm32f1xx_hal_spi.c.o)
HAL_SPI_IRQHandler                                ../../../build/staticlib/stm32f1/debug/libstm32f103xb.a(stm32f1xx_hal_spi.c.o)
HAL_SPI_Init                                      ../../../build/staticlib/stm32f1/debug/libstm32f103xb.a(stm32f1xx_hal_spi.c.o)
                                                  debug/stm32f103xb/build/bshal_spim_stm32f1.c.o
HAL_SPI_MspDeInit                                 ../../../build/staticlib/stm32f1/debug/libstm32f103xb.a(stm32f1xx_hal_spi.c.o)
HAL_SPI_MspInit                                   ../../../build/staticlib/stm32f1/debug/libstm32f103xb.a(stm32f1xx_hal_spi.c.o)
HAL_SPI_Receive                                   ../../../build/staticlib/stm32f1/debug/libstm32f103xb.a(stm32f1xx_hal_spi.c.o)
                                                  debug/stm32f103xb/build/bshal_spim_stm32f1.c.o
HAL_SPI_Receive_DMA                               ../../../build/staticlib/stm32f1/debug/libstm32f103xb.a(stm32f1xx_hal_spi.c.o)
HAL_SPI_Receive_IT                                ../../../build/staticlib/stm32f1/debug/libstm32f103xb.a(stm32f1xx_hal_spi.c.o)
HAL_SPI_RxCpltCallback                            ../../../build/staticlib/stm32f1/debug/libstm32f103xb.a(stm32f1xx_hal_spi.c.o)